WARNING: A restricted method in java.lang.System has been called
WARNING: java.lang.System::load has been called by org.fusesource.jansi.internal.JansiLoader in an unnamed module (file:/Users/kritgunsingh0719gmail.com/.m2/wrapper/dists/apache-maven-3.8.4-bin/52ccbt68d252mdldqsfsn03jlf/apache-maven-3.8.4/lib/jansi-2.4.0.jar)
WARNING: Use --enable-native-access=ALL-UNNAMED to avoid a warning for callers in this module
WARNING: Restricted methods will be blocked in a future release unless native access is enabled

WARNING: A terminally deprecated method in sun.misc.Unsafe has been called
WARNING: sun.misc.Unsafe::objectFieldOffset has been called by com.google.common.util.concurrent.AbstractFuture$UnsafeAtomicHelper (file:/Users/kritgunsingh0719gmail.com/.m2/wrapper/dists/apache-maven-3.8.4-bin/52ccbt68d252mdldqsfsn03jlf/apache-maven-3.8.4/lib/guava-25.1-android.jar)
WARNING: Please consider reporting this to the maintainers of class com.google.common.util.concurrent.AbstractFuture$UnsafeAtomicHelper
WARNING: sun.misc.Unsafe::objectFieldOffset will be removed in a future release
[INFO] Scanning for projects...
[INFO] 
[INFO] ------------------------< com.jpmc:midas-core >-------------------------
[INFO] Building midas-core 1.0.0
[INFO] --------------------------------[ jar ]---------------------------------
[INFO] 
[INFO] --- maven-resources-plugin:3.3.1:resources (default-resources) @ midas-core ---
[INFO] Copying 1 resource from src/main/resources to target/classes
[INFO] Copying 0 resource from src/main/resources to target/classes
[INFO] 
[INFO] --- maven-compiler-plugin:3.11.0:compile (default-compile) @ midas-core ---
[INFO] Nothing to compile - all classes are up to date
[INFO] 
[INFO] --- maven-resources-plugin:3.3.1:testResources (default-testResources) @ midas-core ---
[INFO] Copying 6 resources from src/test/resources to target/test-classes
[INFO] 
[INFO] --- maven-compiler-plugin:3.11.0:testCompile (default-testCompile) @ midas-core ---
[INFO] Nothing to compile - all classes are up to date
[INFO] 
[INFO] --- maven-surefire-plugin:3.1.2:test (default-test) @ midas-core ---
[INFO] Using auto detected provider org.apache.maven.surefire.junitplatform.JUnitPlatformProvider
[INFO] 
[INFO] -------------------------------------------------------
[INFO]  T E S T S
[INFO] -------------------------------------------------------
[INFO] Running com.jpmc.midascore.TaskFiveTests
12:44:34.559 [main] INFO org.springframework.test.context.support.AnnotationConfigContextLoaderUtils -- Could not detect default configuration classes for test class [com.jpmc.midascore.TaskFiveTests]: TaskFiveTests does not declare any static, non-private, non-final, nested classes annotated with @Configuration.
12:44:34.634 [main] INFO org.springframework.boot.test.context.SpringBootTestContextBootstrapper -- Found @SpringBootConfiguration com.jpmc.midascore.MidasCoreApplication for test class com.jpmc.midascore.TaskFiveTests

  .   ____          _            __ _ _
 /\\ / ___'_ __ _ _(_)_ __  __ _ \ \ \ \
( ( )\___ | '_ | '_| | '_ \/ _` | \ \ \ \
 \\/  ___)| |_)| | | | | || (_| |  ) ) ) )
  '  |____| .__|_| |_|_| |_\__, | / / / /
 =========|_|==============|___/=/_/_/_/
 :: Spring Boot ::                (v3.2.5)

2025-10-02T12:44:35.266+05:30  INFO 49057 --- [           main] k.utils.Log4jControllerRegistration$     : Registered kafka:type=kafka.Log4jController MBean
2025-10-02T12:44:35.289+05:30  INFO 49057 --- [           main] org.apache.zookeeper.common.X509Util     : Setting -D jdk.tls.rejectClientInitiatedRenegotiation=true to disable client-initiated TLS renegotiation
2025-10-02T12:44:35.389+05:30  INFO 49057 --- [-kit-executor-1] kafka.server.ControllerServer            : Formatting /var/folders/g5/z556000x0kg3hmqbv7wxy2x80000gn/T/kafka-11460716512928434602/controller_0 with metadata.version 3.3-IV0.
2025-10-02T12:44:35.391+05:30  INFO 49057 --- [-kit-executor-3] kafka.server.BrokerServer                : [BrokerServer id=0] Transition from SHUTDOWN to STARTING
2025-10-02T12:44:35.391+05:30  INFO 49057 --- [-kit-executor-2] kafka.server.ControllerServer            : [ControllerServer id=0] Starting controller
2025-10-02T12:44:35.392+05:30  INFO 49057 --- [-kit-executor-3] kafka.server.SharedServer                : [SharedServer id=0] Starting SharedServer
2025-10-02T12:44:35.491+05:30  INFO 49057 --- [-kit-executor-3] kafka.log.UnifiedLog$                    : [LogLoader partition=__cluster_metadata-0, dir=/var/folders/g5/z556000x0kg3hmqbv7wxy2x80000gn/T/kafka-11460716512928434602/controller_0] Loading producer state till offset 0 with message format version 2
2025-10-02T12:44:35.491+05:30  INFO 49057 --- [-kit-executor-3] kafka.log.UnifiedLog$                    : [LogLoader partition=__cluster_metadata-0, dir=/var/folders/g5/z556000x0kg3hmqbv7wxy2x80000gn/T/kafka-11460716512928434602/controller_0] Reloading from producer snapshot and rebuilding producer state from offset 0
2025-10-02T12:44:35.491+05:30  INFO 49057 --- [-kit-executor-3] kafka.log.UnifiedLog$                    : [LogLoader partition=__cluster_metadata-0, dir=/var/folders/g5/z556000x0kg3hmqbv7wxy2x80000gn/T/kafka-11460716512928434602/controller_0] Producer state recovery took 0ms for snapshot load and 0ms for segment recovery from offset 0
2025-10-02T12:44:35.528+05:30  INFO 49057 --- [-kit-executor-3] kafka.raft.KafkaMetadataLog$             : Initialized snapshots with IDs SortedSet() from /var/folders/g5/z556000x0kg3hmqbv7wxy2x80000gn/T/kafka-11460716512928434602/controller_0/__cluster_metadata-0
2025-10-02T12:44:35.565+05:30  INFO 49057 --- [piration-reaper] ExpirationService$ExpiredOperationReaper : [raft-expiration-reaper]: Starting
2025-10-02T12:44:35.694+05:30  INFO 49057 --- [-kit-executor-2] kafka.network.ConnectionQuotas           : Updated connection-accept-rate max connection creation rate to 2147483647
2025-10-02T12:44:35.712+05:30  INFO 49057 --- [-kit-executor-2] kafka.network.DataPlaneAcceptor          : Awaiting socket connections on localhost:57957.
2025-10-02T12:44:35.712+05:30  INFO 49057 --- [-kit-executor-2] kafka.network.DataPlaneAcceptor          : Opened wildcard endpoint localhost:57957
2025-10-02T12:44:35.725+05:30  INFO 49057 --- [-kit-executor-2] kafka.network.SocketServer               : [SocketServer listenerType=CONTROLLER, nodeId=0] Created data-plane acceptor and processors for endpoint : ListenerName(CONTROLLER)
2025-10-02T12:44:35.727+05:30  INFO 49057 --- [-raft-io-thread] k.raft.KafkaRaftManager$RaftIoThread     : [kafka-0-raft-io-thread]: Starting
2025-10-02T12:44:35.727+05:30  INFO 49057 --- [-request-thread] kafka.raft.RaftSendThread                : [kafka-0-raft-outbound-request-thread]: Starting
2025-10-02T12:44:35.744+05:30  INFO 49057 --- [-kit-executor-3] kafka.server.BrokerServer                : [BrokerServer id=0] Starting broker
2025-10-02T12:44:35.745+05:30  INFO 49057 --- [-kit-executor-2] kafka.server.ControllerServer            : [ControllerServer id=0] Waiting for controller quorum voters future
2025-10-02T12:44:35.745+05:30  INFO 49057 --- [-kit-executor-2] kafka.server.ControllerServer            : [ControllerServer id=0] Finished waiting for controller quorum voters future
2025-10-02T12:44:35.756+05:30  INFO 49057 --- [nelReaper-Fetch] lientQuotaManager$ThrottledChannelReaper : [broker-0-ThrottledChannelReaper-Fetch]: Starting
2025-10-02T12:44:35.756+05:30  INFO 49057 --- [lReaper-Produce] lientQuotaManager$ThrottledChannelReaper : [broker-0-ThrottledChannelReaper-Produce]: Starting
2025-10-02T12:44:35.757+05:30  INFO 49057 --- [lReaper-Request] lientQuotaManager$ThrottledChannelReaper : [broker-0-ThrottledChannelReaper-Request]: Starting
2025-10-02T12:44:35.759+05:30  INFO 49057 --- [trollerMutation] lientQuotaManager$ThrottledChannelReaper : [broker-0-ThrottledChannelReaper-ControllerMutation]: Starting
2025-10-02T12:44:35.771+05:30  INFO 49057 --- [lReaper-Produce] lientQuotaManager$ThrottledChannelReaper : [controller-0-ThrottledChannelReaper-Produce]: Starting
2025-10-02T12:44:35.771+05:30  INFO 49057 --- [nelReaper-Fetch] lientQuotaManager$ThrottledChannelReaper : [controller-0-ThrottledChannelReaper-Fetch]: Starting
2025-10-02T12:44:35.771+05:30  INFO 49057 --- [-kit-executor-3] kafka.log.LogManager                     : Log directory /var/folders/g5/z556000x0kg3hmqbv7wxy2x80000gn/T/kafka-11460716512928434602/broker_0_data0 not found, creating it.
2025-10-02T12:44:35.771+05:30  INFO 49057 --- [lReaper-Request] lientQuotaManager$ThrottledChannelReaper : [controller-0-ThrottledChannelReaper-Request]: Starting
2025-10-02T12:44:35.771+05:30  INFO 49057 --- [trollerMutation] lientQuotaManager$ThrottledChannelReaper : [controller-0-ThrottledChannelReaper-ControllerMutation]: Starting
2025-10-02T12:44:35.777+05:30  WARN 49057 --- [0-event-handler] o.a.kafka.controller.QuorumController    : [QuorumController id=0] Performing controller activation. The metadata log appears to be empty. Appending 1 bootstrap record(s) in metadata transaction at metadata.version 3.6-IV2 from bootstrap source 'testkit'. Setting the ZK migration state to NONE since this is a de-novo KRaft cluster.
2025-10-02T12:44:35.781+05:30  INFO 49057 --- [-kit-executor-3] kafka.server.BrokerServer                : [BrokerServer id=0] Waiting for controller quorum voters future
2025-10-02T12:44:35.781+05:30  INFO 49057 --- [-kit-executor-3] kafka.server.BrokerServer                : [BrokerServer id=0] Finished waiting for controller quorum voters future
2025-10-02T12:44:35.783+05:30  INFO 49057 --- [per-0-AlterAcls] perationPurgatory$ExpiredOperationReaper : [ExpirationReaper-0-AlterAcls]: Starting
2025-10-02T12:44:35.787+05:30  INFO 49057 --- [channel-manager] k.s.BrokerToControllerRequestThread      : [broker-0-to-controller-forwarding-channel-manager]: Starting
2025-10-02T12:44:35.788+05:30  INFO 49057 --- [channel-manager] k.s.BrokerToControllerRequestThread      : [broker-0-to-controller-forwarding-channel-manager]: Recorded new controller, from now on will use node localhost:57957 (id: 0 rack: null)
2025-10-02T12:44:35.791+05:30  INFO 49057 --- [-kit-executor-2] kafka.server.ControllerServer            : [ControllerServer id=0] Waiting for the controller metadata publishers to be installed
2025-10-02T12:44:35.792+05:30  INFO 49057 --- [-kit-executor-2] kafka.server.ControllerServer            : [ControllerServer id=0] Finished waiting for the controller metadata publishers to be installed
2025-10-02T12:44:35.792+05:30  INFO 49057 --- [-kit-executor-2] kafka.network.SocketServer               : [SocketServer listenerType=CONTROLLER, nodeId=0] Enabling request processing.
2025-10-02T12:44:35.795+05:30  INFO 49057 --- [-kit-executor-2] kafka.server.ControllerServer            : [ControllerServer id=0] Waiting for all of the authorizer futures to be completed
2025-10-02T12:44:35.795+05:30  INFO 49057 --- [-kit-executor-2] kafka.server.ControllerServer            : [ControllerServer id=0] Finished waiting for all of the authorizer futures to be completed
2025-10-02T12:44:35.795+05:30  INFO 49057 --- [-kit-executor-2] kafka.server.ControllerServer            : [ControllerServer id=0] Waiting for all of the SocketServer Acceptors to be started
2025-10-02T12:44:35.795+05:30  INFO 49057 --- [-kit-executor-2] kafka.server.ControllerServer            : [ControllerServer id=0] Finished waiting for all of the SocketServer Acceptors to be started
2025-10-02T12:44:35.806+05:30  INFO 49057 --- [-kit-executor-3] kafka.network.ConnectionQuotas           : Updated connection-accept-rate max connection creation rate to 2147483647
2025-10-02T12:44:35.806+05:30  INFO 49057 --- [-kit-executor-3] kafka.network.DataPlaneAcceptor          : Awaiting socket connections on localhost:57958.
2025-10-02T12:44:35.806+05:30  INFO 49057 --- [-kit-executor-3] kafka.network.DataPlaneAcceptor          : Opened wildcard endpoint localhost:57958
2025-10-02T12:44:35.809+05:30  INFO 49057 --- [-kit-executor-3] kafka.network.SocketServer               : [SocketServer listenerType=BROKER, nodeId=0] Created data-plane acceptor and processors for endpoint : ListenerName(EXTERNAL)
2025-10-02T12:44:35.813+05:30  INFO 49057 --- [channel-manager] k.s.BrokerToControllerRequestThread      : [broker-0-to-controller-alter-partition-channel-manager]: Starting
2025-10-02T12:44:35.813+05:30  INFO 49057 --- [channel-manager] k.s.BrokerToControllerRequestThread      : [broker-0-to-controller-alter-partition-channel-manager]: Recorded new controller, from now on will use node localhost:57957 (id: 0 rack: null)
2025-10-02T12:44:35.827+05:30  INFO 49057 --- [eaper-0-Produce] perationPurgatory$ExpiredOperationReaper : [ExpirationReaper-0-Produce]: Starting
2025-10-02T12:44:35.828+05:30  INFO 49057 --- [nReaper-0-Fetch] perationPurgatory$ExpiredOperationReaper : [ExpirationReaper-0-Fetch]: Starting
2025-10-02T12:44:35.828+05:30  INFO 49057 --- [0-DeleteRecords] perationPurgatory$ExpiredOperationReaper : [ExpirationReaper-0-DeleteRecords]: Starting
2025-10-02T12:44:35.828+05:30  INFO 49057 --- [r-0-ElectLeader] perationPurgatory$ExpiredOperationReaper : [ExpirationReaper-0-ElectLeader]: Starting
2025-10-02T12:44:35.829+05:30  INFO 49057 --- [r-0-RemoteFetch] perationPurgatory$ExpiredOperationReaper : [ExpirationReaper-0-RemoteFetch]: Starting
2025-10-02T12:44:35.847+05:30  INFO 49057 --- [per-0-Heartbeat] perationPurgatory$ExpiredOperationReaper : [ExpirationReaper-0-Heartbeat]: Starting
2025-10-02T12:44:35.847+05:30  INFO 49057 --- [per-0-Rebalance] perationPurgatory$ExpiredOperationReaper : [ExpirationReaper-0-Rebalance]: Starting
2025-10-02T12:44:35.878+05:30  INFO 49057 --- [channel-manager] k.s.BrokerToControllerRequestThread      : [broker-0-to-controller-heartbeat-channel-manager]: Starting
2025-10-02T12:44:35.878+05:30  INFO 49057 --- [channel-manager] k.s.BrokerToControllerRequestThread      : [broker-0-to-controller-heartbeat-channel-manager]: Recorded new controller, from now on will use node localhost:57957 (id: 0 rack: null)
2025-10-02T12:44:35.883+05:30  INFO 49057 --- [r-event-handler] kafka.server.BrokerLifecycleManager      : [BrokerLifecycleManager id=0] Incarnation 1MfpLClSQYm52DxzLwPSXg of broker 0 in cluster wZPV6JkuSWmBbmt2_nDwuA is now STARTING.
2025-10-02T12:44:35.901+05:30  INFO 49057 --- [per-0-AlterAcls] perationPurgatory$ExpiredOperationReaper : [ExpirationReaper-0-AlterAcls]: Starting
2025-10-02T12:44:35.922+05:30  INFO 49057 --- [-kit-executor-3] kafka.server.BrokerServer                : [BrokerServer id=0] Waiting for the broker metadata publishers to be installed
2025-10-02T12:44:35.922+05:30  INFO 49057 --- [-kit-executor-3] kafka.server.BrokerServer                : [BrokerServer id=0] Finished waiting for the broker metadata publishers to be installed
2025-10-02T12:44:35.922+05:30  INFO 49057 --- [-kit-executor-3] kafka.server.BrokerServer                : [BrokerServer id=0] Waiting for the controller to acknowledge that we are caught up
2025-10-02T12:44:35.923+05:30  INFO 49057 --- [r-event-handler] k.s.metadata.BrokerMetadataPublisher     : [BrokerMetadataPublisher id=0] Publishing initial metadata at offset OffsetAndEpoch(offset=4, epoch=1) with metadata.version 3.6-IV2.
2025-10-02T12:44:35.924+05:30  INFO 49057 --- [r-event-handler] kafka.log.LogManager                     : Loading logs from log dirs ArraySeq(/var/folders/g5/z556000x0kg3hmqbv7wxy2x80000gn/T/kafka-11460716512928434602/broker_0_data0)
2025-10-02T12:44:35.927+05:30  INFO 49057 --- [r-event-handler] kafka.log.LogManager                     : No logs found to be loaded in /var/folders/g5/z556000x0kg3hmqbv7wxy2x80000gn/T/kafka-11460716512928434602/broker_0_data0
2025-10-02T12:44:35.933+05:30  INFO 49057 --- [r-event-handler] kafka.log.LogManager                     : Loaded 0 logs in 9ms
2025-10-02T12:44:35.933+05:30  INFO 49057 --- [r-event-handler] kafka.log.LogManager                     : Starting log cleanup with a period of 300000 ms.
2025-10-02T12:44:35.934+05:30  INFO 49057 --- [r-event-handler] kafka.log.LogManager                     : Starting log flusher with a default period of 9223372036854775807 ms.
2025-10-02T12:44:35.944+05:30  INFO 49057 --- [r-event-handler] kafka.log.LogCleaner                     : Starting the log cleaner
2025-10-02T12:44:35.948+05:30  INFO 49057 --- [leaner-thread-0] kafka.log.LogCleaner$CleanerThread       : [kafka-log-cleaner-thread-0]: Starting
2025-10-02T12:44:35.950+05:30  INFO 49057 --- [rFailureHandler] k.s.ReplicaManager$LogDirFailureHandler  : [LogDirFailureHandler]: Starting
2025-10-02T12:44:35.950+05:30  INFO 49057 --- [nSenderThread-0] kafka.server.AddPartitionsToTxnManager   : [AddPartitionsToTxnSenderThread-0]: Starting
2025-10-02T12:44:35.951+05:30  INFO 49057 --- [r-event-handler] k.coordinator.group.GroupCoordinator     : [GroupCoordinator 0]: Starting up.
2025-10-02T12:44:35.953+05:30  INFO 49057 --- [r-event-handler] k.coordinator.group.GroupCoordinator     : [GroupCoordinator 0]: Startup complete.
2025-10-02T12:44:35.954+05:30  INFO 49057 --- [r-event-handler] k.c.transaction.TransactionCoordinator   : [TransactionCoordinator id=0] Starting up.
2025-10-02T12:44:35.955+05:30  INFO 49057 --- [rSenderThread-0] k.c.t.TransactionMarkerChannelManager    : [TxnMarkerSenderThread-0]: Starting
2025-10-02T12:44:35.955+05:30  INFO 49057 --- [r-event-handler] k.c.transaction.TransactionCoordinator   : [TransactionCoordinator id=0] Startup complete.
2025-10-02T12:44:35.956+05:30  INFO 49057 --- [r-event-handler] k.s.metadata.BrokerMetadataPublisher     : [BrokerMetadataPublisher id=0] Updating metadata.version to 14 at offset OffsetAndEpoch(offset=4, epoch=1).
2025-10-02T12:44:35.972+05:30  INFO 49057 --- [channel-manager] kafka.server.BrokerLifecycleManager      : [BrokerLifecycleManager id=0] Successfully registered broker 0 with broker epoch 5
2025-10-02T12:44:35.978+05:30  INFO 49057 --- [channel-manager] kafka.server.BrokerLifecycleManager      : [BrokerLifecycleManager id=0] The broker has caught up. Transitioning from STARTING to RECOVERY.
2025-10-02T12:44:35.978+05:30  INFO 49057 --- [-kit-executor-3] kafka.server.BrokerServer                : [BrokerServer id=0] Finished waiting for the controller to acknowledge that we are caught up
2025-10-02T12:44:35.978+05:30  INFO 49057 --- [-kit-executor-3] kafka.server.BrokerServer                : [BrokerServer id=0] Waiting for the initial broker metadata update to be published
2025-10-02T12:44:35.978+05:30  INFO 49057 --- [-kit-executor-3] kafka.server.BrokerServer                : [BrokerServer id=0] Finished waiting for the initial broker metadata update to be published
2025-10-02T12:44:35.979+05:30  INFO 49057 --- [-kit-executor-3] kafka.server.KafkaConfig                 : KafkaConfig values: 
	advertised.listeners = null
	alter.config.policy.class.name = null
	alter.log.dirs.replication.quota.window.num = 11
	alter.log.dirs.replication.quota.window.size.seconds = 1
	authorizer.class.name = 
	auto.create.topics.enable = true
	auto.include.jmx.reporter = true
	auto.leader.rebalance.enable = true
	background.threads = 10
	broker.heartbeat.interval.ms = 2000
	broker.id = 0
	broker.id.generation.enable = true
	broker.rack = null
	broker.session.timeout.ms = 9000
	client.quota.callback.class = null
	compression.type = producer
	connection.failed.authentication.delay.ms = 100
	connections.max.idle.ms = 600000
	connections.max.reauth.ms = 0
	control.plane.listener.name = null
	controlled.shutdown.enable = true
	controlled.shutdown.max.retries = 3
	controlled.shutdown.retry.backoff.ms = 5000
	controller.listener.names = CONTROLLER
	controller.quorum.append.linger.ms = 25
	controller.quorum.election.backoff.max.ms = 1000
	controller.quorum.election.timeout.ms = 1000
	controller.quorum.fetch.timeout.ms = 2000
	controller.quorum.request.timeout.ms = 2000
	controller.quorum.retry.backoff.ms = 20
	controller.quorum.voters = [0@0.0.0.0:0]
	controller.quota.window.num = 11
	controller.quota.window.size.seconds = 1
	controller.socket.timeout.ms = 30000
	create.topic.policy.class.name = null
	default.replication.factor = 1
	delegation.token.expiry.check.interval.ms = 3600000
	delegation.token.expiry.time.ms = 86400000
	delegation.token.master.key = null
	delegation.token.max.lifetime.ms = 604800000
	delegation.token.secret.key = null
	delete.records.purgatory.purge.interval.requests = 1
	delete.topic.enable = true
	early.start.listeners = null
	fetch.max.bytes = 57671680
	fetch.purgatory.purge.interval.requests = 1000
	group.consumer.assignors = [org.apache.kafka.coordinator.group.assignor.RangeAssignor]
	group.consumer.heartbeat.interval.ms = 5000
	group.consumer.max.heartbeat.interval.ms = 15000
	group.consumer.max.session.timeout.ms = 60000
	group.consumer.max.size = 2147483647
	group.consumer.min.heartbeat.interval.ms = 5000
	group.consumer.min.session.timeout.ms = 45000
	group.consumer.session.timeout.ms = 45000
	group.coordinator.new.enable = false
	group.coordinator.threads = 1
	group.initial.rebalance.delay.ms = 0
	group.max.session.timeout.ms = 1800000
	group.max.size = 2147483647
	group.min.session.timeout.ms = 6000
	initial.broker.registration.timeout.ms = 60000
	inter.broker.listener.name = EXTERNAL
	inter.broker.protocol.version = 3.6-IV2
	kafka.metrics.polling.interval.secs = 10
	kafka.metrics.reporters = []
	leader.imbalance.check.interval.seconds = 300
	leader.imbalance.per.broker.percentage = 10
	listener.security.protocol.map = EXTERNAL:PLAINTEXT,CONTROLLER:PLAINTEXT
	listeners = EXTERNAL://localhost:0,CONTROLLER://localhost:0
	log.cleaner.backoff.ms = 15000
	log.cleaner.dedupe.buffer.size = 2097152
	log.cleaner.delete.retention.ms = 86400000
	log.cleaner.enable = true
	log.cleaner.io.buffer.load.factor = 0.9
	log.cleaner.io.buffer.size = 524288
	log.cleaner.io.max.bytes.per.second = 1.7976931348623157E308
	log.cleaner.max.compaction.lag.ms = 9223372036854775807
	log.cleaner.min.cleanable.ratio = 0.5
	log.cleaner.min.compaction.lag.ms = 0
	log.cleaner.threads = 1
	log.cleanup.policy = [delete]
	log.dir = /tmp/kafka-logs
	log.dirs = /var/folders/g5/z556000x0kg3hmqbv7wxy2x80000gn/T/kafka-11460716512928434602/broker_0_data0
	log.flush.interval.messages = 9223372036854775807
	log.flush.interval.ms = null
	log.flush.offset.checkpoint.interval.ms = 60000
	log.flush.scheduler.interval.ms = 9223372036854775807
	log.flush.start.offset.checkpoint.interval.ms = 60000
	log.index.interval.bytes = 4096
	log.index.size.max.bytes = 10485760
	log.local.retention.bytes = -2
	log.local.retention.ms = -2
	log.message.downconversion.enable = true
	log.message.format.version = 3.0-IV1
	log.message.timestamp.after.max.ms = 9223372036854775807
	log.message.timestamp.before.max.ms = 9223372036854775807
	log.message.timestamp.difference.max.ms = 9223372036854775807
	log.message.timestamp.type = CreateTime
	log.preallocate = false
	log.retention.bytes = -1
	log.retention.check.interval.ms = 300000
	log.retention.hours = 168
	log.retention.minutes = null
	log.retention.ms = null
	log.roll.hours = 168
	log.roll.jitter.hours = 0
	log.roll.jitter.ms = null
	log.roll.ms = null
	log.segment.bytes = 1073741824
	log.segment.delete.delay.ms = 60000
	max.connection.creation.rate = 2147483647
	max.connections = 2147483647
	max.connections.per.ip = 2147483647
	max.connections.per.ip.overrides = 
	max.incremental.fetch.session.cache.slots = 1000
	message.max.bytes = 1048588
	metadata.log.dir = /var/folders/g5/z556000x0kg3hmqbv7wxy2x80000gn/T/kafka-11460716512928434602/controller_0
	metadata.log.max.record.bytes.between.snapshots = 20971520
	metadata.log.max.snapshot.interval.ms = 3600000
	metadata.log.segment.bytes = 1073741824
	metadata.log.segment.min.bytes = 8388608
	metadata.log.segment.ms = 604800000
	metadata.max.idle.interval.ms = 500
	metadata.max.retention.bytes = 104857600
	metadata.max.retention.ms = 604800000
	metric.reporters = []
	metrics.num.samples = 2
	metrics.recording.level = INFO
	metrics.sample.window.ms = 30000
	min.insync.replicas = 1
	node.id = 0
	num.io.threads = 8
	num.network.threads = 3
	num.partitions = 1
	num.recovery.threads.per.data.dir = 1
	num.replica.alter.log.dirs.threads = null
	num.replica.fetchers = 1
	offset.metadata.max.bytes = 4096
	offsets.commit.required.acks = -1
	offsets.commit.timeout.ms = 5000
	offsets.load.buffer.size = 5242880
	offsets.retention.check.interval.ms = 600000
	offsets.retention.minutes = 10080
	offsets.topic.compression.codec = 0
	offsets.topic.num.partitions = 50
	offsets.topic.replication.factor = 1
	offsets.topic.segment.bytes = 104857600
	password.encoder.cipher.algorithm = AES/CBC/PKCS5Padding
	password.encoder.iterations = 4096
	password.encoder.key.length = 128
	password.encoder.keyfactory.algorithm = null
	password.encoder.old.secret = null
	password.encoder.secret = null
	principal.builder.class = class org.apache.kafka.common.security.authenticator.DefaultKafkaPrincipalBuilder
	process.roles = [broker, controller]
	producer.id.expiration.check.interval.ms = 600000
	producer.id.expiration.ms = 86400000
	producer.purgatory.purge.interval.requests = 1000
	queued.max.request.bytes = -1
	queued.max.requests = 500
	quota.window.num = 11
	quota.window.size.seconds = 1
	remote.log.index.file.cache.total.size.bytes = 1073741824
	remote.log.manager.task.interval.ms = 30000
	remote.log.manager.task.retry.backoff.max.ms = 30000
	remote.log.manager.task.retry.backoff.ms = 500
	remote.log.manager.task.retry.jitter = 0.2
	remote.log.manager.thread.pool.size = 10
	remote.log.metadata.custom.metadata.max.bytes = 128
	remote.log.metadata.manager.class.name = org.apache.kafka.server.log.remote.metadata.storage.TopicBasedRemoteLogMetadataManager
	remote.log.metadata.manager.class.path = null
	remote.log.metadata.manager.impl.prefix = rlmm.config.
	remote.log.metadata.manager.listener.name = null
	remote.log.reader.max.pending.tasks = 100
	remote.log.reader.threads = 10
	remote.log.storage.manager.class.name = null
	remote.log.storage.manager.class.path = null
	remote.log.storage.manager.impl.prefix = rsm.config.
	remote.log.storage.system.enable = false
	replica.fetch.backoff.ms = 1000
	replica.fetch.max.bytes = 1048576
	replica.fetch.min.bytes = 1
	replica.fetch.response.max.bytes = 10485760
	replica.fetch.wait.max.ms = 500
	replica.high.watermark.checkpoint.interval.ms = 5000
	replica.lag.time.max.ms = 30000
	replica.selector.class = null
	replica.socket.receive.buffer.bytes = 65536
	replica.socket.timeout.ms = 30000
	replication.quota.window.num = 11
	replication.quota.window.size.seconds = 1
	request.timeout.ms = 30000
	reserved.broker.max.id = 1000
	sasl.client.callback.handler.class = null
	sasl.enabled.mechanisms = [GSSAPI]
	sasl.jaas.config = null
	sasl.kerberos.kinit.cmd = /usr/bin/kinit
	sasl.kerberos.min.time.before.relogin = 60000
	sasl.kerberos.principal.to.local.rules = [DEFAULT]
	sasl.kerberos.service.name = null
	sasl.kerberos.ticket.renew.jitter = 0.05
	sasl.kerberos.ticket.renew.window.factor = 0.8
	sasl.login.callback.handler.class = null
	sasl.login.class = null
	sasl.login.connect.timeout.ms = null
	sasl.login.read.timeout.ms = null
	sasl.login.refresh.buffer.seconds = 300
	sasl.login.refresh.min.period.seconds = 60
	sasl.login.refresh.window.factor = 0.8
	sasl.login.refresh.window.jitter = 0.05
	sasl.login.retry.backoff.max.ms = 10000
	sasl.login.retry.backoff.ms = 100
	sasl.mechanism.controller.protocol = GSSAPI
	sasl.mechanism.inter.broker.protocol = GSSAPI
	sasl.oauthbearer.clock.skew.seconds = 30
	sasl.oauthbearer.expected.audience = null
	sasl.oauthbearer.expected.issuer = null
	sasl.oauthbearer.jwks.endpoint.refresh.ms = 3600000
	sasl.oauthbearer.jwks.endpoint.retry.backoff.max.ms = 10000
	sasl.oauthbearer.jwks.endpoint.retry.backoff.ms = 100
	sasl.oauthbearer.jwks.endpoint.url = null
	sasl.oauthbearer.scope.claim.name = scope
	sasl.oauthbearer.sub.claim.name = sub
	sasl.oauthbearer.token.endpoint.url = null
	sasl.server.callback.handler.class = null
	sasl.server.max.receive.size = 524288
	security.inter.broker.protocol = PLAINTEXT
	security.providers = null
	server.max.startup.time.ms = 600000
	socket.connection.setup.timeout.max.ms = 30000
	socket.connection.setup.timeout.ms = 10000
	socket.listen.backlog.size = 50
	socket.receive.buffer.bytes = 102400
	socket.request.max.bytes = 104857600
	socket.send.buffer.bytes = 102400
	ssl.cipher.suites = []
	ssl.client.auth = none
	ssl.enabled.protocols = [TLSv1.2, TLSv1.3]
	ssl.endpoint.identification.algorithm = https
	ssl.engine.factory.class = null
	ssl.key.password = null
	ssl.keymanager.algorithm = SunX509
	ssl.keystore.certificate.chain = null
	ssl.keystore.key = null
	ssl.keystore.location = null
	ssl.keystore.password = null
	ssl.keystore.type = JKS
	ssl.principal.mapping.rules = DEFAULT
	ssl.protocol = TLSv1.3
	ssl.provider = null
	ssl.secure.random.implementation = null
	ssl.trustmanager.algorithm = PKIX
	ssl.truststore.certificates = null
	ssl.truststore.location = null
	ssl.truststore.password = null
	ssl.truststore.type = JKS
	transaction.abort.timed.out.transaction.cleanup.interval.ms = 10000
	transaction.max.timeout.ms = 900000
	transaction.partition.verification.enable = true
	transaction.remove.expired.transaction.cleanup.interval.ms = 3600000
	transaction.state.log.load.buffer.size = 5242880
	transaction.state.log.min.isr = 2
	transaction.state.log.num.partitions = 50
	transaction.state.log.replication.factor = 3
	transaction.state.log.segment.bytes = 104857600
	transactional.id.expiration.ms = 604800000
	unclean.leader.election.enable = false
	unstable.api.versions.enable = false
	zookeeper.clientCnxnSocket = null
	zookeeper.connect = null
	zookeeper.connection.timeout.ms = null
	zookeeper.max.in.flight.requests = 10
	zookeeper.metadata.migration.enable = false
	zookeeper.metadata.migration.min.batch.size = 200
	zookeeper.session.timeout.ms = 18000
	zookeeper.set.acl = false
	zookeeper.ssl.cipher.suites = null
	zookeeper.ssl.client.enable = false
	zookeeper.ssl.crl.enable = false
	zookeeper.ssl.enabled.protocols = null
	zookeeper.ssl.endpoint.identification.algorithm = HTTPS
	zookeeper.ssl.keystore.location = null
	zookeeper.ssl.keystore.password = null
	zookeeper.ssl.keystore.type = null
	zookeeper.ssl.ocsp.enable = false
	zookeeper.ssl.protocol = TLSv1.2
	zookeeper.ssl.truststore.location = null
	zookeeper.ssl.truststore.password = null
	zookeeper.ssl.truststore.type = null

2025-10-02T12:44:35.986+05:30  INFO 49057 --- [-kit-executor-3] kafka.server.BrokerServer                : [BrokerServer id=0] Waiting for the broker to be unfenced
2025-10-02T12:44:36.024+05:30  INFO 49057 --- [channel-manager] kafka.server.BrokerLifecycleManager      : [BrokerLifecycleManager id=0] The broker has been unfenced. Transitioning from RECOVERY to RUNNING.
2025-10-02T12:44:36.024+05:30  INFO 49057 --- [-kit-executor-3] kafka.server.BrokerServer                : [BrokerServer id=0] Finished waiting for the broker to be unfenced
2025-10-02T12:44:36.024+05:30  INFO 49057 --- [-kit-executor-3] kafka.network.SocketServer               : [SocketServer listenerType=BROKER, nodeId=0] Enabling request processing.
2025-10-02T12:44:36.025+05:30  INFO 49057 --- [-kit-executor-3] kafka.server.BrokerServer                : [BrokerServer id=0] Waiting for all of the authorizer futures to be completed
2025-10-02T12:44:36.025+05:30  INFO 49057 --- [-kit-executor-3] kafka.server.BrokerServer                : [BrokerServer id=0] Finished waiting for all of the authorizer futures to be completed
2025-10-02T12:44:36.025+05:30  INFO 49057 --- [-kit-executor-3] kafka.server.BrokerServer                : [BrokerServer id=0] Waiting for all of the SocketServer Acceptors to be started
2025-10-02T12:44:36.025+05:30  INFO 49057 --- [-kit-executor-3] kafka.server.BrokerServer                : [BrokerServer id=0] Finished waiting for all of the SocketServer Acceptors to be started
2025-10-02T12:44:36.025+05:30  INFO 49057 --- [-kit-executor-3] kafka.server.BrokerServer                : [BrokerServer id=0] Transition from STARTING to STARTED
2025-10-02T12:44:36.074+05:30  INFO 49057 --- [           main] com.jpmc.midascore.TaskFiveTests         : Starting TaskFiveTests using Java 25 with PID 49057 (started by kritgunsingh0719gmail.com in /Users/kritgunsingh0719gmail.com/forage-midas)
2025-10-02T12:44:36.075+05:30  INFO 49057 --- [           main] com.jpmc.midascore.TaskFiveTests         : No active profile set, falling back to 1 default profile: "default"
2025-10-02T12:44:36.626+05:30  INFO 49057 --- [           main] .s.d.r.c.RepositoryConfigurationDelegate : Bootstrapping Spring Data JPA repositories in DEFAULT mode.
2025-10-02T12:44:36.669+05:30  INFO 49057 --- [           main] .s.d.r.c.RepositoryConfigurationDelegate : Finished Spring Data repository scanning in 37 ms. Found 2 JPA repository interfaces.
WARNING: A restricted method in java.lang.System has been called
WARNING: java.lang.System::load has been called by org.apache.tomcat.jni.Library in an unnamed module (file:/Users/kritgunsingh0719gmail.com/.m2/repository/org/apache/tomcat/embed/tomcat-embed-core/10.1.20/tomcat-embed-core-10.1.20.jar)
WARNING: Use --enable-native-access=ALL-UNNAMED to avoid a warning for callers in this module
WARNING: Restricted methods will be blocked in a future release unless native access is enabled

2025-10-02T12:44:37.296+05:30  INFO 49057 --- [           main] o.s.b.w.embedded.tomcat.TomcatWebServer  : Tomcat initialized with port 33400 (http)
2025-10-02T12:44:37.305+05:30  INFO 49057 --- [           main] o.apache.catalina.core.StandardService   : Starting service [Tomcat]
2025-10-02T12:44:37.306+05:30  INFO 49057 --- [           main] o.apache.catalina.core.StandardEngine    : Starting Servlet engine: [Apache Tomcat/10.1.20]
2025-10-02T12:44:37.354+05:30  INFO 49057 --- [           main] o.a.c.c.C.[Tomcat].[localhost].[/]       : Initializing Spring embedded WebApplicationContext
2025-10-02T12:44:37.355+05:30  INFO 49057 --- [           main] w.s.c.ServletWebServerApplicationContext : Root WebApplicationContext: initialization completed in 1263 ms
2025-10-02T12:44:37.477+05:30  INFO 49057 --- [           main] com.zaxxer.hikari.HikariDataSource       : HikariPool-1 - Starting...
2025-10-02T12:44:37.664+05:30  INFO 49057 --- [           main] com.zaxxer.hikari.pool.HikariPool        : HikariPool-1 - Added connection conn0: url=jdbc:h2:mem:c350af42-09c3-4615-8586-9c1e9a5865bc user=SA
2025-10-02T12:44:37.665+05:30  INFO 49057 --- [           main] com.zaxxer.hikari.HikariDataSource       : HikariPool-1 - Start completed.
2025-10-02T12:44:37.706+05:30  INFO 49057 --- [           main] o.hibernate.jpa.internal.util.LogHelper  : HHH000204: Processing PersistenceUnitInfo [name: default]
2025-10-02T12:44:37.748+05:30  INFO 49057 --- [           main] org.hibernate.Version                    : HHH000412: Hibernate ORM core version 6.4.4.Final
2025-10-02T12:44:37.772+05:30  INFO 49057 --- [           main] o.h.c.internal.RegionFactoryInitiator    : HHH000026: Second-level cache disabled
2025-10-02T12:44:37.949+05:30  INFO 49057 --- [           main] o.s.o.j.p.SpringPersistenceUnitInfo      : No LoadTimeWeaver setup: ignoring JPA class transformer
2025-10-02T12:44:39.105+05:30  INFO 49057 --- [           main] o.h.e.t.j.p.i.JtaPlatformInitiator       : HHH000489: No JTA platform available (set 'hibernate.transaction.jta.platform' to enable JTA platform integration)
2025-10-02T12:44:39.136+05:30  INFO 49057 --- [           main] j.LocalContainerEntityManagerFactoryBean : Initialized JPA EntityManagerFactory for persistence unit 'default'
2025-10-02T12:44:39.409+05:30  WARN 49057 --- [           main] JpaBaseConfiguration$JpaWebConfiguration : spring.jpa.open-in-view is enabled by default. Therefore, database queries may be performed during view rendering. Explicitly configure spring.jpa.open-in-view to disable this warning
2025-10-02T12:44:39.623+05:30  INFO 49057 --- [           main] o.s.b.w.embedded.tomcat.TomcatWebServer  : Tomcat started on port 33400 (http) with context path ''
2025-10-02T12:44:39.703+05:30  INFO 49057 --- [           main] com.jpmc.midascore.TaskFiveTests         : Started TaskFiveTests in 4.968 seconds (process running for 5.642)
2025-10-02T12:44:39.716+05:30  INFO 49057 --- [quest-handler-4] k.s.DefaultAutoTopicCreationManager      : Sent auto-creation request for Set(midas.transactions) to the active controller.
2025-10-02T12:44:39.723+05:30  INFO 49057 --- [quest-handler-0] k.s.DefaultAutoTopicCreationManager      : Sent auto-creation request for Set(__consumer_offsets) to the active controller.
2025-10-02T12:44:39.724+05:30  WARN 49057 --- [ntainer#0-0-C-1] org.apache.kafka.clients.NetworkClient   : [Consumer clientId=consumer-midas-group-1, groupId=midas-group] Error while fetching metadata with correlation id 2 : {midas.transactions=UNKNOWN_TOPIC_OR_PARTITION}
2025-10-02T12:44:39.762+05:30  INFO 49057 --- [r-event-handler] state.change.logger                      : [Broker id=0] Transitioning 1 partition(s) to local leaders.
2025-10-02T12:44:39.764+05:30  INFO 49057 --- [r-event-handler] kafka.server.ReplicaFetcherManager       : [ReplicaFetcherManager on broker 0] Removed fetcher for partitions Set(midas.transactions-0)
2025-10-02T12:44:39.765+05:30  INFO 49057 --- [r-event-handler] state.change.logger                      : [Broker id=0] Creating new partition midas.transactions-0 with topic id FdGuE5NSRJ6NoThoHje-PA.
2025-10-02T12:44:39.778+05:30  INFO 49057 --- [r-event-handler] kafka.log.UnifiedLog$                    : [LogLoader partition=midas.transactions-0, dir=/var/folders/g5/z556000x0kg3hmqbv7wxy2x80000gn/T/kafka-11460716512928434602/broker_0_data0] Loading producer state till offset 0 with message format version 2
2025-10-02T12:44:39.781+05:30  INFO 49057 --- [r-event-handler] kafka.log.LogManager                     : Created log for partition midas.transactions-0 in /var/folders/g5/z556000x0kg3hmqbv7wxy2x80000gn/T/kafka-11460716512928434602/broker_0_data0/midas.transactions-0 with properties {}
2025-10-02T12:44:39.782+05:30  INFO 49057 --- [r-event-handler] kafka.cluster.Partition                  : [Partition midas.transactions-0 broker=0] No checkpointed highwatermark is found for partition midas.transactions-0
2025-10-02T12:44:39.783+05:30  INFO 49057 --- [r-event-handler] kafka.cluster.Partition                  : [Partition midas.transactions-0 broker=0] Log loaded for partition midas.transactions-0 with initial high watermark 0
2025-10-02T12:44:39.785+05:30  INFO 49057 --- [r-event-handler] state.change.logger                      : [Broker id=0] Leader midas.transactions-0 with topic id Some(FdGuE5NSRJ6NoThoHje-PA) starts at leader epoch 0 from offset 0 with partition epoch 0, high watermark 0, ISR [0], adding replicas [] and removing replicas [] . Previous leader None and previous leader epoch was -1.
2025-10-02T12:44:39.800+05:30  INFO 49057 --- [r-event-handler] state.change.logger                      : [Broker id=0] Transitioning 50 partition(s) to local leaders.
2025-10-02T12:44:39.801+05:30  INFO 49057 --- [r-event-handler] kafka.server.ReplicaFetcherManager       : [ReplicaFetcherManager on broker 0] Removed fetcher for partitions Set(__consumer_offsets-13, __consumer_offsets-46, __consumer_offsets-9, __consumer_offsets-42, __consumer_offsets-21, __consumer_offsets-17, __consumer_offsets-30, __consumer_offsets-26, __consumer_offsets-5, __consumer_offsets-38, __consumer_offsets-1, __consumer_offsets-34, __consumer_offsets-16, __consumer_offsets-45, __consumer_offsets-12, __consumer_offsets-41, __consumer_offsets-24, __consumer_offsets-20, __consumer_offsets-49, __consumer_offsets-0, __consumer_offsets-29, __consumer_offsets-25, __consumer_offsets-8, __consumer_offsets-37, __consumer_offsets-4, __consumer_offsets-33, __consumer_offsets-15, __consumer_offsets-48, __consumer_offsets-11, __consumer_offsets-44, __consumer_offsets-23, __consumer_offsets-19, __consumer_offsets-32, __consumer_offsets-28, __consumer_offsets-7, __consumer_offsets-40, __consumer_offsets-3, __consumer_offsets-36, __consumer_offsets-47, __consumer_offsets-14, __consumer_offsets-43, __consumer_offsets-10, __consumer_offsets-22, __consumer_offsets-18, __consumer_offsets-31, __consumer_offsets-27, __consumer_offsets-39, __consumer_offsets-6, __consumer_offsets-35, __consumer_offsets-2)
2025-10-02T12:44:39.801+05:30  INFO 49057 --- [r-event-handler] state.change.logger                      : [Broker id=0] Creating new partition __consumer_offsets-13 with topic id O8FVxBioTaC_5qOlb8Hu_g.
2025-10-02T12:44:39.805+05:30  INFO 49057 --- [r-event-handler] kafka.log.UnifiedLog$                    : [LogLoader partition=__consumer_offsets-13, dir=/var/folders/g5/z556000x0kg3hmqbv7wxy2x80000gn/T/kafka-11460716512928434602/broker_0_data0] Loading producer state till offset 0 with message format version 2
2025-10-02T12:44:39.805+05:30  INFO 49057 --- [r-event-handler] kafka.log.LogManager                     : Created log for partition __consumer_offsets-13 in /var/folders/g5/z556000x0kg3hmqbv7wxy2x80000gn/T/kafka-11460716512928434602/broker_0_data0/__consumer_offsets-13 with properties {cleanup.policy=compact, compression.type="producer", segment.bytes=104857600}
2025-10-02T12:44:39.805+05:30  INFO 49057 --- [r-event-handler] kafka.cluster.Partition                  : [Partition __consumer_offsets-13 broker=0] No checkpointed highwatermark is found for partition __consumer_offsets-13
2025-10-02T12:44:39.805+05:30  INFO 49057 --- [r-event-handler] kafka.cluster.Partition                  : [Partition __consumer_offsets-13 broker=0] Log loaded for partition __consumer_offsets-13 with initial high watermark 0
2025-10-02T12:44:39.806+05:30  INFO 49057 --- [r-event-handler] state.change.logger                      : [Broker id=0] Leader __consumer_offsets-13 with topic id Some(O8FVxBioTaC_5qOlb8Hu_g) starts at leader epoch 0 from offset 0 with partition epoch 0, high watermark 0, ISR [0], adding replicas [] and removing replicas [] . Previous leader None and previous leader epoch was -1.
2025-10-02T12:44:39.812+05:30  INFO 49057 --- [r-event-handler] state.change.logger                      : [Broker id=0] Creating new partition __consumer_offsets-46 with topic id O8FVxBioTaC_5qOlb8Hu_g.
2025-10-02T12:44:39.816+05:30  INFO 49057 --- [r-event-handler] kafka.log.UnifiedLog$                    : [LogLoader partition=__consumer_offsets-46, dir=/var/folders/g5/z556000x0kg3hmqbv7wxy2x80000gn/T/kafka-11460716512928434602/broker_0_data0] Loading producer state till offset 0 with message format version 2
2025-10-02T12:44:39.816+05:30  INFO 49057 --- [r-event-handler] kafka.log.LogManager                     : Created log for partition __consumer_offsets-46 in /var/folders/g5/z556000x0kg3hmqbv7wxy2x80000gn/T/kafka-11460716512928434602/broker_0_data0/__consumer_offsets-46 with properties {cleanup.policy=compact, compression.type="producer", segment.bytes=104857600}
2025-10-02T12:44:39.816+05:30  INFO 49057 --- [r-event-handler] kafka.cluster.Partition                  : [Partition __consumer_offsets-46 broker=0] No checkpointed highwatermark is found for partition __consumer_offsets-46
2025-10-02T12:44:39.816+05:30  INFO 49057 --- [r-event-handler] kafka.cluster.Partition                  : [Partition __consumer_offsets-46 broker=0] Log loaded for partition __consumer_offsets-46 with initial high watermark 0
2025-10-02T12:44:39.817+05:30  INFO 49057 --- [r-event-handler] state.change.logger                      : [Broker id=0] Leader __consumer_offsets-46 with topic id Some(O8FVxBioTaC_5qOlb8Hu_g) starts at leader epoch 0 from offset 0 with partition epoch 0, high watermark 0, ISR [0], adding replicas [] and removing replicas [] . Previous leader None and previous leader epoch was -1.
2025-10-02T12:44:39.831+05:30  INFO 49057 --- [r-event-handler] state.change.logger                      : [Broker id=0] Creating new partition __consumer_offsets-9 with topic id O8FVxBioTaC_5qOlb8Hu_g.
2025-10-02T12:44:39.835+05:30  INFO 49057 --- [r-event-handler] kafka.log.UnifiedLog$                    : [LogLoader partition=__consumer_offsets-9, dir=/var/folders/g5/z556000x0kg3hmqbv7wxy2x80000gn/T/kafka-11460716512928434602/broker_0_data0] Loading producer state till offset 0 with message format version 2
2025-10-02T12:44:39.836+05:30  INFO 49057 --- [r-event-handler] kafka.log.LogManager                     : Created log for partition __consumer_offsets-9 in /var/folders/g5/z556000x0kg3hmqbv7wxy2x80000gn/T/kafka-11460716512928434602/broker_0_data0/__consumer_offsets-9 with properties {cleanup.policy=compact, compression.type="producer", segment.bytes=104857600}
2025-10-02T12:44:39.836+05:30  INFO 49057 --- [r-event-handler] kafka.cluster.Partition                  : [Partition __consumer_offsets-9 broker=0] No checkpointed highwatermark is found for partition __consumer_offsets-9
2025-10-02T12:44:39.836+05:30  INFO 49057 --- [r-event-handler] kafka.cluster.Partition                  : [Partition __consumer_offsets-9 broker=0] Log loaded for partition __consumer_offsets-9 with initial high watermark 0
2025-10-02T12:44:39.836+05:30  INFO 49057 --- [r-event-handler] state.change.logger                      : [Broker id=0] Leader __consumer_offsets-9 with topic id Some(O8FVxBioTaC_5qOlb8Hu_g) starts at leader epoch 0 from offset 0 with partition epoch 0, high watermark 0, ISR [0], adding replicas [] and removing replicas [] . Previous leader None and previous leader epoch was -1.
OpenJDK 64-Bit Server VM warning: Sharing is only supported for boot loader classes because bootstrap classpath has been appended
2025-10-02T12:44:39.844+05:30  INFO 49057 --- [r-event-handler] state.change.logger                      : [Broker id=0] Creating new partition __consumer_offsets-42 with topic id O8FVxBioTaC_5qOlb8Hu_g.
2025-10-02T12:44:39.847+05:30  INFO 49057 --- [r-event-handler] kafka.log.UnifiedLog$                    : [LogLoader partition=__consumer_offsets-42, dir=/var/folders/g5/z556000x0kg3hmqbv7wxy2x80000gn/T/kafka-11460716512928434602/broker_0_data0] Loading producer state till offset 0 with message format version 2
2025-10-02T12:44:39.848+05:30  INFO 49057 --- [r-event-handler] kafka.log.LogManager                     : Created log for partition __consumer_offsets-42 in /var/folders/g5/z556000x0kg3hmqbv7wxy2x80000gn/T/kafka-11460716512928434602/broker_0_data0/__consumer_offsets-42 with properties {cleanup.policy=compact, compression.type="producer", segment.bytes=104857600}
2025-10-02T12:44:39.848+05:30  INFO 49057 --- [r-event-handler] kafka.cluster.Partition                  : [Partition __consumer_offsets-42 broker=0] No checkpointed highwatermark is found for partition __consumer_offsets-42
2025-10-02T12:44:39.848+05:30  INFO 49057 --- [r-event-handler] kafka.cluster.Partition                  : [Partition __consumer_offsets-42 broker=0] Log loaded for partition __consumer_offsets-42 with initial high watermark 0
2025-10-02T12:44:39.848+05:30  INFO 49057 --- [r-event-handler] state.change.logger                      : [Broker id=0] Leader __consumer_offsets-42 with topic id Some(O8FVxBioTaC_5qOlb8Hu_g) starts at leader epoch 0 from offset 0 with partition epoch 0, high watermark 0, ISR [0], adding replicas [] and removing replicas [] . Previous leader None and previous leader epoch was -1.
2025-10-02T12:44:39.855+05:30  INFO 49057 --- [r-event-handler] state.change.logger                      : [Broker id=0] Creating new partition __consumer_offsets-21 with topic id O8FVxBioTaC_5qOlb8Hu_g.
2025-10-02T12:44:39.859+05:30  INFO 49057 --- [r-event-handler] kafka.log.UnifiedLog$                    : [LogLoader partition=__consumer_offsets-21, dir=/var/folders/g5/z556000x0kg3hmqbv7wxy2x80000gn/T/kafka-11460716512928434602/broker_0_data0] Loading producer state till offset 0 with message format version 2
2025-10-02T12:44:39.859+05:30  INFO 49057 --- [r-event-handler] kafka.log.LogManager                     : Created log for partition __consumer_offsets-21 in /var/folders/g5/z556000x0kg3hmqbv7wxy2x80000gn/T/kafka-11460716512928434602/broker_0_data0/__consumer_offsets-21 with properties {cleanup.policy=compact, compression.type="producer", segment.bytes=104857600}
2025-10-02T12:44:39.859+05:30  INFO 49057 --- [r-event-handler] kafka.cluster.Partition                  : [Partition __consumer_offsets-21 broker=0] No checkpointed highwatermark is found for partition __consumer_offsets-21
2025-10-02T12:44:39.859+05:30  INFO 49057 --- [r-event-handler] kafka.cluster.Partition                  : [Partition __consumer_offsets-21 broker=0] Log loaded for partition __consumer_offsets-21 with initial high watermark 0
2025-10-02T12:44:39.860+05:30  INFO 49057 --- [r-event-handler] state.change.logger                      : [Broker id=0] Leader __consumer_offsets-21 with topic id Some(O8FVxBioTaC_5qOlb8Hu_g) starts at leader epoch 0 from offset 0 with partition epoch 0, high watermark 0, ISR [0], adding replicas [] and removing replicas [] . Previous leader None and previous leader epoch was -1.
2025-10-02T12:44:39.868+05:30  INFO 49057 --- [r-event-handler] state.change.logger                      : [Broker id=0] Creating new partition __consumer_offsets-17 with topic id O8FVxBioTaC_5qOlb8Hu_g.
2025-10-02T12:44:39.871+05:30  INFO 49057 --- [r-event-handler] kafka.log.UnifiedLog$                    : [LogLoader partition=__consumer_offsets-17, dir=/var/folders/g5/z556000x0kg3hmqbv7wxy2x80000gn/T/kafka-11460716512928434602/broker_0_data0] Loading producer state till offset 0 with message format version 2
2025-10-02T12:44:39.872+05:30  INFO 49057 --- [r-event-handler] kafka.log.LogManager                     : Created log for partition __consumer_offsets-17 in /var/folders/g5/z556000x0kg3hmqbv7wxy2x80000gn/T/kafka-11460716512928434602/broker_0_data0/__consumer_offsets-17 with properties {cleanup.policy=compact, compression.type="producer", segment.bytes=104857600}
2025-10-02T12:44:39.872+05:30  INFO 49057 --- [r-event-handler] kafka.cluster.Partition                  : [Partition __consumer_offsets-17 broker=0] No checkpointed highwatermark is found for partition __consumer_offsets-17
2025-10-02T12:44:39.872+05:30  INFO 49057 --- [r-event-handler] kafka.cluster.Partition                  : [Partition __consumer_offsets-17 broker=0] Log loaded for partition __consumer_offsets-17 with initial high watermark 0
2025-10-02T12:44:39.872+05:30  INFO 49057 --- [r-event-handler] state.change.logger                      : [Broker id=0] Leader __consumer_offsets-17 with topic id Some(O8FVxBioTaC_5qOlb8Hu_g) starts at leader epoch 0 from offset 0 with partition epoch 0, high watermark 0, ISR [0], adding replicas [] and removing replicas [] . Previous leader None and previous leader epoch was -1.
2025-10-02T12:44:39.880+05:30  INFO 49057 --- [r-event-handler] state.change.logger                      : [Broker id=0] Creating new partition __consumer_offsets-30 with topic id O8FVxBioTaC_5qOlb8Hu_g.
2025-10-02T12:44:39.883+05:30  INFO 49057 --- [r-event-handler] kafka.log.UnifiedLog$                    : [LogLoader partition=__consumer_offsets-30, dir=/var/folders/g5/z556000x0kg3hmqbv7wxy2x80000gn/T/kafka-11460716512928434602/broker_0_data0] Loading producer state till offset 0 with message format version 2
2025-10-02T12:44:39.884+05:30  INFO 49057 --- [r-event-handler] kafka.log.LogManager                     : Created log for partition __consumer_offsets-30 in /var/folders/g5/z556000x0kg3hmqbv7wxy2x80000gn/T/kafka-11460716512928434602/broker_0_data0/__consumer_offsets-30 with properties {cleanup.policy=compact, compression.type="producer", segment.bytes=104857600}
2025-10-02T12:44:39.884+05:30  INFO 49057 --- [r-event-handler] kafka.cluster.Partition                  : [Partition __consumer_offsets-30 broker=0] No checkpointed highwatermark is found for partition __consumer_offsets-30
2025-10-02T12:44:39.884+05:30  INFO 49057 --- [r-event-handler] kafka.cluster.Partition                  : [Partition __consumer_offsets-30 broker=0] Log loaded for partition __consumer_offsets-30 with initial high watermark 0
2025-10-02T12:44:39.884+05:30  INFO 49057 --- [r-event-handler] state.change.logger                      : [Broker id=0] Leader __consumer_offsets-30 with topic id Some(O8FVxBioTaC_5qOlb8Hu_g) starts at leader epoch 0 from offset 0 with partition epoch 0, high watermark 0, ISR [0], adding replicas [] and removing replicas [] . Previous leader None and previous leader epoch was -1.
2025-10-02T12:44:39.896+05:30  INFO 49057 --- [r-event-handler] state.change.logger                      : [Broker id=0] Creating new partition __consumer_offsets-26 with topic id O8FVxBioTaC_5qOlb8Hu_g.
2025-10-02T12:44:39.900+05:30  INFO 49057 --- [r-event-handler] kafka.log.UnifiedLog$                    : [LogLoader partition=__consumer_offsets-26, dir=/var/folders/g5/z556000x0kg3hmqbv7wxy2x80000gn/T/kafka-11460716512928434602/broker_0_data0] Loading producer state till offset 0 with message format version 2
2025-10-02T12:44:39.900+05:30  INFO 49057 --- [r-event-handler] kafka.log.LogManager                     : Created log for partition __consumer_offsets-26 in /var/folders/g5/z556000x0kg3hmqbv7wxy2x80000gn/T/kafka-11460716512928434602/broker_0_data0/__consumer_offsets-26 with properties {cleanup.policy=compact, compression.type="producer", segment.bytes=104857600}
2025-10-02T12:44:39.900+05:30  INFO 49057 --- [r-event-handler] kafka.cluster.Partition                  : [Partition __consumer_offsets-26 broker=0] No checkpointed highwatermark is found for partition __consumer_offsets-26
2025-10-02T12:44:39.900+05:30  INFO 49057 --- [r-event-handler] kafka.cluster.Partition                  : [Partition __consumer_offsets-26 broker=0] Log loaded for partition __consumer_offsets-26 with initial high watermark 0
2025-10-02T12:44:39.900+05:30  INFO 49057 --- [r-event-handler] state.change.logger                      : [Broker id=0] Leader __consumer_offsets-26 with topic id Some(O8FVxBioTaC_5qOlb8Hu_g) starts at leader epoch 0 from offset 0 with partition epoch 0, high watermark 0, ISR [0], adding replicas [] and removing replicas [] . Previous leader None and previous leader epoch was -1.
2025-10-02T12:44:39.907+05:30  INFO 49057 --- [r-event-handler] state.change.logger                      : [Broker id=0] Creating new partition __consumer_offsets-5 with topic id O8FVxBioTaC_5qOlb8Hu_g.
2025-10-02T12:44:39.910+05:30  INFO 49057 --- [r-event-handler] kafka.log.UnifiedLog$                    : [LogLoader partition=__consumer_offsets-5, dir=/var/folders/g5/z556000x0kg3hmqbv7wxy2x80000gn/T/kafka-11460716512928434602/broker_0_data0] Loading producer state till offset 0 with message format version 2
2025-10-02T12:44:39.910+05:30  INFO 49057 --- [r-event-handler] kafka.log.LogManager                     : Created log for partition __consumer_offsets-5 in /var/folders/g5/z556000x0kg3hmqbv7wxy2x80000gn/T/kafka-11460716512928434602/broker_0_data0/__consumer_offsets-5 with properties {cleanup.policy=compact, compression.type="producer", segment.bytes=104857600}
2025-10-02T12:44:39.910+05:30  INFO 49057 --- [r-event-handler] kafka.cluster.Partition                  : [Partition __consumer_offsets-5 broker=0] No checkpointed highwatermark is found for partition __consumer_offsets-5
2025-10-02T12:44:39.910+05:30  INFO 49057 --- [r-event-handler] kafka.cluster.Partition                  : [Partition __consumer_offsets-5 broker=0] Log loaded for partition __consumer_offsets-5 with initial high watermark 0
2025-10-02T12:44:39.911+05:30  INFO 49057 --- [r-event-handler] state.change.logger                      : [Broker id=0] Leader __consumer_offsets-5 with topic id Some(O8FVxBioTaC_5qOlb8Hu_g) starts at leader epoch 0 from offset 0 with partition epoch 0, high watermark 0, ISR [0], adding replicas [] and removing replicas [] . Previous leader None and previous leader epoch was -1.
2025-10-02T12:44:39.918+05:30  INFO 49057 --- [r-event-handler] state.change.logger                      : [Broker id=0] Creating new partition __consumer_offsets-38 with topic id O8FVxBioTaC_5qOlb8Hu_g.
2025-10-02T12:44:39.921+05:30  INFO 49057 --- [r-event-handler] kafka.log.UnifiedLog$                    : [LogLoader partition=__consumer_offsets-38, dir=/var/folders/g5/z556000x0kg3hmqbv7wxy2x80000gn/T/kafka-11460716512928434602/broker_0_data0] Loading producer state till offset 0 with message format version 2
2025-10-02T12:44:39.922+05:30  INFO 49057 --- [r-event-handler] kafka.log.LogManager                     : Created log for partition __consumer_offsets-38 in /var/folders/g5/z556000x0kg3hmqbv7wxy2x80000gn/T/kafka-11460716512928434602/broker_0_data0/__consumer_offsets-38 with properties {cleanup.policy=compact, compression.type="producer", segment.bytes=104857600}
2025-10-02T12:44:39.922+05:30  INFO 49057 --- [r-event-handler] kafka.cluster.Partition                  : [Partition __consumer_offsets-38 broker=0] No checkpointed highwatermark is found for partition __consumer_offsets-38
2025-10-02T12:44:39.922+05:30  INFO 49057 --- [r-event-handler] kafka.cluster.Partition                  : [Partition __consumer_offsets-38 broker=0] Log loaded for partition __consumer_offsets-38 with initial high watermark 0
2025-10-02T12:44:39.922+05:30  INFO 49057 --- [r-event-handler] state.change.logger                      : [Broker id=0] Leader __consumer_offsets-38 with topic id Some(O8FVxBioTaC_5qOlb8Hu_g) starts at leader epoch 0 from offset 0 with partition epoch 0, high watermark 0, ISR [0], adding replicas [] and removing replicas [] . Previous leader None and previous leader epoch was -1.
2025-10-02T12:44:39.932+05:30  INFO 49057 --- [r-event-handler] state.change.logger                      : [Broker id=0] Creating new partition __consumer_offsets-1 with topic id O8FVxBioTaC_5qOlb8Hu_g.
2025-10-02T12:44:39.935+05:30  INFO 49057 --- [r-event-handler] kafka.log.UnifiedLog$                    : [LogLoader partition=__consumer_offsets-1, dir=/var/folders/g5/z556000x0kg3hmqbv7wxy2x80000gn/T/kafka-11460716512928434602/broker_0_data0] Loading producer state till offset 0 with message format version 2
2025-10-02T12:44:39.935+05:30  INFO 49057 --- [r-event-handler] kafka.log.LogManager                     : Created log for partition __consumer_offsets-1 in /var/folders/g5/z556000x0kg3hmqbv7wxy2x80000gn/T/kafka-11460716512928434602/broker_0_data0/__consumer_offsets-1 with properties {cleanup.policy=compact, compression.type="producer", segment.bytes=104857600}
2025-10-02T12:44:39.935+05:30  INFO 49057 --- [r-event-handler] kafka.cluster.Partition                  : [Partition __consumer_offsets-1 broker=0] No checkpointed highwatermark is found for partition __consumer_offsets-1
2025-10-02T12:44:39.935+05:30  INFO 49057 --- [r-event-handler] kafka.cluster.Partition                  : [Partition __consumer_offsets-1 broker=0] Log loaded for partition __consumer_offsets-1 with initial high watermark 0
2025-10-02T12:44:39.935+05:30  INFO 49057 --- [r-event-handler] state.change.logger                      : [Broker id=0] Leader __consumer_offsets-1 with topic id Some(O8FVxBioTaC_5qOlb8Hu_g) starts at leader epoch 0 from offset 0 with partition epoch 0, high watermark 0, ISR [0], adding replicas [] and removing replicas [] . Previous leader None and previous leader epoch was -1.
2025-10-02T12:44:39.941+05:30  INFO 49057 --- [r-event-handler] state.change.logger                      : [Broker id=0] Creating new partition __consumer_offsets-34 with topic id O8FVxBioTaC_5qOlb8Hu_g.
2025-10-02T12:44:39.943+05:30  INFO 49057 --- [r-event-handler] kafka.log.UnifiedLog$                    : [LogLoader partition=__consumer_offsets-34, dir=/var/folders/g5/z556000x0kg3hmqbv7wxy2x80000gn/T/kafka-11460716512928434602/broker_0_data0] Loading producer state till offset 0 with message format version 2
2025-10-02T12:44:39.944+05:30  INFO 49057 --- [r-event-handler] kafka.log.LogManager                     : Created log for partition __consumer_offsets-34 in /var/folders/g5/z556000x0kg3hmqbv7wxy2x80000gn/T/kafka-11460716512928434602/broker_0_data0/__consumer_offsets-34 with properties {cleanup.policy=compact, compression.type="producer", segment.bytes=104857600}
2025-10-02T12:44:39.944+05:30  INFO 49057 --- [r-event-handler] kafka.cluster.Partition                  : [Partition __consumer_offsets-34 broker=0] No checkpointed highwatermark is found for partition __consumer_offsets-34
2025-10-02T12:44:39.944+05:30  INFO 49057 --- [r-event-handler] kafka.cluster.Partition                  : [Partition __consumer_offsets-34 broker=0] Log loaded for partition __consumer_offsets-34 with initial high watermark 0
2025-10-02T12:44:39.944+05:30  INFO 49057 --- [r-event-handler] state.change.logger                      : [Broker id=0] Leader __consumer_offsets-34 with topic id Some(O8FVxBioTaC_5qOlb8Hu_g) starts at leader epoch 0 from offset 0 with partition epoch 0, high watermark 0, ISR [0], adding replicas [] and removing replicas [] . Previous leader None and previous leader epoch was -1.
2025-10-02T12:44:39.952+05:30  INFO 49057 --- [r-event-handler] state.change.logger                      : [Broker id=0] Creating new partition __consumer_offsets-16 with topic id O8FVxBioTaC_5qOlb8Hu_g.
2025-10-02T12:44:39.955+05:30  INFO 49057 --- [r-event-handler] kafka.log.UnifiedLog$                    : [LogLoader partition=__consumer_offsets-16, dir=/var/folders/g5/z556000x0kg3hmqbv7wxy2x80000gn/T/kafka-11460716512928434602/broker_0_data0] Loading producer state till offset 0 with message format version 2
2025-10-02T12:44:39.955+05:30  INFO 49057 --- [r-event-handler] kafka.log.LogManager                     : Created log for partition __consumer_offsets-16 in /var/folders/g5/z556000x0kg3hmqbv7wxy2x80000gn/T/kafka-11460716512928434602/broker_0_data0/__consumer_offsets-16 with properties {cleanup.policy=compact, compression.type="producer", segment.bytes=104857600}
2025-10-02T12:44:39.955+05:30  INFO 49057 --- [r-event-handler] kafka.cluster.Partition                  : [Partition __consumer_offsets-16 broker=0] No checkpointed highwatermark is found for partition __consumer_offsets-16
2025-10-02T12:44:39.955+05:30  INFO 49057 --- [r-event-handler] kafka.cluster.Partition                  : [Partition __consumer_offsets-16 broker=0] Log loaded for partition __consumer_offsets-16 with initial high watermark 0
2025-10-02T12:44:39.955+05:30  INFO 49057 --- [r-event-handler] state.change.logger                      : [Broker id=0] Leader __consumer_offsets-16 with topic id Some(O8FVxBioTaC_5qOlb8Hu_g) starts at leader epoch 0 from offset 0 with partition epoch 0, high watermark 0, ISR [0], adding replicas [] and removing replicas [] . Previous leader None and previous leader epoch was -1.
2025-10-02T12:44:39.963+05:30  INFO 49057 --- [r-event-handler] state.change.logger                      : [Broker id=0] Creating new partition __consumer_offsets-45 with topic id O8FVxBioTaC_5qOlb8Hu_g.
2025-10-02T12:44:39.966+05:30  INFO 49057 --- [r-event-handler] kafka.log.UnifiedLog$                    : [LogLoader partition=__consumer_offsets-45, dir=/var/folders/g5/z556000x0kg3hmqbv7wxy2x80000gn/T/kafka-11460716512928434602/broker_0_data0] Loading producer state till offset 0 with message format version 2
2025-10-02T12:44:39.966+05:30  INFO 49057 --- [r-event-handler] kafka.log.LogManager                     : Created log for partition __consumer_offsets-45 in /var/folders/g5/z556000x0kg3hmqbv7wxy2x80000gn/T/kafka-11460716512928434602/broker_0_data0/__consumer_offsets-45 with properties {cleanup.policy=compact, compression.type="producer", segment.bytes=104857600}
2025-10-02T12:44:39.966+05:30  INFO 49057 --- [r-event-handler] kafka.cluster.Partition                  : [Partition __consumer_offsets-45 broker=0] No checkpointed highwatermark is found for partition __consumer_offsets-45
2025-10-02T12:44:39.966+05:30  INFO 49057 --- [r-event-handler] kafka.cluster.Partition                  : [Partition __consumer_offsets-45 broker=0] Log loaded for partition __consumer_offsets-45 with initial high watermark 0
2025-10-02T12:44:39.966+05:30  INFO 49057 --- [r-event-handler] state.change.logger                      : [Broker id=0] Leader __consumer_offsets-45 with topic id Some(O8FVxBioTaC_5qOlb8Hu_g) starts at leader epoch 0 from offset 0 with partition epoch 0, high watermark 0, ISR [0], adding replicas [] and removing replicas [] . Previous leader None and previous leader epoch was -1.
2025-10-02T12:44:39.973+05:30  INFO 49057 --- [r-event-handler] state.change.logger                      : [Broker id=0] Creating new partition __consumer_offsets-12 with topic id O8FVxBioTaC_5qOlb8Hu_g.
2025-10-02T12:44:39.976+05:30  INFO 49057 --- [r-event-handler] kafka.log.UnifiedLog$                    : [LogLoader partition=__consumer_offsets-12, dir=/var/folders/g5/z556000x0kg3hmqbv7wxy2x80000gn/T/kafka-11460716512928434602/broker_0_data0] Loading producer state till offset 0 with message format version 2
2025-10-02T12:44:39.977+05:30  INFO 49057 --- [r-event-handler] kafka.log.LogManager                     : Created log for partition __consumer_offsets-12 in /var/folders/g5/z556000x0kg3hmqbv7wxy2x80000gn/T/kafka-11460716512928434602/broker_0_data0/__consumer_offsets-12 with properties {cleanup.policy=compact, compression.type="producer", segment.bytes=104857600}
2025-10-02T12:44:39.977+05:30  INFO 49057 --- [r-event-handler] kafka.cluster.Partition                  : [Partition __consumer_offsets-12 broker=0] No checkpointed highwatermark is found for partition __consumer_offsets-12
2025-10-02T12:44:39.977+05:30  INFO 49057 --- [r-event-handler] kafka.cluster.Partition                  : [Partition __consumer_offsets-12 broker=0] Log loaded for partition __consumer_offsets-12 with initial high watermark 0
2025-10-02T12:44:39.977+05:30  INFO 49057 --- [r-event-handler] state.change.logger                      : [Broker id=0] Leader __consumer_offsets-12 with topic id Some(O8FVxBioTaC_5qOlb8Hu_g) starts at leader epoch 0 from offset 0 with partition epoch 0, high watermark 0, ISR [0], adding replicas [] and removing replicas [] . Previous leader None and previous leader epoch was -1.
WARNING: A Java agent has been loaded dynamically (/Users/kritgunsingh0719gmail.com/.m2/repository/net/bytebuddy/byte-buddy-agent/1.14.13/byte-buddy-agent-1.14.13.jar)
WARNING: If a serviceability tool is in use, please run with -XX:+EnableDynamicAgentLoading to hide this warning
WARNING: If a serviceability tool is not in use, please run with -Djdk.instrument.traceUsage for more information
WARNING: Dynamic loading of agents will be disallowed by default in a future release
2025-10-02T12:44:39.985+05:30  INFO 49057 --- [r-event-handler] state.change.logger                      : [Broker id=0] Creating new partition __consumer_offsets-41 with topic id O8FVxBioTaC_5qOlb8Hu_g.
2025-10-02T12:44:39.988+05:30  INFO 49057 --- [r-event-handler] kafka.log.UnifiedLog$                    : [LogLoader partition=__consumer_offsets-41, dir=/var/folders/g5/z556000x0kg3hmqbv7wxy2x80000gn/T/kafka-11460716512928434602/broker_0_data0] Loading producer state till offset 0 with message format version 2
2025-10-02T12:44:39.988+05:30  INFO 49057 --- [r-event-handler] kafka.log.LogManager                     : Created log for partition __consumer_offsets-41 in /var/folders/g5/z556000x0kg3hmqbv7wxy2x80000gn/T/kafka-11460716512928434602/broker_0_data0/__consumer_offsets-41 with properties {cleanup.policy=compact, compression.type="producer", segment.bytes=104857600}
2025-10-02T12:44:39.988+05:30  INFO 49057 --- [r-event-handler] kafka.cluster.Partition                  : [Partition __consumer_offsets-41 broker=0] No checkpointed highwatermark is found for partition __consumer_offsets-41
2025-10-02T12:44:39.988+05:30  INFO 49057 --- [r-event-handler] kafka.cluster.Partition                  : [Partition __consumer_offsets-41 broker=0] Log loaded for partition __consumer_offsets-41 with initial high watermark 0
2025-10-02T12:44:39.989+05:30  INFO 49057 --- [r-event-handler] state.change.logger                      : [Broker id=0] Leader __consumer_offsets-41 with topic id Some(O8FVxBioTaC_5qOlb8Hu_g) starts at leader epoch 0 from offset 0 with partition epoch 0, high watermark 0, ISR [0], adding replicas [] and removing replicas [] . Previous leader None and previous leader epoch was -1.
2025-10-02T12:44:39.995+05:30  INFO 49057 --- [r-event-handler] state.change.logger                      : [Broker id=0] Creating new partition __consumer_offsets-24 with topic id O8FVxBioTaC_5qOlb8Hu_g.
2025-10-02T12:44:39.998+05:30  INFO 49057 --- [r-event-handler] kafka.log.UnifiedLog$                    : [LogLoader partition=__consumer_offsets-24, dir=/var/folders/g5/z556000x0kg3hmqbv7wxy2x80000gn/T/kafka-11460716512928434602/broker_0_data0] Loading producer state till offset 0 with message format version 2
2025-10-02T12:44:39.998+05:30  INFO 49057 --- [r-event-handler] kafka.log.LogManager                     : Created log for partition __consumer_offsets-24 in /var/folders/g5/z556000x0kg3hmqbv7wxy2x80000gn/T/kafka-11460716512928434602/broker_0_data0/__consumer_offsets-24 with properties {cleanup.policy=compact, compression.type="producer", segment.bytes=104857600}
2025-10-02T12:44:39.998+05:30  INFO 49057 --- [r-event-handler] kafka.cluster.Partition                  : [Partition __consumer_offsets-24 broker=0] No checkpointed highwatermark is found for partition __consumer_offsets-24
2025-10-02T12:44:39.998+05:30  INFO 49057 --- [r-event-handler] kafka.cluster.Partition                  : [Partition __consumer_offsets-24 broker=0] Log loaded for partition __consumer_offsets-24 with initial high watermark 0
2025-10-02T12:44:39.998+05:30  INFO 49057 --- [r-event-handler] state.change.logger                      : [Broker id=0] Leader __consumer_offsets-24 with topic id Some(O8FVxBioTaC_5qOlb8Hu_g) starts at leader epoch 0 from offset 0 with partition epoch 0, high watermark 0, ISR [0], adding replicas [] and removing replicas [] . Previous leader None and previous leader epoch was -1.
2025-10-02T12:44:40.006+05:30  INFO 49057 --- [r-event-handler] state.change.logger                      : [Broker id=0] Creating new partition __consumer_offsets-20 with topic id O8FVxBioTaC_5qOlb8Hu_g.
2025-10-02T12:44:40.009+05:30  INFO 49057 --- [r-event-handler] kafka.log.UnifiedLog$                    : [LogLoader partition=__consumer_offsets-20, dir=/var/folders/g5/z556000x0kg3hmqbv7wxy2x80000gn/T/kafka-11460716512928434602/broker_0_data0] Loading producer state till offset 0 with message format version 2
2025-10-02T12:44:40.009+05:30  INFO 49057 --- [r-event-handler] kafka.log.LogManager                     : Created log for partition __consumer_offsets-20 in /var/folders/g5/z556000x0kg3hmqbv7wxy2x80000gn/T/kafka-11460716512928434602/broker_0_data0/__consumer_offsets-20 with properties {cleanup.policy=compact, compression.type="producer", segment.bytes=104857600}
2025-10-02T12:44:40.009+05:30  INFO 49057 --- [r-event-handler] kafka.cluster.Partition                  : [Partition __consumer_offsets-20 broker=0] No checkpointed highwatermark is found for partition __consumer_offsets-20
2025-10-02T12:44:40.009+05:30  INFO 49057 --- [r-event-handler] kafka.cluster.Partition                  : [Partition __consumer_offsets-20 broker=0] Log loaded for partition __consumer_offsets-20 with initial high watermark 0
2025-10-02T12:44:40.009+05:30  INFO 49057 --- [r-event-handler] state.change.logger                      : [Broker id=0] Leader __consumer_offsets-20 with topic id Some(O8FVxBioTaC_5qOlb8Hu_g) starts at leader epoch 0 from offset 0 with partition epoch 0, high watermark 0, ISR [0], adding replicas [] and removing replicas [] . Previous leader None and previous leader epoch was -1.
2025-10-02T12:44:40.018+05:30  INFO 49057 --- [r-event-handler] state.change.logger                      : [Broker id=0] Creating new partition __consumer_offsets-49 with topic id O8FVxBioTaC_5qOlb8Hu_g.
2025-10-02T12:44:40.020+05:30  INFO 49057 --- [r-event-handler] kafka.log.UnifiedLog$                    : [LogLoader partition=__consumer_offsets-49, dir=/var/folders/g5/z556000x0kg3hmqbv7wxy2x80000gn/T/kafka-11460716512928434602/broker_0_data0] Loading producer state till offset 0 with message format version 2
2025-10-02T12:44:40.020+05:30  INFO 49057 --- [r-event-handler] kafka.log.LogManager                     : Created log for partition __consumer_offsets-49 in /var/folders/g5/z556000x0kg3hmqbv7wxy2x80000gn/T/kafka-11460716512928434602/broker_0_data0/__consumer_offsets-49 with properties {cleanup.policy=compact, compression.type="producer", segment.bytes=104857600}
2025-10-02T12:44:40.020+05:30  INFO 49057 --- [r-event-handler] kafka.cluster.Partition                  : [Partition __consumer_offsets-49 broker=0] No checkpointed highwatermark is found for partition __consumer_offsets-49
2025-10-02T12:44:40.020+05:30  INFO 49057 --- [r-event-handler] kafka.cluster.Partition                  : [Partition __consumer_offsets-49 broker=0] Log loaded for partition __consumer_offsets-49 with initial high watermark 0
2025-10-02T12:44:40.021+05:30  INFO 49057 --- [r-event-handler] state.change.logger                      : [Broker id=0] Leader __consumer_offsets-49 with topic id Some(O8FVxBioTaC_5qOlb8Hu_g) starts at leader epoch 0 from offset 0 with partition epoch 0, high watermark 0, ISR [0], adding replicas [] and removing replicas [] . Previous leader None and previous leader epoch was -1.
2025-10-02T12:44:40.033+05:30  INFO 49057 --- [r-event-handler] state.change.logger                      : [Broker id=0] Creating new partition __consumer_offsets-0 with topic id O8FVxBioTaC_5qOlb8Hu_g.
2025-10-02T12:44:40.036+05:30  INFO 49057 --- [r-event-handler] kafka.log.UnifiedLog$                    : [LogLoader partition=__consumer_offsets-0, dir=/var/folders/g5/z556000x0kg3hmqbv7wxy2x80000gn/T/kafka-11460716512928434602/broker_0_data0] Loading producer state till offset 0 with message format version 2
2025-10-02T12:44:40.036+05:30  INFO 49057 --- [r-event-handler] kafka.log.LogManager                     : Created log for partition __consumer_offsets-0 in /var/folders/g5/z556000x0kg3hmqbv7wxy2x80000gn/T/kafka-11460716512928434602/broker_0_data0/__consumer_offsets-0 with properties {cleanup.policy=compact, compression.type="producer", segment.bytes=104857600}
2025-10-02T12:44:40.036+05:30  INFO 49057 --- [r-event-handler] kafka.cluster.Partition                  : [Partition __consumer_offsets-0 broker=0] No checkpointed highwatermark is found for partition __consumer_offsets-0
2025-10-02T12:44:40.036+05:30  INFO 49057 --- [r-event-handler] kafka.cluster.Partition                  : [Partition __consumer_offsets-0 broker=0] Log loaded for partition __consumer_offsets-0 with initial high watermark 0
2025-10-02T12:44:40.037+05:30  INFO 49057 --- [r-event-handler] state.change.logger                      : [Broker id=0] Leader __consumer_offsets-0 with topic id Some(O8FVxBioTaC_5qOlb8Hu_g) starts at leader epoch 0 from offset 0 with partition epoch 0, high watermark 0, ISR [0], adding replicas [] and removing replicas [] . Previous leader None and previous leader epoch was -1.
2025-10-02T12:44:40.043+05:30  INFO 49057 --- [r-event-handler] state.change.logger                      : [Broker id=0] Creating new partition __consumer_offsets-29 with topic id O8FVxBioTaC_5qOlb8Hu_g.
2025-10-02T12:44:40.046+05:30  INFO 49057 --- [r-event-handler] kafka.log.UnifiedLog$                    : [LogLoader partition=__consumer_offsets-29, dir=/var/folders/g5/z556000x0kg3hmqbv7wxy2x80000gn/T/kafka-11460716512928434602/broker_0_data0] Loading producer state till offset 0 with message format version 2
2025-10-02T12:44:40.046+05:30  INFO 49057 --- [r-event-handler] kafka.log.LogManager                     : Created log for partition __consumer_offsets-29 in /var/folders/g5/z556000x0kg3hmqbv7wxy2x80000gn/T/kafka-11460716512928434602/broker_0_data0/__consumer_offsets-29 with properties {cleanup.policy=compact, compression.type="producer", segment.bytes=104857600}
2025-10-02T12:44:40.046+05:30  INFO 49057 --- [r-event-handler] kafka.cluster.Partition                  : [Partition __consumer_offsets-29 broker=0] No checkpointed highwatermark is found for partition __consumer_offsets-29
2025-10-02T12:44:40.046+05:30  INFO 49057 --- [r-event-handler] kafka.cluster.Partition                  : [Partition __consumer_offsets-29 broker=0] Log loaded for partition __consumer_offsets-29 with initial high watermark 0
2025-10-02T12:44:40.046+05:30  INFO 49057 --- [r-event-handler] state.change.logger                      : [Broker id=0] Leader __consumer_offsets-29 with topic id Some(O8FVxBioTaC_5qOlb8Hu_g) starts at leader epoch 0 from offset 0 with partition epoch 0, high watermark 0, ISR [0], adding replicas [] and removing replicas [] . Previous leader None and previous leader epoch was -1.
2025-10-02T12:44:40.055+05:30  INFO 49057 --- [r-event-handler] state.change.logger                      : [Broker id=0] Creating new partition __consumer_offsets-25 with topic id O8FVxBioTaC_5qOlb8Hu_g.
2025-10-02T12:44:40.058+05:30  INFO 49057 --- [r-event-handler] kafka.log.UnifiedLog$                    : [LogLoader partition=__consumer_offsets-25, dir=/var/folders/g5/z556000x0kg3hmqbv7wxy2x80000gn/T/kafka-11460716512928434602/broker_0_data0] Loading producer state till offset 0 with message format version 2
2025-10-02T12:44:40.058+05:30  INFO 49057 --- [r-event-handler] kafka.log.LogManager                     : Created log for partition __consumer_offsets-25 in /var/folders/g5/z556000x0kg3hmqbv7wxy2x80000gn/T/kafka-11460716512928434602/broker_0_data0/__consumer_offsets-25 with properties {cleanup.policy=compact, compression.type="producer", segment.bytes=104857600}
2025-10-02T12:44:40.058+05:30  INFO 49057 --- [r-event-handler] kafka.cluster.Partition                  : [Partition __consumer_offsets-25 broker=0] No checkpointed highwatermark is found for partition __consumer_offsets-25
2025-10-02T12:44:40.058+05:30  INFO 49057 --- [r-event-handler] kafka.cluster.Partition                  : [Partition __consumer_offsets-25 broker=0] Log loaded for partition __consumer_offsets-25 with initial high watermark 0
2025-10-02T12:44:40.059+05:30  INFO 49057 --- [r-event-handler] state.change.logger                      : [Broker id=0] Leader __consumer_offsets-25 with topic id Some(O8FVxBioTaC_5qOlb8Hu_g) starts at leader epoch 0 from offset 0 with partition epoch 0, high watermark 0, ISR [0], adding replicas [] and removing replicas [] . Previous leader None and previous leader epoch was -1.
2025-10-02T12:44:40.066+05:30  INFO 49057 --- [r-event-handler] state.change.logger                      : [Broker id=0] Creating new partition __consumer_offsets-8 with topic id O8FVxBioTaC_5qOlb8Hu_g.
2025-10-02T12:44:40.069+05:30  INFO 49057 --- [r-event-handler] kafka.log.UnifiedLog$                    : [LogLoader partition=__consumer_offsets-8, dir=/var/folders/g5/z556000x0kg3hmqbv7wxy2x80000gn/T/kafka-11460716512928434602/broker_0_data0] Loading producer state till offset 0 with message format version 2
2025-10-02T12:44:40.070+05:30  INFO 49057 --- [r-event-handler] kafka.log.LogManager                     : Created log for partition __consumer_offsets-8 in /var/folders/g5/z556000x0kg3hmqbv7wxy2x80000gn/T/kafka-11460716512928434602/broker_0_data0/__consumer_offsets-8 with properties {cleanup.policy=compact, compression.type="producer", segment.bytes=104857600}
2025-10-02T12:44:40.070+05:30  INFO 49057 --- [r-event-handler] kafka.cluster.Partition                  : [Partition __consumer_offsets-8 broker=0] No checkpointed highwatermark is found for partition __consumer_offsets-8
2025-10-02T12:44:40.070+05:30  INFO 49057 --- [r-event-handler] kafka.cluster.Partition                  : [Partition __consumer_offsets-8 broker=0] Log loaded for partition __consumer_offsets-8 with initial high watermark 0
2025-10-02T12:44:40.070+05:30  INFO 49057 --- [r-event-handler] state.change.logger                      : [Broker id=0] Leader __consumer_offsets-8 with topic id Some(O8FVxBioTaC_5qOlb8Hu_g) starts at leader epoch 0 from offset 0 with partition epoch 0, high watermark 0, ISR [0], adding replicas [] and removing replicas [] . Previous leader None and previous leader epoch was -1.
2025-10-02T12:44:40.076+05:30  INFO 49057 --- [r-event-handler] state.change.logger                      : [Broker id=0] Creating new partition __consumer_offsets-37 with topic id O8FVxBioTaC_5qOlb8Hu_g.
2025-10-02T12:44:40.079+05:30  INFO 49057 --- [r-event-handler] kafka.log.UnifiedLog$                    : [LogLoader partition=__consumer_offsets-37, dir=/var/folders/g5/z556000x0kg3hmqbv7wxy2x80000gn/T/kafka-11460716512928434602/broker_0_data0] Loading producer state till offset 0 with message format version 2
2025-10-02T12:44:40.079+05:30  INFO 49057 --- [r-event-handler] kafka.log.LogManager                     : Created log for partition __consumer_offsets-37 in /var/folders/g5/z556000x0kg3hmqbv7wxy2x80000gn/T/kafka-11460716512928434602/broker_0_data0/__consumer_offsets-37 with properties {cleanup.policy=compact, compression.type="producer", segment.bytes=104857600}
2025-10-02T12:44:40.079+05:30  INFO 49057 --- [r-event-handler] kafka.cluster.Partition                  : [Partition __consumer_offsets-37 broker=0] No checkpointed highwatermark is found for partition __consumer_offsets-37
2025-10-02T12:44:40.079+05:30  INFO 49057 --- [r-event-handler] kafka.cluster.Partition                  : [Partition __consumer_offsets-37 broker=0] Log loaded for partition __consumer_offsets-37 with initial high watermark 0
2025-10-02T12:44:40.079+05:30  INFO 49057 --- [r-event-handler] state.change.logger                      : [Broker id=0] Leader __consumer_offsets-37 with topic id Some(O8FVxBioTaC_5qOlb8Hu_g) starts at leader epoch 0 from offset 0 with partition epoch 0, high watermark 0, ISR [0], adding replicas [] and removing replicas [] . Previous leader None and previous leader epoch was -1.
2025-10-02T12:44:40.088+05:30  INFO 49057 --- [r-event-handler] state.change.logger                      : [Broker id=0] Creating new partition __consumer_offsets-4 with topic id O8FVxBioTaC_5qOlb8Hu_g.
2025-10-02T12:44:40.090+05:30  INFO 49057 --- [r-event-handler] kafka.log.UnifiedLog$                    : [LogLoader partition=__consumer_offsets-4, dir=/var/folders/g5/z556000x0kg3hmqbv7wxy2x80000gn/T/kafka-11460716512928434602/broker_0_data0] Loading producer state till offset 0 with message format version 2
2025-10-02T12:44:40.090+05:30  INFO 49057 --- [r-event-handler] kafka.log.LogManager                     : Created log for partition __consumer_offsets-4 in /var/folders/g5/z556000x0kg3hmqbv7wxy2x80000gn/T/kafka-11460716512928434602/broker_0_data0/__consumer_offsets-4 with properties {cleanup.policy=compact, compression.type="producer", segment.bytes=104857600}
2025-10-02T12:44:40.090+05:30  INFO 49057 --- [r-event-handler] kafka.cluster.Partition                  : [Partition __consumer_offsets-4 broker=0] No checkpointed highwatermark is found for partition __consumer_offsets-4
2025-10-02T12:44:40.090+05:30  INFO 49057 --- [r-event-handler] kafka.cluster.Partition                  : [Partition __consumer_offsets-4 broker=0] Log loaded for partition __consumer_offsets-4 with initial high watermark 0
2025-10-02T12:44:40.090+05:30  INFO 49057 --- [r-event-handler] state.change.logger                      : [Broker id=0] Leader __consumer_offsets-4 with topic id Some(O8FVxBioTaC_5qOlb8Hu_g) starts at leader epoch 0 from offset 0 with partition epoch 0, high watermark 0, ISR [0], adding replicas [] and removing replicas [] . Previous leader None and previous leader epoch was -1.
2025-10-02T12:44:40.098+05:30  INFO 49057 --- [r-event-handler] state.change.logger                      : [Broker id=0] Creating new partition __consumer_offsets-33 with topic id O8FVxBioTaC_5qOlb8Hu_g.
2025-10-02T12:44:40.101+05:30  INFO 49057 --- [r-event-handler] kafka.log.UnifiedLog$                    : [LogLoader partition=__consumer_offsets-33, dir=/var/folders/g5/z556000x0kg3hmqbv7wxy2x80000gn/T/kafka-11460716512928434602/broker_0_data0] Loading producer state till offset 0 with message format version 2
2025-10-02T12:44:40.101+05:30  INFO 49057 --- [r-event-handler] kafka.log.LogManager                     : Created log for partition __consumer_offsets-33 in /var/folders/g5/z556000x0kg3hmqbv7wxy2x80000gn/T/kafka-11460716512928434602/broker_0_data0/__consumer_offsets-33 with properties {cleanup.policy=compact, compression.type="producer", segment.bytes=104857600}
2025-10-02T12:44:40.101+05:30  INFO 49057 --- [r-event-handler] kafka.cluster.Partition                  : [Partition __consumer_offsets-33 broker=0] No checkpointed highwatermark is found for partition __consumer_offsets-33
2025-10-02T12:44:40.101+05:30  INFO 49057 --- [r-event-handler] kafka.cluster.Partition                  : [Partition __consumer_offsets-33 broker=0] Log loaded for partition __consumer_offsets-33 with initial high watermark 0
2025-10-02T12:44:40.101+05:30  INFO 49057 --- [r-event-handler] state.change.logger                      : [Broker id=0] Leader __consumer_offsets-33 with topic id Some(O8FVxBioTaC_5qOlb8Hu_g) starts at leader epoch 0 from offset 0 with partition epoch 0, high watermark 0, ISR [0], adding replicas [] and removing replicas [] . Previous leader None and previous leader epoch was -1.
2025-10-02T12:44:40.109+05:30  INFO 49057 --- [r-event-handler] state.change.logger                      : [Broker id=0] Creating new partition __consumer_offsets-15 with topic id O8FVxBioTaC_5qOlb8Hu_g.
2025-10-02T12:44:40.111+05:30  INFO 49057 --- [r-event-handler] kafka.log.UnifiedLog$                    : [LogLoader partition=__consumer_offsets-15, dir=/var/folders/g5/z556000x0kg3hmqbv7wxy2x80000gn/T/kafka-11460716512928434602/broker_0_data0] Loading producer state till offset 0 with message format version 2
2025-10-02T12:44:40.112+05:30  INFO 49057 --- [r-event-handler] kafka.log.LogManager                     : Created log for partition __consumer_offsets-15 in /var/folders/g5/z556000x0kg3hmqbv7wxy2x80000gn/T/kafka-11460716512928434602/broker_0_data0/__consumer_offsets-15 with properties {cleanup.policy=compact, compression.type="producer", segment.bytes=104857600}
2025-10-02T12:44:40.112+05:30  INFO 49057 --- [r-event-handler] kafka.cluster.Partition                  : [Partition __consumer_offsets-15 broker=0] No checkpointed highwatermark is found for partition __consumer_offsets-15
2025-10-02T12:44:40.112+05:30  INFO 49057 --- [r-event-handler] kafka.cluster.Partition                  : [Partition __consumer_offsets-15 broker=0] Log loaded for partition __consumer_offsets-15 with initial high watermark 0
2025-10-02T12:44:40.112+05:30  INFO 49057 --- [r-event-handler] state.change.logger                      : [Broker id=0] Leader __consumer_offsets-15 with topic id Some(O8FVxBioTaC_5qOlb8Hu_g) starts at leader epoch 0 from offset 0 with partition epoch 0, high watermark 0, ISR [0], adding replicas [] and removing replicas [] . Previous leader None and previous leader epoch was -1.
2025-10-02T12:44:40.120+05:30  INFO 49057 --- [r-event-handler] state.change.logger                      : [Broker id=0] Creating new partition __consumer_offsets-48 with topic id O8FVxBioTaC_5qOlb8Hu_g.
2025-10-02T12:44:40.122+05:30  INFO 49057 --- [r-event-handler] kafka.log.UnifiedLog$                    : [LogLoader partition=__consumer_offsets-48, dir=/var/folders/g5/z556000x0kg3hmqbv7wxy2x80000gn/T/kafka-11460716512928434602/broker_0_data0] Loading producer state till offset 0 with message format version 2
2025-10-02T12:44:40.122+05:30  INFO 49057 --- [r-event-handler] kafka.log.LogManager                     : Created log for partition __consumer_offsets-48 in /var/folders/g5/z556000x0kg3hmqbv7wxy2x80000gn/T/kafka-11460716512928434602/broker_0_data0/__consumer_offsets-48 with properties {cleanup.policy=compact, compression.type="producer", segment.bytes=104857600}
2025-10-02T12:44:40.122+05:30  INFO 49057 --- [r-event-handler] kafka.cluster.Partition                  : [Partition __consumer_offsets-48 broker=0] No checkpointed highwatermark is found for partition __consumer_offsets-48
2025-10-02T12:44:40.122+05:30  INFO 49057 --- [r-event-handler] kafka.cluster.Partition                  : [Partition __consumer_offsets-48 broker=0] Log loaded for partition __consumer_offsets-48 with initial high watermark 0
2025-10-02T12:44:40.122+05:30  INFO 49057 --- [r-event-handler] state.change.logger                      : [Broker id=0] Leader __consumer_offsets-48 with topic id Some(O8FVxBioTaC_5qOlb8Hu_g) starts at leader epoch 0 from offset 0 with partition epoch 0, high watermark 0, ISR [0], adding replicas [] and removing replicas [] . Previous leader None and previous leader epoch was -1.
2025-10-02T12:44:40.129+05:30  INFO 49057 --- [r-event-handler] state.change.logger                      : [Broker id=0] Creating new partition __consumer_offsets-11 with topic id O8FVxBioTaC_5qOlb8Hu_g.
2025-10-02T12:44:40.132+05:30  INFO 49057 --- [r-event-handler] kafka.log.UnifiedLog$                    : [LogLoader partition=__consumer_offsets-11, dir=/var/folders/g5/z556000x0kg3hmqbv7wxy2x80000gn/T/kafka-11460716512928434602/broker_0_data0] Loading producer state till offset 0 with message format version 2
2025-10-02T12:44:40.132+05:30  INFO 49057 --- [r-event-handler] kafka.log.LogManager                     : Created log for partition __consumer_offsets-11 in /var/folders/g5/z556000x0kg3hmqbv7wxy2x80000gn/T/kafka-11460716512928434602/broker_0_data0/__consumer_offsets-11 with properties {cleanup.policy=compact, compression.type="producer", segment.bytes=104857600}
2025-10-02T12:44:40.132+05:30  INFO 49057 --- [r-event-handler] kafka.cluster.Partition                  : [Partition __consumer_offsets-11 broker=0] No checkpointed highwatermark is found for partition __consumer_offsets-11
2025-10-02T12:44:40.132+05:30  INFO 49057 --- [r-event-handler] kafka.cluster.Partition                  : [Partition __consumer_offsets-11 broker=0] Log loaded for partition __consumer_offsets-11 with initial high watermark 0
2025-10-02T12:44:40.132+05:30  INFO 49057 --- [r-event-handler] state.change.logger                      : [Broker id=0] Leader __consumer_offsets-11 with topic id Some(O8FVxBioTaC_5qOlb8Hu_g) starts at leader epoch 0 from offset 0 with partition epoch 0, high watermark 0, ISR [0], adding replicas [] and removing replicas [] . Previous leader None and previous leader epoch was -1.
2025-10-02T12:44:40.142+05:30  INFO 49057 --- [r-event-handler] state.change.logger                      : [Broker id=0] Creating new partition __consumer_offsets-44 with topic id O8FVxBioTaC_5qOlb8Hu_g.
2025-10-02T12:44:40.145+05:30  INFO 49057 --- [r-event-handler] kafka.log.UnifiedLog$                    : [LogLoader partition=__consumer_offsets-44, dir=/var/folders/g5/z556000x0kg3hmqbv7wxy2x80000gn/T/kafka-11460716512928434602/broker_0_data0] Loading producer state till offset 0 with message format version 2
2025-10-02T12:44:40.145+05:30  INFO 49057 --- [r-event-handler] kafka.log.LogManager                     : Created log for partition __consumer_offsets-44 in /var/folders/g5/z556000x0kg3hmqbv7wxy2x80000gn/T/kafka-11460716512928434602/broker_0_data0/__consumer_offsets-44 with properties {cleanup.policy=compact, compression.type="producer", segment.bytes=104857600}
2025-10-02T12:44:40.145+05:30  INFO 49057 --- [r-event-handler] kafka.cluster.Partition                  : [Partition __consumer_offsets-44 broker=0] No checkpointed highwatermark is found for partition __consumer_offsets-44
2025-10-02T12:44:40.145+05:30  INFO 49057 --- [r-event-handler] kafka.cluster.Partition                  : [Partition __consumer_offsets-44 broker=0] Log loaded for partition __consumer_offsets-44 with initial high watermark 0
2025-10-02T12:44:40.145+05:30  INFO 49057 --- [r-event-handler] state.change.logger                      : [Broker id=0] Leader __consumer_offsets-44 with topic id Some(O8FVxBioTaC_5qOlb8Hu_g) starts at leader epoch 0 from offset 0 with partition epoch 0, high watermark 0, ISR [0], adding replicas [] and removing replicas [] . Previous leader None and previous leader epoch was -1.
2025-10-02T12:44:40.153+05:30  INFO 49057 --- [r-event-handler] state.change.logger                      : [Broker id=0] Creating new partition __consumer_offsets-23 with topic id O8FVxBioTaC_5qOlb8Hu_g.
2025-10-02T12:44:40.156+05:30  INFO 49057 --- [r-event-handler] kafka.log.UnifiedLog$                    : [LogLoader partition=__consumer_offsets-23, dir=/var/folders/g5/z556000x0kg3hmqbv7wxy2x80000gn/T/kafka-11460716512928434602/broker_0_data0] Loading producer state till offset 0 with message format version 2
2025-10-02T12:44:40.156+05:30  INFO 49057 --- [r-event-handler] kafka.log.LogManager                     : Created log for partition __consumer_offsets-23 in /var/folders/g5/z556000x0kg3hmqbv7wxy2x80000gn/T/kafka-11460716512928434602/broker_0_data0/__consumer_offsets-23 with properties {cleanup.policy=compact, compression.type="producer", segment.bytes=104857600}
2025-10-02T12:44:40.156+05:30  INFO 49057 --- [r-event-handler] kafka.cluster.Partition                  : [Partition __consumer_offsets-23 broker=0] No checkpointed highwatermark is found for partition __consumer_offsets-23
2025-10-02T12:44:40.156+05:30  INFO 49057 --- [r-event-handler] kafka.cluster.Partition                  : [Partition __consumer_offsets-23 broker=0] Log loaded for partition __consumer_offsets-23 with initial high watermark 0
2025-10-02T12:44:40.156+05:30  INFO 49057 --- [r-event-handler] state.change.logger                      : [Broker id=0] Leader __consumer_offsets-23 with topic id Some(O8FVxBioTaC_5qOlb8Hu_g) starts at leader epoch 0 from offset 0 with partition epoch 0, high watermark 0, ISR [0], adding replicas [] and removing replicas [] . Previous leader None and previous leader epoch was -1.
2025-10-02T12:44:40.163+05:30  INFO 49057 --- [r-event-handler] state.change.logger                      : [Broker id=0] Creating new partition __consumer_offsets-19 with topic id O8FVxBioTaC_5qOlb8Hu_g.
2025-10-02T12:44:40.166+05:30  INFO 49057 --- [r-event-handler] kafka.log.UnifiedLog$                    : [LogLoader partition=__consumer_offsets-19, dir=/var/folders/g5/z556000x0kg3hmqbv7wxy2x80000gn/T/kafka-11460716512928434602/broker_0_data0] Loading producer state till offset 0 with message format version 2
2025-10-02T12:44:40.166+05:30  INFO 49057 --- [r-event-handler] kafka.log.LogManager                     : Created log for partition __consumer_offsets-19 in /var/folders/g5/z556000x0kg3hmqbv7wxy2x80000gn/T/kafka-11460716512928434602/broker_0_data0/__consumer_offsets-19 with properties {cleanup.policy=compact, compression.type="producer", segment.bytes=104857600}
2025-10-02T12:44:40.166+05:30  INFO 49057 --- [r-event-handler] kafka.cluster.Partition                  : [Partition __consumer_offsets-19 broker=0] No checkpointed highwatermark is found for partition __consumer_offsets-19
2025-10-02T12:44:40.166+05:30  INFO 49057 --- [r-event-handler] kafka.cluster.Partition                  : [Partition __consumer_offsets-19 broker=0] Log loaded for partition __consumer_offsets-19 with initial high watermark 0
2025-10-02T12:44:40.166+05:30  INFO 49057 --- [r-event-handler] state.change.logger                      : [Broker id=0] Leader __consumer_offsets-19 with topic id Some(O8FVxBioTaC_5qOlb8Hu_g) starts at leader epoch 0 from offset 0 with partition epoch 0, high watermark 0, ISR [0], adding replicas [] and removing replicas [] . Previous leader None and previous leader epoch was -1.
2025-10-02T12:44:40.178+05:30  INFO 49057 --- [r-event-handler] state.change.logger                      : [Broker id=0] Creating new partition __consumer_offsets-32 with topic id O8FVxBioTaC_5qOlb8Hu_g.
2025-10-02T12:44:40.181+05:30  INFO 49057 --- [r-event-handler] kafka.log.UnifiedLog$                    : [LogLoader partition=__consumer_offsets-32, dir=/var/folders/g5/z556000x0kg3hmqbv7wxy2x80000gn/T/kafka-11460716512928434602/broker_0_data0] Loading producer state till offset 0 with message format version 2
2025-10-02T12:44:40.181+05:30  INFO 49057 --- [r-event-handler] kafka.log.LogManager                     : Created log for partition __consumer_offsets-32 in /var/folders/g5/z556000x0kg3hmqbv7wxy2x80000gn/T/kafka-11460716512928434602/broker_0_data0/__consumer_offsets-32 with properties {cleanup.policy=compact, compression.type="producer", segment.bytes=104857600}
2025-10-02T12:44:40.181+05:30  INFO 49057 --- [r-event-handler] kafka.cluster.Partition                  : [Partition __consumer_offsets-32 broker=0] No checkpointed highwatermark is found for partition __consumer_offsets-32
2025-10-02T12:44:40.181+05:30  INFO 49057 --- [r-event-handler] kafka.cluster.Partition                  : [Partition __consumer_offsets-32 broker=0] Log loaded for partition __consumer_offsets-32 with initial high watermark 0
2025-10-02T12:44:40.181+05:30  INFO 49057 --- [r-event-handler] state.change.logger                      : [Broker id=0] Leader __consumer_offsets-32 with topic id Some(O8FVxBioTaC_5qOlb8Hu_g) starts at leader epoch 0 from offset 0 with partition epoch 0, high watermark 0, ISR [0], adding replicas [] and removing replicas [] . Previous leader None and previous leader epoch was -1.
2025-10-02T12:44:40.189+05:30  INFO 49057 --- [r-event-handler] state.change.logger                      : [Broker id=0] Creating new partition __consumer_offsets-28 with topic id O8FVxBioTaC_5qOlb8Hu_g.
2025-10-02T12:44:40.192+05:30  INFO 49057 --- [r-event-handler] kafka.log.UnifiedLog$                    : [LogLoader partition=__consumer_offsets-28, dir=/var/folders/g5/z556000x0kg3hmqbv7wxy2x80000gn/T/kafka-11460716512928434602/broker_0_data0] Loading producer state till offset 0 with message format version 2
2025-10-02T12:44:40.192+05:30  INFO 49057 --- [r-event-handler] kafka.log.LogManager                     : Created log for partition __consumer_offsets-28 in /var/folders/g5/z556000x0kg3hmqbv7wxy2x80000gn/T/kafka-11460716512928434602/broker_0_data0/__consumer_offsets-28 with properties {cleanup.policy=compact, compression.type="producer", segment.bytes=104857600}
2025-10-02T12:44:40.192+05:30  INFO 49057 --- [r-event-handler] kafka.cluster.Partition                  : [Partition __consumer_offsets-28 broker=0] No checkpointed highwatermark is found for partition __consumer_offsets-28
2025-10-02T12:44:40.192+05:30  INFO 49057 --- [r-event-handler] kafka.cluster.Partition                  : [Partition __consumer_offsets-28 broker=0] Log loaded for partition __consumer_offsets-28 with initial high watermark 0
2025-10-02T12:44:40.192+05:30  INFO 49057 --- [r-event-handler] state.change.logger                      : [Broker id=0] Leader __consumer_offsets-28 with topic id Some(O8FVxBioTaC_5qOlb8Hu_g) starts at leader epoch 0 from offset 0 with partition epoch 0, high watermark 0, ISR [0], adding replicas [] and removing replicas [] . Previous leader None and previous leader epoch was -1.
2025-10-02T12:44:40.199+05:30  INFO 49057 --- [r-event-handler] state.change.logger                      : [Broker id=0] Creating new partition __consumer_offsets-7 with topic id O8FVxBioTaC_5qOlb8Hu_g.
2025-10-02T12:44:40.202+05:30  INFO 49057 --- [r-event-handler] kafka.log.UnifiedLog$                    : [LogLoader partition=__consumer_offsets-7, dir=/var/folders/g5/z556000x0kg3hmqbv7wxy2x80000gn/T/kafka-11460716512928434602/broker_0_data0] Loading producer state till offset 0 with message format version 2
2025-10-02T12:44:40.202+05:30  INFO 49057 --- [r-event-handler] kafka.log.LogManager                     : Created log for partition __consumer_offsets-7 in /var/folders/g5/z556000x0kg3hmqbv7wxy2x80000gn/T/kafka-11460716512928434602/broker_0_data0/__consumer_offsets-7 with properties {cleanup.policy=compact, compression.type="producer", segment.bytes=104857600}
2025-10-02T12:44:40.202+05:30  INFO 49057 --- [r-event-handler] kafka.cluster.Partition                  : [Partition __consumer_offsets-7 broker=0] No checkpointed highwatermark is found for partition __consumer_offsets-7
2025-10-02T12:44:40.202+05:30  INFO 49057 --- [r-event-handler] kafka.cluster.Partition                  : [Partition __consumer_offsets-7 broker=0] Log loaded for partition __consumer_offsets-7 with initial high watermark 0
2025-10-02T12:44:40.202+05:30  INFO 49057 --- [r-event-handler] state.change.logger                      : [Broker id=0] Leader __consumer_offsets-7 with topic id Some(O8FVxBioTaC_5qOlb8Hu_g) starts at leader epoch 0 from offset 0 with partition epoch 0, high watermark 0, ISR [0], adding replicas [] and removing replicas [] . Previous leader None and previous leader epoch was -1.
2025-10-02T12:44:40.208+05:30  INFO 49057 --- [r-event-handler] state.change.logger                      : [Broker id=0] Creating new partition __consumer_offsets-40 with topic id O8FVxBioTaC_5qOlb8Hu_g.
2025-10-02T12:44:40.210+05:30  INFO 49057 --- [r-event-handler] kafka.log.UnifiedLog$                    : [LogLoader partition=__consumer_offsets-40, dir=/var/folders/g5/z556000x0kg3hmqbv7wxy2x80000gn/T/kafka-11460716512928434602/broker_0_data0] Loading producer state till offset 0 with message format version 2
2025-10-02T12:44:40.210+05:30  INFO 49057 --- [r-event-handler] kafka.log.LogManager                     : Created log for partition __consumer_offsets-40 in /var/folders/g5/z556000x0kg3hmqbv7wxy2x80000gn/T/kafka-11460716512928434602/broker_0_data0/__consumer_offsets-40 with properties {cleanup.policy=compact, compression.type="producer", segment.bytes=104857600}
2025-10-02T12:44:40.210+05:30  INFO 49057 --- [r-event-handler] kafka.cluster.Partition                  : [Partition __consumer_offsets-40 broker=0] No checkpointed highwatermark is found for partition __consumer_offsets-40
2025-10-02T12:44:40.211+05:30  INFO 49057 --- [r-event-handler] kafka.cluster.Partition                  : [Partition __consumer_offsets-40 broker=0] Log loaded for partition __consumer_offsets-40 with initial high watermark 0
2025-10-02T12:44:40.211+05:30  INFO 49057 --- [r-event-handler] state.change.logger                      : [Broker id=0] Leader __consumer_offsets-40 with topic id Some(O8FVxBioTaC_5qOlb8Hu_g) starts at leader epoch 0 from offset 0 with partition epoch 0, high watermark 0, ISR [0], adding replicas [] and removing replicas [] . Previous leader None and previous leader epoch was -1.
2025-10-02T12:44:40.217+05:30  INFO 49057 --- [r-event-handler] state.change.logger                      : [Broker id=0] Creating new partition __consumer_offsets-3 with topic id O8FVxBioTaC_5qOlb8Hu_g.
2025-10-02T12:44:40.219+05:30  INFO 49057 --- [r-event-handler] kafka.log.UnifiedLog$                    : [LogLoader partition=__consumer_offsets-3, dir=/var/folders/g5/z556000x0kg3hmqbv7wxy2x80000gn/T/kafka-11460716512928434602/broker_0_data0] Loading producer state till offset 0 with message format version 2
2025-10-02T12:44:40.219+05:30  INFO 49057 --- [r-event-handler] kafka.log.LogManager                     : Created log for partition __consumer_offsets-3 in /var/folders/g5/z556000x0kg3hmqbv7wxy2x80000gn/T/kafka-11460716512928434602/broker_0_data0/__consumer_offsets-3 with properties {cleanup.policy=compact, compression.type="producer", segment.bytes=104857600}
2025-10-02T12:44:40.220+05:30  INFO 49057 --- [r-event-handler] kafka.cluster.Partition                  : [Partition __consumer_offsets-3 broker=0] No checkpointed highwatermark is found for partition __consumer_offsets-3
2025-10-02T12:44:40.220+05:30  INFO 49057 --- [r-event-handler] kafka.cluster.Partition                  : [Partition __consumer_offsets-3 broker=0] Log loaded for partition __consumer_offsets-3 with initial high watermark 0
2025-10-02T12:44:40.220+05:30  INFO 49057 --- [r-event-handler] state.change.logger                      : [Broker id=0] Leader __consumer_offsets-3 with topic id Some(O8FVxBioTaC_5qOlb8Hu_g) starts at leader epoch 0 from offset 0 with partition epoch 0, high watermark 0, ISR [0], adding replicas [] and removing replicas [] . Previous leader None and previous leader epoch was -1.
2025-10-02T12:44:40.233+05:30  INFO 49057 --- [r-event-handler] state.change.logger                      : [Broker id=0] Creating new partition __consumer_offsets-36 with topic id O8FVxBioTaC_5qOlb8Hu_g.
2025-10-02T12:44:40.236+05:30  INFO 49057 --- [r-event-handler] kafka.log.UnifiedLog$                    : [LogLoader partition=__consumer_offsets-36, dir=/var/folders/g5/z556000x0kg3hmqbv7wxy2x80000gn/T/kafka-11460716512928434602/broker_0_data0] Loading producer state till offset 0 with message format version 2
2025-10-02T12:44:40.236+05:30  INFO 49057 --- [r-event-handler] kafka.log.LogManager                     : Created log for partition __consumer_offsets-36 in /var/folders/g5/z556000x0kg3hmqbv7wxy2x80000gn/T/kafka-11460716512928434602/broker_0_data0/__consumer_offsets-36 with properties {cleanup.policy=compact, compression.type="producer", segment.bytes=104857600}
2025-10-02T12:44:40.236+05:30  INFO 49057 --- [r-event-handler] kafka.cluster.Partition                  : [Partition __consumer_offsets-36 broker=0] No checkpointed highwatermark is found for partition __consumer_offsets-36
2025-10-02T12:44:40.236+05:30  INFO 49057 --- [r-event-handler] kafka.cluster.Partition                  : [Partition __consumer_offsets-36 broker=0] Log loaded for partition __consumer_offsets-36 with initial high watermark 0
2025-10-02T12:44:40.236+05:30  INFO 49057 --- [r-event-handler] state.change.logger                      : [Broker id=0] Leader __consumer_offsets-36 with topic id Some(O8FVxBioTaC_5qOlb8Hu_g) starts at leader epoch 0 from offset 0 with partition epoch 0, high watermark 0, ISR [0], adding replicas [] and removing replicas [] . Previous leader None and previous leader epoch was -1.
2025-10-02T12:44:40.244+05:30  INFO 49057 --- [r-event-handler] state.change.logger                      : [Broker id=0] Creating new partition __consumer_offsets-47 with topic id O8FVxBioTaC_5qOlb8Hu_g.
2025-10-02T12:44:40.246+05:30  INFO 49057 --- [r-event-handler] kafka.log.UnifiedLog$                    : [LogLoader partition=__consumer_offsets-47, dir=/var/folders/g5/z556000x0kg3hmqbv7wxy2x80000gn/T/kafka-11460716512928434602/broker_0_data0] Loading producer state till offset 0 with message format version 2
2025-10-02T12:44:40.247+05:30  INFO 49057 --- [r-event-handler] kafka.log.LogManager                     : Created log for partition __consumer_offsets-47 in /var/folders/g5/z556000x0kg3hmqbv7wxy2x80000gn/T/kafka-11460716512928434602/broker_0_data0/__consumer_offsets-47 with properties {cleanup.policy=compact, compression.type="producer", segment.bytes=104857600}
2025-10-02T12:44:40.247+05:30  INFO 49057 --- [r-event-handler] kafka.cluster.Partition                  : [Partition __consumer_offsets-47 broker=0] No checkpointed highwatermark is found for partition __consumer_offsets-47
2025-10-02T12:44:40.247+05:30  INFO 49057 --- [r-event-handler] kafka.cluster.Partition                  : [Partition __consumer_offsets-47 broker=0] Log loaded for partition __consumer_offsets-47 with initial high watermark 0
2025-10-02T12:44:40.247+05:30  INFO 49057 --- [r-event-handler] state.change.logger                      : [Broker id=0] Leader __consumer_offsets-47 with topic id Some(O8FVxBioTaC_5qOlb8Hu_g) starts at leader epoch 0 from offset 0 with partition epoch 0, high watermark 0, ISR [0], adding replicas [] and removing replicas [] . Previous leader None and previous leader epoch was -1.
2025-10-02T12:44:40.253+05:30  INFO 49057 --- [r-event-handler] state.change.logger                      : [Broker id=0] Creating new partition __consumer_offsets-14 with topic id O8FVxBioTaC_5qOlb8Hu_g.
2025-10-02T12:44:40.256+05:30  INFO 49057 --- [r-event-handler] kafka.log.UnifiedLog$                    : [LogLoader partition=__consumer_offsets-14, dir=/var/folders/g5/z556000x0kg3hmqbv7wxy2x80000gn/T/kafka-11460716512928434602/broker_0_data0] Loading producer state till offset 0 with message format version 2
2025-10-02T12:44:40.256+05:30  INFO 49057 --- [r-event-handler] kafka.log.LogManager                     : Created log for partition __consumer_offsets-14 in /var/folders/g5/z556000x0kg3hmqbv7wxy2x80000gn/T/kafka-11460716512928434602/broker_0_data0/__consumer_offsets-14 with properties {cleanup.policy=compact, compression.type="producer", segment.bytes=104857600}
2025-10-02T12:44:40.256+05:30  INFO 49057 --- [r-event-handler] kafka.cluster.Partition                  : [Partition __consumer_offsets-14 broker=0] No checkpointed highwatermark is found for partition __consumer_offsets-14
2025-10-02T12:44:40.256+05:30  INFO 49057 --- [r-event-handler] kafka.cluster.Partition                  : [Partition __consumer_offsets-14 broker=0] Log loaded for partition __consumer_offsets-14 with initial high watermark 0
2025-10-02T12:44:40.256+05:30  INFO 49057 --- [r-event-handler] state.change.logger                      : [Broker id=0] Leader __consumer_offsets-14 with topic id Some(O8FVxBioTaC_5qOlb8Hu_g) starts at leader epoch 0 from offset 0 with partition epoch 0, high watermark 0, ISR [0], adding replicas [] and removing replicas [] . Previous leader None and previous leader epoch was -1.
2025-10-02T12:44:40.264+05:30  INFO 49057 --- [r-event-handler] state.change.logger                      : [Broker id=0] Creating new partition __consumer_offsets-43 with topic id O8FVxBioTaC_5qOlb8Hu_g.
2025-10-02T12:44:40.266+05:30  INFO 49057 --- [r-event-handler] kafka.log.UnifiedLog$                    : [LogLoader partition=__consumer_offsets-43, dir=/var/folders/g5/z556000x0kg3hmqbv7wxy2x80000gn/T/kafka-11460716512928434602/broker_0_data0] Loading producer state till offset 0 with message format version 2
2025-10-02T12:44:40.267+05:30  INFO 49057 --- [r-event-handler] kafka.log.LogManager                     : Created log for partition __consumer_offsets-43 in /var/folders/g5/z556000x0kg3hmqbv7wxy2x80000gn/T/kafka-11460716512928434602/broker_0_data0/__consumer_offsets-43 with properties {cleanup.policy=compact, compression.type="producer", segment.bytes=104857600}
2025-10-02T12:44:40.267+05:30  INFO 49057 --- [r-event-handler] kafka.cluster.Partition                  : [Partition __consumer_offsets-43 broker=0] No checkpointed highwatermark is found for partition __consumer_offsets-43
2025-10-02T12:44:40.267+05:30  INFO 49057 --- [r-event-handler] kafka.cluster.Partition                  : [Partition __consumer_offsets-43 broker=0] Log loaded for partition __consumer_offsets-43 with initial high watermark 0
2025-10-02T12:44:40.267+05:30  INFO 49057 --- [r-event-handler] state.change.logger                      : [Broker id=0] Leader __consumer_offsets-43 with topic id Some(O8FVxBioTaC_5qOlb8Hu_g) starts at leader epoch 0 from offset 0 with partition epoch 0, high watermark 0, ISR [0], adding replicas [] and removing replicas [] . Previous leader None and previous leader epoch was -1.
2025-10-02T12:44:40.274+05:30  INFO 49057 --- [r-event-handler] state.change.logger                      : [Broker id=0] Creating new partition __consumer_offsets-10 with topic id O8FVxBioTaC_5qOlb8Hu_g.
2025-10-02T12:44:40.276+05:30  INFO 49057 --- [r-event-handler] kafka.log.UnifiedLog$                    : [LogLoader partition=__consumer_offsets-10, dir=/var/folders/g5/z556000x0kg3hmqbv7wxy2x80000gn/T/kafka-11460716512928434602/broker_0_data0] Loading producer state till offset 0 with message format version 2
2025-10-02T12:44:40.277+05:30  INFO 49057 --- [r-event-handler] kafka.log.LogManager                     : Created log for partition __consumer_offsets-10 in /var/folders/g5/z556000x0kg3hmqbv7wxy2x80000gn/T/kafka-11460716512928434602/broker_0_data0/__consumer_offsets-10 with properties {cleanup.policy=compact, compression.type="producer", segment.bytes=104857600}
2025-10-02T12:44:40.277+05:30  INFO 49057 --- [r-event-handler] kafka.cluster.Partition                  : [Partition __consumer_offsets-10 broker=0] No checkpointed highwatermark is found for partition __consumer_offsets-10
2025-10-02T12:44:40.277+05:30  INFO 49057 --- [r-event-handler] kafka.cluster.Partition                  : [Partition __consumer_offsets-10 broker=0] Log loaded for partition __consumer_offsets-10 with initial high watermark 0
2025-10-02T12:44:40.277+05:30  INFO 49057 --- [r-event-handler] state.change.logger                      : [Broker id=0] Leader __consumer_offsets-10 with topic id Some(O8FVxBioTaC_5qOlb8Hu_g) starts at leader epoch 0 from offset 0 with partition epoch 0, high watermark 0, ISR [0], adding replicas [] and removing replicas [] . Previous leader None and previous leader epoch was -1.
2025-10-02T12:44:40.284+05:30  INFO 49057 --- [r-event-handler] state.change.logger                      : [Broker id=0] Creating new partition __consumer_offsets-22 with topic id O8FVxBioTaC_5qOlb8Hu_g.
2025-10-02T12:44:40.286+05:30  INFO 49057 --- [r-event-handler] kafka.log.UnifiedLog$                    : [LogLoader partition=__consumer_offsets-22, dir=/var/folders/g5/z556000x0kg3hmqbv7wxy2x80000gn/T/kafka-11460716512928434602/broker_0_data0] Loading producer state till offset 0 with message format version 2
2025-10-02T12:44:40.286+05:30  INFO 49057 --- [r-event-handler] kafka.log.LogManager                     : Created log for partition __consumer_offsets-22 in /var/folders/g5/z556000x0kg3hmqbv7wxy2x80000gn/T/kafka-11460716512928434602/broker_0_data0/__consumer_offsets-22 with properties {cleanup.policy=compact, compression.type="producer", segment.bytes=104857600}
2025-10-02T12:44:40.286+05:30  INFO 49057 --- [r-event-handler] kafka.cluster.Partition                  : [Partition __consumer_offsets-22 broker=0] No checkpointed highwatermark is found for partition __consumer_offsets-22
2025-10-02T12:44:40.286+05:30  INFO 49057 --- [r-event-handler] kafka.cluster.Partition                  : [Partition __consumer_offsets-22 broker=0] Log loaded for partition __consumer_offsets-22 with initial high watermark 0
2025-10-02T12:44:40.286+05:30  INFO 49057 --- [r-event-handler] state.change.logger                      : [Broker id=0] Leader __consumer_offsets-22 with topic id Some(O8FVxBioTaC_5qOlb8Hu_g) starts at leader epoch 0 from offset 0 with partition epoch 0, high watermark 0, ISR [0], adding replicas [] and removing replicas [] . Previous leader None and previous leader epoch was -1.
2025-10-02T12:44:40.292+05:30  INFO 49057 --- [r-event-handler] state.change.logger                      : [Broker id=0] Creating new partition __consumer_offsets-18 with topic id O8FVxBioTaC_5qOlb8Hu_g.
2025-10-02T12:44:40.294+05:30  INFO 49057 --- [r-event-handler] kafka.log.UnifiedLog$                    : [LogLoader partition=__consumer_offsets-18, dir=/var/folders/g5/z556000x0kg3hmqbv7wxy2x80000gn/T/kafka-11460716512928434602/broker_0_data0] Loading producer state till offset 0 with message format version 2
2025-10-02T12:44:40.294+05:30  INFO 49057 --- [r-event-handler] kafka.log.LogManager                     : Created log for partition __consumer_offsets-18 in /var/folders/g5/z556000x0kg3hmqbv7wxy2x80000gn/T/kafka-11460716512928434602/broker_0_data0/__consumer_offsets-18 with properties {cleanup.policy=compact, compression.type="producer", segment.bytes=104857600}
2025-10-02T12:44:40.294+05:30  INFO 49057 --- [r-event-handler] kafka.cluster.Partition                  : [Partition __consumer_offsets-18 broker=0] No checkpointed highwatermark is found for partition __consumer_offsets-18
2025-10-02T12:44:40.294+05:30  INFO 49057 --- [r-event-handler] kafka.cluster.Partition                  : [Partition __consumer_offsets-18 broker=0] Log loaded for partition __consumer_offsets-18 with initial high watermark 0
2025-10-02T12:44:40.294+05:30  INFO 49057 --- [r-event-handler] state.change.logger                      : [Broker id=0] Leader __consumer_offsets-18 with topic id Some(O8FVxBioTaC_5qOlb8Hu_g) starts at leader epoch 0 from offset 0 with partition epoch 0, high watermark 0, ISR [0], adding replicas [] and removing replicas [] . Previous leader None and previous leader epoch was -1.
2025-10-02T12:44:40.301+05:30  INFO 49057 --- [r-event-handler] state.change.logger                      : [Broker id=0] Creating new partition __consumer_offsets-31 with topic id O8FVxBioTaC_5qOlb8Hu_g.
2025-10-02T12:44:40.303+05:30  INFO 49057 --- [r-event-handler] kafka.log.UnifiedLog$                    : [LogLoader partition=__consumer_offsets-31, dir=/var/folders/g5/z556000x0kg3hmqbv7wxy2x80000gn/T/kafka-11460716512928434602/broker_0_data0] Loading producer state till offset 0 with message format version 2
2025-10-02T12:44:40.303+05:30  INFO 49057 --- [r-event-handler] kafka.log.LogManager                     : Created log for partition __consumer_offsets-31 in /var/folders/g5/z556000x0kg3hmqbv7wxy2x80000gn/T/kafka-11460716512928434602/broker_0_data0/__consumer_offsets-31 with properties {cleanup.policy=compact, compression.type="producer", segment.bytes=104857600}
2025-10-02T12:44:40.303+05:30  INFO 49057 --- [r-event-handler] kafka.cluster.Partition                  : [Partition __consumer_offsets-31 broker=0] No checkpointed highwatermark is found for partition __consumer_offsets-31
2025-10-02T12:44:40.303+05:30  INFO 49057 --- [r-event-handler] kafka.cluster.Partition                  : [Partition __consumer_offsets-31 broker=0] Log loaded for partition __consumer_offsets-31 with initial high watermark 0
2025-10-02T12:44:40.303+05:30  INFO 49057 --- [r-event-handler] state.change.logger                      : [Broker id=0] Leader __consumer_offsets-31 with topic id Some(O8FVxBioTaC_5qOlb8Hu_g) starts at leader epoch 0 from offset 0 with partition epoch 0, high watermark 0, ISR [0], adding replicas [] and removing replicas [] . Previous leader None and previous leader epoch was -1.
2025-10-02T12:44:40.310+05:30  INFO 49057 --- [r-event-handler] state.change.logger                      : [Broker id=0] Creating new partition __consumer_offsets-27 with topic id O8FVxBioTaC_5qOlb8Hu_g.
2025-10-02T12:44:40.312+05:30  INFO 49057 --- [r-event-handler] kafka.log.UnifiedLog$                    : [LogLoader partition=__consumer_offsets-27, dir=/var/folders/g5/z556000x0kg3hmqbv7wxy2x80000gn/T/kafka-11460716512928434602/broker_0_data0] Loading producer state till offset 0 with message format version 2
2025-10-02T12:44:40.312+05:30  INFO 49057 --- [r-event-handler] kafka.log.LogManager                     : Created log for partition __consumer_offsets-27 in /var/folders/g5/z556000x0kg3hmqbv7wxy2x80000gn/T/kafka-11460716512928434602/broker_0_data0/__consumer_offsets-27 with properties {cleanup.policy=compact, compression.type="producer", segment.bytes=104857600}
2025-10-02T12:44:40.312+05:30  INFO 49057 --- [r-event-handler] kafka.cluster.Partition                  : [Partition __consumer_offsets-27 broker=0] No checkpointed highwatermark is found for partition __consumer_offsets-27
2025-10-02T12:44:40.312+05:30  INFO 49057 --- [r-event-handler] kafka.cluster.Partition                  : [Partition __consumer_offsets-27 broker=0] Log loaded for partition __consumer_offsets-27 with initial high watermark 0
2025-10-02T12:44:40.312+05:30  INFO 49057 --- [r-event-handler] state.change.logger                      : [Broker id=0] Leader __consumer_offsets-27 with topic id Some(O8FVxBioTaC_5qOlb8Hu_g) starts at leader epoch 0 from offset 0 with partition epoch 0, high watermark 0, ISR [0], adding replicas [] and removing replicas [] . Previous leader None and previous leader epoch was -1.
2025-10-02T12:44:40.320+05:30  INFO 49057 --- [r-event-handler] state.change.logger                      : [Broker id=0] Creating new partition __consumer_offsets-39 with topic id O8FVxBioTaC_5qOlb8Hu_g.
2025-10-02T12:44:40.322+05:30  INFO 49057 --- [r-event-handler] kafka.log.UnifiedLog$                    : [LogLoader partition=__consumer_offsets-39, dir=/var/folders/g5/z556000x0kg3hmqbv7wxy2x80000gn/T/kafka-11460716512928434602/broker_0_data0] Loading producer state till offset 0 with message format version 2
2025-10-02T12:44:40.322+05:30  INFO 49057 --- [r-event-handler] kafka.log.LogManager                     : Created log for partition __consumer_offsets-39 in /var/folders/g5/z556000x0kg3hmqbv7wxy2x80000gn/T/kafka-11460716512928434602/broker_0_data0/__consumer_offsets-39 with properties {cleanup.policy=compact, compression.type="producer", segment.bytes=104857600}
2025-10-02T12:44:40.322+05:30  INFO 49057 --- [r-event-handler] kafka.cluster.Partition                  : [Partition __consumer_offsets-39 broker=0] No checkpointed highwatermark is found for partition __consumer_offsets-39
2025-10-02T12:44:40.322+05:30  INFO 49057 --- [r-event-handler] kafka.cluster.Partition                  : [Partition __consumer_offsets-39 broker=0] Log loaded for partition __consumer_offsets-39 with initial high watermark 0
2025-10-02T12:44:40.322+05:30  INFO 49057 --- [r-event-handler] state.change.logger                      : [Broker id=0] Leader __consumer_offsets-39 with topic id Some(O8FVxBioTaC_5qOlb8Hu_g) starts at leader epoch 0 from offset 0 with partition epoch 0, high watermark 0, ISR [0], adding replicas [] and removing replicas [] . Previous leader None and previous leader epoch was -1.
2025-10-02T12:44:40.330+05:30  INFO 49057 --- [r-event-handler] state.change.logger                      : [Broker id=0] Creating new partition __consumer_offsets-6 with topic id O8FVxBioTaC_5qOlb8Hu_g.
2025-10-02T12:44:40.332+05:30  INFO 49057 --- [r-event-handler] kafka.log.UnifiedLog$                    : [LogLoader partition=__consumer_offsets-6, dir=/var/folders/g5/z556000x0kg3hmqbv7wxy2x80000gn/T/kafka-11460716512928434602/broker_0_data0] Loading producer state till offset 0 with message format version 2
2025-10-02T12:44:40.332+05:30  INFO 49057 --- [r-event-handler] kafka.log.LogManager                     : Created log for partition __consumer_offsets-6 in /var/folders/g5/z556000x0kg3hmqbv7wxy2x80000gn/T/kafka-11460716512928434602/broker_0_data0/__consumer_offsets-6 with properties {cleanup.policy=compact, compression.type="producer", segment.bytes=104857600}
2025-10-02T12:44:40.332+05:30  INFO 49057 --- [r-event-handler] kafka.cluster.Partition                  : [Partition __consumer_offsets-6 broker=0] No checkpointed highwatermark is found for partition __consumer_offsets-6
2025-10-02T12:44:40.332+05:30  INFO 49057 --- [r-event-handler] kafka.cluster.Partition                  : [Partition __consumer_offsets-6 broker=0] Log loaded for partition __consumer_offsets-6 with initial high watermark 0
2025-10-02T12:44:40.332+05:30  INFO 49057 --- [r-event-handler] state.change.logger                      : [Broker id=0] Leader __consumer_offsets-6 with topic id Some(O8FVxBioTaC_5qOlb8Hu_g) starts at leader epoch 0 from offset 0 with partition epoch 0, high watermark 0, ISR [0], adding replicas [] and removing replicas [] . Previous leader None and previous leader epoch was -1.
2025-10-02T12:44:40.340+05:30  INFO 49057 --- [r-event-handler] state.change.logger                      : [Broker id=0] Creating new partition __consumer_offsets-35 with topic id O8FVxBioTaC_5qOlb8Hu_g.
2025-10-02T12:44:40.342+05:30  INFO 49057 --- [r-event-handler] kafka.log.UnifiedLog$                    : [LogLoader partition=__consumer_offsets-35, dir=/var/folders/g5/z556000x0kg3hmqbv7wxy2x80000gn/T/kafka-11460716512928434602/broker_0_data0] Loading producer state till offset 0 with message format version 2
2025-10-02T12:44:40.346+05:30  INFO 49057 --- [r-event-handler] kafka.log.LogManager                     : Created log for partition __consumer_offsets-35 in /var/folders/g5/z556000x0kg3hmqbv7wxy2x80000gn/T/kafka-11460716512928434602/broker_0_data0/__consumer_offsets-35 with properties {cleanup.policy=compact, compression.type="producer", segment.bytes=104857600}
2025-10-02T12:44:40.347+05:30  INFO 49057 --- [r-event-handler] kafka.cluster.Partition                  : [Partition __consumer_offsets-35 broker=0] No checkpointed highwatermark is found for partition __consumer_offsets-35
2025-10-02T12:44:40.347+05:30  INFO 49057 --- [r-event-handler] kafka.cluster.Partition                  : [Partition __consumer_offsets-35 broker=0] Log loaded for partition __consumer_offsets-35 with initial high watermark 0
2025-10-02T12:44:40.347+05:30  INFO 49057 --- [r-event-handler] state.change.logger                      : [Broker id=0] Leader __consumer_offsets-35 with topic id Some(O8FVxBioTaC_5qOlb8Hu_g) starts at leader epoch 0 from offset 0 with partition epoch 0, high watermark 0, ISR [0], adding replicas [] and removing replicas [] . Previous leader None and previous leader epoch was -1.
2025-10-02T12:44:40.355+05:30  INFO 49057 --- [r-event-handler] state.change.logger                      : [Broker id=0] Creating new partition __consumer_offsets-2 with topic id O8FVxBioTaC_5qOlb8Hu_g.
2025-10-02T12:44:40.361+05:30  INFO 49057 --- [r-event-handler] kafka.log.UnifiedLog$                    : [LogLoader partition=__consumer_offsets-2, dir=/var/folders/g5/z556000x0kg3hmqbv7wxy2x80000gn/T/kafka-11460716512928434602/broker_0_data0] Loading producer state till offset 0 with message format version 2
2025-10-02T12:44:40.361+05:30  INFO 49057 --- [r-event-handler] kafka.log.LogManager                     : Created log for partition __consumer_offsets-2 in /var/folders/g5/z556000x0kg3hmqbv7wxy2x80000gn/T/kafka-11460716512928434602/broker_0_data0/__consumer_offsets-2 with properties {cleanup.policy=compact, compression.type="producer", segment.bytes=104857600}
2025-10-02T12:44:40.361+05:30  INFO 49057 --- [r-event-handler] kafka.cluster.Partition                  : [Partition __consumer_offsets-2 broker=0] No checkpointed highwatermark is found for partition __consumer_offsets-2
2025-10-02T12:44:40.361+05:30  INFO 49057 --- [r-event-handler] kafka.cluster.Partition                  : [Partition __consumer_offsets-2 broker=0] Log loaded for partition __consumer_offsets-2 with initial high watermark 0
2025-10-02T12:44:40.361+05:30  INFO 49057 --- [r-event-handler] state.change.logger                      : [Broker id=0] Leader __consumer_offsets-2 with topic id Some(O8FVxBioTaC_5qOlb8Hu_g) starts at leader epoch 0 from offset 0 with partition epoch 0, high watermark 0, ISR [0], adding replicas [] and removing replicas [] . Previous leader None and previous leader epoch was -1.
2025-10-02T12:44:40.373+05:30  INFO 49057 --- [r-event-handler] k.coordinator.group.GroupCoordinator     : [GroupCoordinator 0]: Elected as the group coordinator for partition 13 in epoch 0
2025-10-02T12:44:40.373+05:30  INFO 49057 --- [r-event-handler] k.c.group.GroupMetadataManager           : [GroupMetadataManager brokerId=0] Scheduling loading of offsets and group metadata from __consumer_offsets-13 for epoch 0
2025-10-02T12:44:40.374+05:30  INFO 49057 --- [r-event-handler] k.coordinator.group.GroupCoordinator     : [GroupCoordinator 0]: Elected as the group coordinator for partition 46 in epoch 0
2025-10-02T12:44:40.374+05:30  INFO 49057 --- [r-event-handler] k.c.group.GroupMetadataManager           : [GroupMetadataManager brokerId=0] Scheduling loading of offsets and group metadata from __consumer_offsets-46 for epoch 0
2025-10-02T12:44:40.374+05:30  INFO 49057 --- [r-event-handler] k.coordinator.group.GroupCoordinator     : [GroupCoordinator 0]: Elected as the group coordinator for partition 9 in epoch 0
2025-10-02T12:44:40.374+05:30  INFO 49057 --- [r-event-handler] k.c.group.GroupMetadataManager           : [GroupMetadataManager brokerId=0] Scheduling loading of offsets and group metadata from __consumer_offsets-9 for epoch 0
2025-10-02T12:44:40.374+05:30  INFO 49057 --- [r-event-handler] k.coordinator.group.GroupCoordinator     : [GroupCoordinator 0]: Elected as the group coordinator for partition 42 in epoch 0
2025-10-02T12:44:40.374+05:30  INFO 49057 --- [r-event-handler] k.c.group.GroupMetadataManager           : [GroupMetadataManager brokerId=0] Scheduling loading of offsets and group metadata from __consumer_offsets-42 for epoch 0
2025-10-02T12:44:40.374+05:30  INFO 49057 --- [r-event-handler] k.coordinator.group.GroupCoordinator     : [GroupCoordinator 0]: Elected as the group coordinator for partition 21 in epoch 0
2025-10-02T12:44:40.374+05:30  INFO 49057 --- [r-event-handler] k.c.group.GroupMetadataManager           : [GroupMetadataManager brokerId=0] Scheduling loading of offsets and group metadata from __consumer_offsets-21 for epoch 0
2025-10-02T12:44:40.374+05:30  INFO 49057 --- [r-event-handler] k.coordinator.group.GroupCoordinator     : [GroupCoordinator 0]: Elected as the group coordinator for partition 17 in epoch 0
2025-10-02T12:44:40.374+05:30  INFO 49057 --- [r-event-handler] k.c.group.GroupMetadataManager           : [GroupMetadataManager brokerId=0] Scheduling loading of offsets and group metadata from __consumer_offsets-17 for epoch 0
2025-10-02T12:44:40.374+05:30  INFO 49057 --- [r-event-handler] k.coordinator.group.GroupCoordinator     : [GroupCoordinator 0]: Elected as the group coordinator for partition 30 in epoch 0
2025-10-02T12:44:40.374+05:30  INFO 49057 --- [r-event-handler] k.c.group.GroupMetadataManager           : [GroupMetadataManager brokerId=0] Scheduling loading of offsets and group metadata from __consumer_offsets-30 for epoch 0
2025-10-02T12:44:40.374+05:30  INFO 49057 --- [r-event-handler] k.coordinator.group.GroupCoordinator     : [GroupCoordinator 0]: Elected as the group coordinator for partition 26 in epoch 0
2025-10-02T12:44:40.374+05:30  INFO 49057 --- [r-event-handler] k.c.group.GroupMetadataManager           : [GroupMetadataManager brokerId=0] Scheduling loading of offsets and group metadata from __consumer_offsets-26 for epoch 0
2025-10-02T12:44:40.374+05:30  INFO 49057 --- [r-event-handler] k.coordinator.group.GroupCoordinator     : [GroupCoordinator 0]: Elected as the group coordinator for partition 5 in epoch 0
2025-10-02T12:44:40.374+05:30  INFO 49057 --- [r-event-handler] k.c.group.GroupMetadataManager           : [GroupMetadataManager brokerId=0] Scheduling loading of offsets and group metadata from __consumer_offsets-5 for epoch 0
2025-10-02T12:44:40.374+05:30  INFO 49057 --- [r-event-handler] k.coordinator.group.GroupCoordinator     : [GroupCoordinator 0]: Elected as the group coordinator for partition 38 in epoch 0
2025-10-02T12:44:40.374+05:30  INFO 49057 --- [r-event-handler] k.c.group.GroupMetadataManager           : [GroupMetadataManager brokerId=0] Scheduling loading of offsets and group metadata from __consumer_offsets-38 for epoch 0
2025-10-02T12:44:40.374+05:30  INFO 49057 --- [r-event-handler] k.coordinator.group.GroupCoordinator     : [GroupCoordinator 0]: Elected as the group coordinator for partition 1 in epoch 0
2025-10-02T12:44:40.374+05:30  INFO 49057 --- [r-event-handler] k.c.group.GroupMetadataManager           : [GroupMetadataManager brokerId=0] Scheduling loading of offsets and group metadata from __consumer_offsets-1 for epoch 0
2025-10-02T12:44:40.374+05:30  INFO 49057 --- [r-event-handler] k.coordinator.group.GroupCoordinator     : [GroupCoordinator 0]: Elected as the group coordinator for partition 34 in epoch 0
2025-10-02T12:44:40.374+05:30  INFO 49057 --- [r-event-handler] k.c.group.GroupMetadataManager           : [GroupMetadataManager brokerId=0] Scheduling loading of offsets and group metadata from __consumer_offsets-34 for epoch 0
2025-10-02T12:44:40.374+05:30  INFO 49057 --- [r-event-handler] k.coordinator.group.GroupCoordinator     : [GroupCoordinator 0]: Elected as the group coordinator for partition 16 in epoch 0
2025-10-02T12:44:40.374+05:30  INFO 49057 --- [r-event-handler] k.c.group.GroupMetadataManager           : [GroupMetadataManager brokerId=0] Scheduling loading of offsets and group metadata from __consumer_offsets-16 for epoch 0
2025-10-02T12:44:40.374+05:30  INFO 49057 --- [r-event-handler] k.coordinator.group.GroupCoordinator     : [GroupCoordinator 0]: Elected as the group coordinator for partition 45 in epoch 0
2025-10-02T12:44:40.374+05:30  INFO 49057 --- [r-event-handler] k.c.group.GroupMetadataManager           : [GroupMetadataManager brokerId=0] Scheduling loading of offsets and group metadata from __consumer_offsets-45 for epoch 0
2025-10-02T12:44:40.374+05:30  INFO 49057 --- [r-event-handler] k.coordinator.group.GroupCoordinator     : [GroupCoordinator 0]: Elected as the group coordinator for partition 12 in epoch 0
2025-10-02T12:44:40.374+05:30  INFO 49057 --- [r-event-handler] k.c.group.GroupMetadataManager           : [GroupMetadataManager brokerId=0] Scheduling loading of offsets and group metadata from __consumer_offsets-12 for epoch 0
2025-10-02T12:44:40.374+05:30  INFO 49057 --- [r-event-handler] k.coordinator.group.GroupCoordinator     : [GroupCoordinator 0]: Elected as the group coordinator for partition 41 in epoch 0
2025-10-02T12:44:40.374+05:30  INFO 49057 --- [r-event-handler] k.c.group.GroupMetadataManager           : [GroupMetadataManager brokerId=0] Scheduling loading of offsets and group metadata from __consumer_offsets-41 for epoch 0
2025-10-02T12:44:40.374+05:30  INFO 49057 --- [r-event-handler] k.coordinator.group.GroupCoordinator     : [GroupCoordinator 0]: Elected as the group coordinator for partition 24 in epoch 0
2025-10-02T12:44:40.374+05:30  INFO 49057 --- [r-event-handler] k.c.group.GroupMetadataManager           : [GroupMetadataManager brokerId=0] Scheduling loading of offsets and group metadata from __consumer_offsets-24 for epoch 0
2025-10-02T12:44:40.374+05:30  INFO 49057 --- [r-event-handler] k.coordinator.group.GroupCoordinator     : [GroupCoordinator 0]: Elected as the group coordinator for partition 20 in epoch 0
2025-10-02T12:44:40.374+05:30  INFO 49057 --- [r-event-handler] k.c.group.GroupMetadataManager           : [GroupMetadataManager brokerId=0] Scheduling loading of offsets and group metadata from __consumer_offsets-20 for epoch 0
2025-10-02T12:44:40.374+05:30  INFO 49057 --- [r-event-handler] k.coordinator.group.GroupCoordinator     : [GroupCoordinator 0]: Elected as the group coordinator for partition 49 in epoch 0
2025-10-02T12:44:40.374+05:30  INFO 49057 --- [r-event-handler] k.c.group.GroupMetadataManager           : [GroupMetadataManager brokerId=0] Scheduling loading of offsets and group metadata from __consumer_offsets-49 for epoch 0
2025-10-02T12:44:40.374+05:30  INFO 49057 --- [r-event-handler] k.coordinator.group.GroupCoordinator     : [GroupCoordinator 0]: Elected as the group coordinator for partition 0 in epoch 0
2025-10-02T12:44:40.374+05:30  INFO 49057 --- [r-event-handler] k.c.group.GroupMetadataManager           : [GroupMetadataManager brokerId=0] Scheduling loading of offsets and group metadata from __consumer_offsets-0 for epoch 0
2025-10-02T12:44:40.374+05:30  INFO 49057 --- [r-event-handler] k.coordinator.group.GroupCoordinator     : [GroupCoordinator 0]: Elected as the group coordinator for partition 29 in epoch 0
2025-10-02T12:44:40.374+05:30  INFO 49057 --- [r-event-handler] k.c.group.GroupMetadataManager           : [GroupMetadataManager brokerId=0] Scheduling loading of offsets and group metadata from __consumer_offsets-29 for epoch 0
2025-10-02T12:44:40.374+05:30  INFO 49057 --- [r-event-handler] k.coordinator.group.GroupCoordinator     : [GroupCoordinator 0]: Elected as the group coordinator for partition 25 in epoch 0
2025-10-02T12:44:40.374+05:30  INFO 49057 --- [r-event-handler] k.c.group.GroupMetadataManager           : [GroupMetadataManager brokerId=0] Scheduling loading of offsets and group metadata from __consumer_offsets-25 for epoch 0
2025-10-02T12:44:40.374+05:30  INFO 49057 --- [r-event-handler] k.coordinator.group.GroupCoordinator     : [GroupCoordinator 0]: Elected as the group coordinator for partition 8 in epoch 0
2025-10-02T12:44:40.375+05:30  INFO 49057 --- [r-event-handler] k.c.group.GroupMetadataManager           : [GroupMetadataManager brokerId=0] Scheduling loading of offsets and group metadata from __consumer_offsets-8 for epoch 0
2025-10-02T12:44:40.375+05:30  INFO 49057 --- [r-event-handler] k.coordinator.group.GroupCoordinator     : [GroupCoordinator 0]: Elected as the group coordinator for partition 37 in epoch 0
2025-10-02T12:44:40.375+05:30  INFO 49057 --- [r-event-handler] k.c.group.GroupMetadataManager           : [GroupMetadataManager brokerId=0] Scheduling loading of offsets and group metadata from __consumer_offsets-37 for epoch 0
2025-10-02T12:44:40.375+05:30  INFO 49057 --- [r-event-handler] k.coordinator.group.GroupCoordinator     : [GroupCoordinator 0]: Elected as the group coordinator for partition 4 in epoch 0
2025-10-02T12:44:40.375+05:30  INFO 49057 --- [r-event-handler] k.c.group.GroupMetadataManager           : [GroupMetadataManager brokerId=0] Scheduling loading of offsets and group metadata from __consumer_offsets-4 for epoch 0
2025-10-02T12:44:40.375+05:30  INFO 49057 --- [r-event-handler] k.coordinator.group.GroupCoordinator     : [GroupCoordinator 0]: Elected as the group coordinator for partition 33 in epoch 0
2025-10-02T12:44:40.375+05:30  INFO 49057 --- [r-event-handler] k.c.group.GroupMetadataManager           : [GroupMetadataManager brokerId=0] Scheduling loading of offsets and group metadata from __consumer_offsets-33 for epoch 0
2025-10-02T12:44:40.375+05:30  INFO 49057 --- [r-event-handler] k.coordinator.group.GroupCoordinator     : [GroupCoordinator 0]: Elected as the group coordinator for partition 15 in epoch 0
2025-10-02T12:44:40.375+05:30  INFO 49057 --- [r-event-handler] k.c.group.GroupMetadataManager           : [GroupMetadataManager brokerId=0] Scheduling loading of offsets and group metadata from __consumer_offsets-15 for epoch 0
2025-10-02T12:44:40.375+05:30  INFO 49057 --- [r-event-handler] k.coordinator.group.GroupCoordinator     : [GroupCoordinator 0]: Elected as the group coordinator for partition 48 in epoch 0
2025-10-02T12:44:40.375+05:30  INFO 49057 --- [r-event-handler] k.c.group.GroupMetadataManager           : [GroupMetadataManager brokerId=0] Scheduling loading of offsets and group metadata from __consumer_offsets-48 for epoch 0
2025-10-02T12:44:40.375+05:30  INFO 49057 --- [r-event-handler] k.coordinator.group.GroupCoordinator     : [GroupCoordinator 0]: Elected as the group coordinator for partition 11 in epoch 0
2025-10-02T12:44:40.375+05:30  INFO 49057 --- [r-event-handler] k.c.group.GroupMetadataManager           : [GroupMetadataManager brokerId=0] Scheduling loading of offsets and group metadata from __consumer_offsets-11 for epoch 0
2025-10-02T12:44:40.375+05:30  INFO 49057 --- [r-event-handler] k.coordinator.group.GroupCoordinator     : [GroupCoordinator 0]: Elected as the group coordinator for partition 44 in epoch 0
2025-10-02T12:44:40.375+05:30  INFO 49057 --- [r-event-handler] k.c.group.GroupMetadataManager           : [GroupMetadataManager brokerId=0] Scheduling loading of offsets and group metadata from __consumer_offsets-44 for epoch 0
2025-10-02T12:44:40.375+05:30  INFO 49057 --- [r-event-handler] k.coordinator.group.GroupCoordinator     : [GroupCoordinator 0]: Elected as the group coordinator for partition 23 in epoch 0
2025-10-02T12:44:40.375+05:30  INFO 49057 --- [r-event-handler] k.c.group.GroupMetadataManager           : [GroupMetadataManager brokerId=0] Scheduling loading of offsets and group metadata from __consumer_offsets-23 for epoch 0
2025-10-02T12:44:40.375+05:30  INFO 49057 --- [r-event-handler] k.coordinator.group.GroupCoordinator     : [GroupCoordinator 0]: Elected as the group coordinator for partition 19 in epoch 0
2025-10-02T12:44:40.375+05:30  INFO 49057 --- [r-event-handler] k.c.group.GroupMetadataManager           : [GroupMetadataManager brokerId=0] Scheduling loading of offsets and group metadata from __consumer_offsets-19 for epoch 0
2025-10-02T12:44:40.375+05:30  INFO 49057 --- [r-event-handler] k.coordinator.group.GroupCoordinator     : [GroupCoordinator 0]: Elected as the group coordinator for partition 32 in epoch 0
2025-10-02T12:44:40.375+05:30  INFO 49057 --- [r-event-handler] k.c.group.GroupMetadataManager           : [GroupMetadataManager brokerId=0] Scheduling loading of offsets and group metadata from __consumer_offsets-32 for epoch 0
2025-10-02T12:44:40.375+05:30  INFO 49057 --- [r-event-handler] k.coordinator.group.GroupCoordinator     : [GroupCoordinator 0]: Elected as the group coordinator for partition 28 in epoch 0
2025-10-02T12:44:40.375+05:30  INFO 49057 --- [r-event-handler] k.c.group.GroupMetadataManager           : [GroupMetadataManager brokerId=0] Scheduling loading of offsets and group metadata from __consumer_offsets-28 for epoch 0
2025-10-02T12:44:40.375+05:30  INFO 49057 --- [r-event-handler] k.coordinator.group.GroupCoordinator     : [GroupCoordinator 0]: Elected as the group coordinator for partition 7 in epoch 0
2025-10-02T12:44:40.375+05:30  INFO 49057 --- [r-event-handler] k.c.group.GroupMetadataManager           : [GroupMetadataManager brokerId=0] Scheduling loading of offsets and group metadata from __consumer_offsets-7 for epoch 0
2025-10-02T12:44:40.375+05:30  INFO 49057 --- [r-event-handler] k.coordinator.group.GroupCoordinator     : [GroupCoordinator 0]: Elected as the group coordinator for partition 40 in epoch 0
2025-10-02T12:44:40.375+05:30  INFO 49057 --- [r-event-handler] k.c.group.GroupMetadataManager           : [GroupMetadataManager brokerId=0] Scheduling loading of offsets and group metadata from __consumer_offsets-40 for epoch 0
2025-10-02T12:44:40.375+05:30  INFO 49057 --- [r-event-handler] k.coordinator.group.GroupCoordinator     : [GroupCoordinator 0]: Elected as the group coordinator for partition 3 in epoch 0
2025-10-02T12:44:40.375+05:30  INFO 49057 --- [r-event-handler] k.c.group.GroupMetadataManager           : [GroupMetadataManager brokerId=0] Scheduling loading of offsets and group metadata from __consumer_offsets-3 for epoch 0
2025-10-02T12:44:40.375+05:30  INFO 49057 --- [r-event-handler] k.coordinator.group.GroupCoordinator     : [GroupCoordinator 0]: Elected as the group coordinator for partition 36 in epoch 0
2025-10-02T12:44:40.375+05:30  INFO 49057 --- [r-event-handler] k.c.group.GroupMetadataManager           : [GroupMetadataManager brokerId=0] Scheduling loading of offsets and group metadata from __consumer_offsets-36 for epoch 0
2025-10-02T12:44:40.375+05:30  INFO 49057 --- [r-event-handler] k.coordinator.group.GroupCoordinator     : [GroupCoordinator 0]: Elected as the group coordinator for partition 47 in epoch 0
2025-10-02T12:44:40.375+05:30  INFO 49057 --- [r-event-handler] k.c.group.GroupMetadataManager           : [GroupMetadataManager brokerId=0] Scheduling loading of offsets and group metadata from __consumer_offsets-47 for epoch 0
2025-10-02T12:44:40.375+05:30  INFO 49057 --- [r-event-handler] k.coordinator.group.GroupCoordinator     : [GroupCoordinator 0]: Elected as the group coordinator for partition 14 in epoch 0
2025-10-02T12:44:40.375+05:30  INFO 49057 --- [r-event-handler] k.c.group.GroupMetadataManager           : [GroupMetadataManager brokerId=0] Scheduling loading of offsets and group metadata from __consumer_offsets-14 for epoch 0
2025-10-02T12:44:40.375+05:30  INFO 49057 --- [r-event-handler] k.coordinator.group.GroupCoordinator     : [GroupCoordinator 0]: Elected as the group coordinator for partition 43 in epoch 0
2025-10-02T12:44:40.375+05:30  INFO 49057 --- [r-event-handler] k.c.group.GroupMetadataManager           : [GroupMetadataManager brokerId=0] Scheduling loading of offsets and group metadata from __consumer_offsets-43 for epoch 0
2025-10-02T12:44:40.375+05:30  INFO 49057 --- [r-event-handler] k.coordinator.group.GroupCoordinator     : [GroupCoordinator 0]: Elected as the group coordinator for partition 10 in epoch 0
2025-10-02T12:44:40.375+05:30  INFO 49057 --- [r-event-handler] k.c.group.GroupMetadataManager           : [GroupMetadataManager brokerId=0] Scheduling loading of offsets and group metadata from __consumer_offsets-10 for epoch 0
2025-10-02T12:44:40.375+05:30  INFO 49057 --- [r-event-handler] k.coordinator.group.GroupCoordinator     : [GroupCoordinator 0]: Elected as the group coordinator for partition 22 in epoch 0
2025-10-02T12:44:40.375+05:30  INFO 49057 --- [r-event-handler] k.c.group.GroupMetadataManager           : [GroupMetadataManager brokerId=0] Scheduling loading of offsets and group metadata from __consumer_offsets-22 for epoch 0
2025-10-02T12:44:40.375+05:30  INFO 49057 --- [r-event-handler] k.coordinator.group.GroupCoordinator     : [GroupCoordinator 0]: Elected as the group coordinator for partition 18 in epoch 0
2025-10-02T12:44:40.375+05:30  INFO 49057 --- [r-event-handler] k.c.group.GroupMetadataManager           : [GroupMetadataManager brokerId=0] Scheduling loading of offsets and group metadata from __consumer_offsets-18 for epoch 0
2025-10-02T12:44:40.375+05:30  INFO 49057 --- [r-event-handler] k.coordinator.group.GroupCoordinator     : [GroupCoordinator 0]: Elected as the group coordinator for partition 31 in epoch 0
2025-10-02T12:44:40.375+05:30  INFO 49057 --- [r-event-handler] k.c.group.GroupMetadataManager           : [GroupMetadataManager brokerId=0] Scheduling loading of offsets and group metadata from __consumer_offsets-31 for epoch 0
2025-10-02T12:44:40.375+05:30  INFO 49057 --- [r-event-handler] k.coordinator.group.GroupCoordinator     : [GroupCoordinator 0]: Elected as the group coordinator for partition 27 in epoch 0
2025-10-02T12:44:40.375+05:30  INFO 49057 --- [r-event-handler] k.c.group.GroupMetadataManager           : [GroupMetadataManager brokerId=0] Scheduling loading of offsets and group metadata from __consumer_offsets-27 for epoch 0
2025-10-02T12:44:40.375+05:30  INFO 49057 --- [r-event-handler] k.coordinator.group.GroupCoordinator     : [GroupCoordinator 0]: Elected as the group coordinator for partition 39 in epoch 0
2025-10-02T12:44:40.375+05:30  INFO 49057 --- [r-event-handler] k.c.group.GroupMetadataManager           : [GroupMetadataManager brokerId=0] Scheduling loading of offsets and group metadata from __consumer_offsets-39 for epoch 0
2025-10-02T12:44:40.375+05:30  INFO 49057 --- [r-event-handler] k.coordinator.group.GroupCoordinator     : [GroupCoordinator 0]: Elected as the group coordinator for partition 6 in epoch 0
2025-10-02T12:44:40.375+05:30  INFO 49057 --- [r-event-handler] k.c.group.GroupMetadataManager           : [GroupMetadataManager brokerId=0] Scheduling loading of offsets and group metadata from __consumer_offsets-6 for epoch 0
2025-10-02T12:44:40.375+05:30  INFO 49057 --- [r-event-handler] k.coordinator.group.GroupCoordinator     : [GroupCoordinator 0]: Elected as the group coordinator for partition 35 in epoch 0
2025-10-02T12:44:40.375+05:30  INFO 49057 --- [r-event-handler] k.c.group.GroupMetadataManager           : [GroupMetadataManager brokerId=0] Scheduling loading of offsets and group metadata from __consumer_offsets-35 for epoch 0
2025-10-02T12:44:40.375+05:30  INFO 49057 --- [r-event-handler] k.coordinator.group.GroupCoordinator     : [GroupCoordinator 0]: Elected as the group coordinator for partition 2 in epoch 0
2025-10-02T12:44:40.375+05:30  INFO 49057 --- [r-event-handler] k.c.group.GroupMetadataManager           : [GroupMetadataManager brokerId=0] Scheduling loading of offsets and group metadata from __consumer_offsets-2 for epoch 0
2025-10-02T12:44:40.377+05:30  INFO 49057 --- [adata-manager-0] k.c.group.GroupMetadataManager           : [GroupMetadataManager brokerId=0] Finished loading offsets and group metadata from __consumer_offsets-13 in 3 milliseconds for epoch 0, of which 1 milliseconds was spent in the scheduler.
2025-10-02T12:44:40.377+05:30  INFO 49057 --- [adata-manager-0] k.c.group.GroupMetadataManager           : [GroupMetadataManager brokerId=0] Finished loading offsets and group metadata from __consumer_offsets-46 in 3 milliseconds for epoch 0, of which 3 milliseconds was spent in the scheduler.
2025-10-02T12:44:40.377+05:30  INFO 49057 --- [adata-manager-0] k.c.group.GroupMetadataManager           : [GroupMetadataManager brokerId=0] Finished loading offsets and group metadata from __consumer_offsets-9 in 3 milliseconds for epoch 0, of which 3 milliseconds was spent in the scheduler.
2025-10-02T12:44:40.378+05:30  INFO 49057 --- [adata-manager-0] k.c.group.GroupMetadataManager           : [GroupMetadataManager brokerId=0] Finished loading offsets and group metadata from __consumer_offsets-42 in 4 milliseconds for epoch 0, of which 4 milliseconds was spent in the scheduler.
2025-10-02T12:44:40.378+05:30  INFO 49057 --- [r-event-handler] k.s.metadata.DynamicConfigPublisher      : [DynamicConfigPublisher broker id=0] Updating topic __consumer_offsets with new configuration : compression.type -> producer,cleanup.policy -> compact,segment.bytes -> 104857600
2025-10-02T12:44:40.378+05:30  INFO 49057 --- [adata-manager-0] k.c.group.GroupMetadataManager           : [GroupMetadataManager brokerId=0] Finished loading offsets and group metadata from __consumer_offsets-21 in 4 milliseconds for epoch 0, of which 4 milliseconds was spent in the scheduler.
2025-10-02T12:44:40.378+05:30  INFO 49057 --- [adata-manager-0] k.c.group.GroupMetadataManager           : [GroupMetadataManager brokerId=0] Finished loading offsets and group metadata from __consumer_offsets-17 in 4 milliseconds for epoch 0, of which 4 milliseconds was spent in the scheduler.
2025-10-02T12:44:40.378+05:30  INFO 49057 --- [adata-manager-0] k.c.group.GroupMetadataManager           : [GroupMetadataManager brokerId=0] Finished loading offsets and group metadata from __consumer_offsets-30 in 4 milliseconds for epoch 0, of which 4 milliseconds was spent in the scheduler.
2025-10-02T12:44:40.378+05:30  INFO 49057 --- [adata-manager-0] k.c.group.GroupMetadataManager           : [GroupMetadataManager brokerId=0] Finished loading offsets and group metadata from __consumer_offsets-26 in 4 milliseconds for epoch 0, of which 4 milliseconds was spent in the scheduler.
2025-10-02T12:44:40.378+05:30  INFO 49057 --- [adata-manager-0] k.c.group.GroupMetadataManager           : [GroupMetadataManager brokerId=0] Finished loading offsets and group metadata from __consumer_offsets-5 in 4 milliseconds for epoch 0, of which 4 milliseconds was spent in the scheduler.
2025-10-02T12:44:40.378+05:30  INFO 49057 --- [adata-manager-0] k.c.group.GroupMetadataManager           : [GroupMetadataManager brokerId=0] Finished loading offsets and group metadata from __consumer_offsets-38 in 4 milliseconds for epoch 0, of which 4 milliseconds was spent in the scheduler.
2025-10-02T12:44:40.378+05:30  INFO 49057 --- [adata-manager-0] k.c.group.GroupMetadataManager           : [GroupMetadataManager brokerId=0] Finished loading offsets and group metadata from __consumer_offsets-1 in 4 milliseconds for epoch 0, of which 4 milliseconds was spent in the scheduler.
2025-10-02T12:44:40.378+05:30  INFO 49057 --- [adata-manager-0] k.c.group.GroupMetadataManager           : [GroupMetadataManager brokerId=0] Finished loading offsets and group metadata from __consumer_offsets-34 in 4 milliseconds for epoch 0, of which 4 milliseconds was spent in the scheduler.
2025-10-02T12:44:40.378+05:30  INFO 49057 --- [adata-manager-0] k.c.group.GroupMetadataManager           : [GroupMetadataManager brokerId=0] Finished loading offsets and group metadata from __consumer_offsets-16 in 4 milliseconds for epoch 0, of which 4 milliseconds was spent in the scheduler.
2025-10-02T12:44:40.378+05:30  INFO 49057 --- [adata-manager-0] k.c.group.GroupMetadataManager           : [GroupMetadataManager brokerId=0] Finished loading offsets and group metadata from __consumer_offsets-45 in 4 milliseconds for epoch 0, of which 4 milliseconds was spent in the scheduler.
2025-10-02T12:44:40.378+05:30  INFO 49057 --- [adata-manager-0] k.c.group.GroupMetadataManager           : [GroupMetadataManager brokerId=0] Finished loading offsets and group metadata from __consumer_offsets-12 in 4 milliseconds for epoch 0, of which 4 milliseconds was spent in the scheduler.
2025-10-02T12:44:40.378+05:30  INFO 49057 --- [adata-manager-0] k.c.group.GroupMetadataManager           : [GroupMetadataManager brokerId=0] Finished loading offsets and group metadata from __consumer_offsets-41 in 4 milliseconds for epoch 0, of which 4 milliseconds was spent in the scheduler.
2025-10-02T12:44:40.378+05:30  INFO 49057 --- [adata-manager-0] k.c.group.GroupMetadataManager           : [GroupMetadataManager brokerId=0] Finished loading offsets and group metadata from __consumer_offsets-24 in 4 milliseconds for epoch 0, of which 4 milliseconds was spent in the scheduler.
2025-10-02T12:44:40.379+05:30  INFO 49057 --- [adata-manager-0] k.c.group.GroupMetadataManager           : [GroupMetadataManager brokerId=0] Finished loading offsets and group metadata from __consumer_offsets-20 in 5 milliseconds for epoch 0, of which 4 milliseconds was spent in the scheduler.
2025-10-02T12:44:40.379+05:30  INFO 49057 --- [adata-manager-0] k.c.group.GroupMetadataManager           : [GroupMetadataManager brokerId=0] Finished loading offsets and group metadata from __consumer_offsets-49 in 5 milliseconds for epoch 0, of which 5 milliseconds was spent in the scheduler.
2025-10-02T12:44:40.379+05:30  INFO 49057 --- [adata-manager-0] k.c.group.GroupMetadataManager           : [GroupMetadataManager brokerId=0] Finished loading offsets and group metadata from __consumer_offsets-0 in 5 milliseconds for epoch 0, of which 5 milliseconds was spent in the scheduler.
2025-10-02T12:44:40.379+05:30  INFO 49057 --- [adata-manager-0] k.c.group.GroupMetadataManager           : [GroupMetadataManager brokerId=0] Finished loading offsets and group metadata from __consumer_offsets-29 in 5 milliseconds for epoch 0, of which 5 milliseconds was spent in the scheduler.
2025-10-02T12:44:40.379+05:30  INFO 49057 --- [adata-manager-0] k.c.group.GroupMetadataManager           : [GroupMetadataManager brokerId=0] Finished loading offsets and group metadata from __consumer_offsets-25 in 5 milliseconds for epoch 0, of which 5 milliseconds was spent in the scheduler.
2025-10-02T12:44:40.379+05:30  INFO 49057 --- [adata-manager-0] k.c.group.GroupMetadataManager           : [GroupMetadataManager brokerId=0] Finished loading offsets and group metadata from __consumer_offsets-8 in 4 milliseconds for epoch 0, of which 4 milliseconds was spent in the scheduler.
2025-10-02T12:44:40.379+05:30  INFO 49057 --- [adata-manager-0] k.c.group.GroupMetadataManager           : [GroupMetadataManager brokerId=0] Finished loading offsets and group metadata from __consumer_offsets-37 in 4 milliseconds for epoch 0, of which 4 milliseconds was spent in the scheduler.
2025-10-02T12:44:40.379+05:30  INFO 49057 --- [adata-manager-0] k.c.group.GroupMetadataManager           : [GroupMetadataManager brokerId=0] Finished loading offsets and group metadata from __consumer_offsets-4 in 4 milliseconds for epoch 0, of which 4 milliseconds was spent in the scheduler.
2025-10-02T12:44:40.379+05:30  INFO 49057 --- [adata-manager-0] k.c.group.GroupMetadataManager           : [GroupMetadataManager brokerId=0] Finished loading offsets and group metadata from __consumer_offsets-33 in 4 milliseconds for epoch 0, of which 4 milliseconds was spent in the scheduler.
2025-10-02T12:44:40.379+05:30  INFO 49057 --- [adata-manager-0] k.c.group.GroupMetadataManager           : [GroupMetadataManager brokerId=0] Finished loading offsets and group metadata from __consumer_offsets-15 in 4 milliseconds for epoch 0, of which 4 milliseconds was spent in the scheduler.
2025-10-02T12:44:40.379+05:30  INFO 49057 --- [adata-manager-0] k.c.group.GroupMetadataManager           : [GroupMetadataManager brokerId=0] Finished loading offsets and group metadata from __consumer_offsets-48 in 4 milliseconds for epoch 0, of which 4 milliseconds was spent in the scheduler.
2025-10-02T12:44:40.379+05:30  INFO 49057 --- [adata-manager-0] k.c.group.GroupMetadataManager           : [GroupMetadataManager brokerId=0] Finished loading offsets and group metadata from __consumer_offsets-11 in 4 milliseconds for epoch 0, of which 4 milliseconds was spent in the scheduler.
2025-10-02T12:44:40.380+05:30  INFO 49057 --- [adata-manager-0] k.c.group.GroupMetadataManager           : [GroupMetadataManager brokerId=0] Finished loading offsets and group metadata from __consumer_offsets-44 in 5 milliseconds for epoch 0, of which 4 milliseconds was spent in the scheduler.
2025-10-02T12:44:40.380+05:30  INFO 49057 --- [adata-manager-0] k.c.group.GroupMetadataManager           : [GroupMetadataManager brokerId=0] Finished loading offsets and group metadata from __consumer_offsets-23 in 5 milliseconds for epoch 0, of which 5 milliseconds was spent in the scheduler.
2025-10-02T12:44:40.380+05:30  INFO 49057 --- [adata-manager-0] k.c.group.GroupMetadataManager           : [GroupMetadataManager brokerId=0] Finished loading offsets and group metadata from __consumer_offsets-19 in 5 milliseconds for epoch 0, of which 5 milliseconds was spent in the scheduler.
2025-10-02T12:44:40.380+05:30  INFO 49057 --- [adata-manager-0] k.c.group.GroupMetadataManager           : [GroupMetadataManager brokerId=0] Finished loading offsets and group metadata from __consumer_offsets-32 in 5 milliseconds for epoch 0, of which 5 milliseconds was spent in the scheduler.
2025-10-02T12:44:40.380+05:30  INFO 49057 --- [adata-manager-0] k.c.group.GroupMetadataManager           : [GroupMetadataManager brokerId=0] Finished loading offsets and group metadata from __consumer_offsets-28 in 5 milliseconds for epoch 0, of which 5 milliseconds was spent in the scheduler.
2025-10-02T12:44:40.380+05:30  INFO 49057 --- [adata-manager-0] k.c.group.GroupMetadataManager           : [GroupMetadataManager brokerId=0] Finished loading offsets and group metadata from __consumer_offsets-7 in 5 milliseconds for epoch 0, of which 5 milliseconds was spent in the scheduler.
2025-10-02T12:44:40.380+05:30  INFO 49057 --- [adata-manager-0] k.c.group.GroupMetadataManager           : [GroupMetadataManager brokerId=0] Finished loading offsets and group metadata from __consumer_offsets-40 in 5 milliseconds for epoch 0, of which 5 milliseconds was spent in the scheduler.
2025-10-02T12:44:40.380+05:30  INFO 49057 --- [adata-manager-0] k.c.group.GroupMetadataManager           : [GroupMetadataManager brokerId=0] Finished loading offsets and group metadata from __consumer_offsets-3 in 5 milliseconds for epoch 0, of which 5 milliseconds was spent in the scheduler.
2025-10-02T12:44:40.380+05:30  INFO 49057 --- [adata-manager-0] k.c.group.GroupMetadataManager           : [GroupMetadataManager brokerId=0] Finished loading offsets and group metadata from __consumer_offsets-36 in 5 milliseconds for epoch 0, of which 5 milliseconds was spent in the scheduler.
2025-10-02T12:44:40.380+05:30  INFO 49057 --- [adata-manager-0] k.c.group.GroupMetadataManager           : [GroupMetadataManager brokerId=0] Finished loading offsets and group metadata from __consumer_offsets-47 in 5 milliseconds for epoch 0, of which 5 milliseconds was spent in the scheduler.
2025-10-02T12:44:40.380+05:30  INFO 49057 --- [adata-manager-0] k.c.group.GroupMetadataManager           : [GroupMetadataManager brokerId=0] Finished loading offsets and group metadata from __consumer_offsets-14 in 5 milliseconds for epoch 0, of which 5 milliseconds was spent in the scheduler.
2025-10-02T12:44:40.380+05:30  INFO 49057 --- [adata-manager-0] k.c.group.GroupMetadataManager           : [GroupMetadataManager brokerId=0] Finished loading offsets and group metadata from __consumer_offsets-43 in 5 milliseconds for epoch 0, of which 5 milliseconds was spent in the scheduler.
2025-10-02T12:44:40.380+05:30  INFO 49057 --- [adata-manager-0] k.c.group.GroupMetadataManager           : [GroupMetadataManager brokerId=0] Finished loading offsets and group metadata from __consumer_offsets-10 in 5 milliseconds for epoch 0, of which 5 milliseconds was spent in the scheduler.
2025-10-02T12:44:40.381+05:30  INFO 49057 --- [adata-manager-0] k.c.group.GroupMetadataManager           : [GroupMetadataManager brokerId=0] Finished loading offsets and group metadata from __consumer_offsets-22 in 6 milliseconds for epoch 0, of which 5 milliseconds was spent in the scheduler.
2025-10-02T12:44:40.381+05:30  INFO 49057 --- [adata-manager-0] k.c.group.GroupMetadataManager           : [GroupMetadataManager brokerId=0] Finished loading offsets and group metadata from __consumer_offsets-18 in 6 milliseconds for epoch 0, of which 6 milliseconds was spent in the scheduler.
2025-10-02T12:44:40.381+05:30  INFO 49057 --- [adata-manager-0] k.c.group.GroupMetadataManager           : [GroupMetadataManager brokerId=0] Finished loading offsets and group metadata from __consumer_offsets-31 in 6 milliseconds for epoch 0, of which 6 milliseconds was spent in the scheduler.
2025-10-02T12:44:40.381+05:30  INFO 49057 --- [adata-manager-0] k.c.group.GroupMetadataManager           : [GroupMetadataManager brokerId=0] Finished loading offsets and group metadata from __consumer_offsets-27 in 6 milliseconds for epoch 0, of which 6 milliseconds was spent in the scheduler.
2025-10-02T12:44:40.381+05:30  INFO 49057 --- [adata-manager-0] k.c.group.GroupMetadataManager           : [GroupMetadataManager brokerId=0] Finished loading offsets and group metadata from __consumer_offsets-39 in 6 milliseconds for epoch 0, of which 6 milliseconds was spent in the scheduler.
2025-10-02T12:44:40.381+05:30  INFO 49057 --- [adata-manager-0] k.c.group.GroupMetadataManager           : [GroupMetadataManager brokerId=0] Finished loading offsets and group metadata from __consumer_offsets-6 in 6 milliseconds for epoch 0, of which 6 milliseconds was spent in the scheduler.
2025-10-02T12:44:40.381+05:30  INFO 49057 --- [adata-manager-0] k.c.group.GroupMetadataManager           : [GroupMetadataManager brokerId=0] Finished loading offsets and group metadata from __consumer_offsets-35 in 6 milliseconds for epoch 0, of which 6 milliseconds was spent in the scheduler.
2025-10-02T12:44:40.381+05:30  INFO 49057 --- [adata-manager-0] k.c.group.GroupMetadataManager           : [GroupMetadataManager brokerId=0] Finished loading offsets and group metadata from __consumer_offsets-2 in 6 milliseconds for epoch 0, of which 6 milliseconds was spent in the scheduler.
2025-10-02T12:44:40.394+05:30  INFO 49057 --- [quest-handler-4] k.coordinator.group.GroupCoordinator     : [GroupCoordinator 0]: Dynamic member with unknown member id joins group midas-group in Empty state. Created a new member id consumer-midas-group-1-a1cfdb81-d0f8-4f1a-9a02-d407974769b1 and request the member to rejoin with this id.
2025-10-02T12:44:40.401+05:30  INFO 49057 --- [quest-handler-0] k.coordinator.group.GroupCoordinator     : [GroupCoordinator 0]: Preparing to rebalance group midas-group in state PreparingRebalance with old generation 0 (__consumer_offsets-20) (reason: Adding new member consumer-midas-group-1-a1cfdb81-d0f8-4f1a-9a02-d407974769b1 with group instance id None; client reason: rebalance failed due to MemberIdRequiredException)
2025-10-02T12:44:40.404+05:30  INFO 49057 --- [cutor-Rebalance] k.coordinator.group.GroupCoordinator     : [GroupCoordinator 0]: Stabilized group midas-group generation 1 (__consumer_offsets-20) with 1 members
2025-10-02T12:44:40.413+05:30  INFO 49057 --- [quest-handler-7] k.coordinator.group.GroupCoordinator     : [GroupCoordinator 0]: Assignment received from leader consumer-midas-group-1-a1cfdb81-d0f8-4f1a-9a02-d407974769b1 for group midas-group for generation 1. The group has 1 members, 0 of which are static.
2025-10-02T12:44:42.155+05:30  INFO 49057 --- [           main] com.jpmc.midascore.TaskFiveTests         : ----------------------------------------------------------
2025-10-02T12:44:42.156+05:30  INFO 49057 --- [           main] com.jpmc.midascore.TaskFiveTests         : ----------------------------------------------------------
2025-10-02T12:44:42.156+05:30  INFO 49057 --- [           main] com.jpmc.midascore.TaskFiveTests         : ----------------------------------------------------------
2025-10-02T12:44:42.156+05:30  INFO 49057 --- [           main] com.jpmc.midascore.TaskFiveTests         : submit the following output to complete the task (include begin and end output denotations)
2025-10-02T12:44:42.221+05:30  INFO 49057 --- [io-33400-exec-1] o.a.c.c.C.[Tomcat].[localhost].[/]       : Initializing Spring DispatcherServlet 'dispatcherServlet'
2025-10-02T12:44:42.221+05:30  INFO 49057 --- [io-33400-exec-1] o.s.web.servlet.DispatcherServlet        : Initializing Servlet 'dispatcherServlet'
2025-10-02T12:44:42.222+05:30  INFO 49057 --- [io-33400-exec-1] o.s.web.servlet.DispatcherServlet        : Completed initialization in 1 ms
2025-10-02T12:44:42.317+05:30  INFO 49057 --- [           main] com.jpmc.midascore.TaskFiveTests         : 
---begin output ---
Balance {amount=0.0}
Balance {amount=1200.23}
Balance {amount=2215.37}
Balance {amount=2774.14}
Balance {amount=12.34}
Balance {amount=444.55}
Balance {amount=888.9}
Balance {amount=777.6}
Balance {amount=68.7}
Balance {amount=3476.21}
Balance {amount=2121.54}
Balance {amount=779421.3}
Balance {amount=0.0}
---end output ---
2025-10-02T12:44:42.333+05:30  INFO 49057 --- [quest-handler-0] k.coordinator.group.GroupCoordinator     : [GroupCoordinator 0]: Preparing to rebalance group midas-group in state PreparingRebalance with old generation 1 (__consumer_offsets-20) (reason: Removing member consumer-midas-group-1-a1cfdb81-d0f8-4f1a-9a02-d407974769b1 on LeaveGroup; client reason: the consumer unsubscribed from all topics)
2025-10-02T12:44:42.334+05:30  INFO 49057 --- [quest-handler-0] k.coordinator.group.GroupCoordinator     : [GroupCoordinator 0]: Group midas-group with generation 2 is now empty (__consumer_offsets-20)
2025-10-02T12:44:42.335+05:30  INFO 49057 --- [quest-handler-0] k.coordinator.group.GroupCoordinator     : [GroupCoordinator 0]: Member MemberMetadata(memberId=consumer-midas-group-1-a1cfdb81-d0f8-4f1a-9a02-d407974769b1, groupInstanceId=None, clientId=consumer-midas-group-1, clientHost=/127.0.0.1, sessionTimeoutMs=45000, rebalanceTimeoutMs=300000, supportedProtocols=List(range, cooperative-sticky)) has left group midas-group through explicit `LeaveGroup`; client reason: the consumer unsubscribed from all topics
2025-10-02T12:44:42.510+05:30  INFO 49057 --- [-kit-executor-4] kafka.server.BrokerServer                : [BrokerServer id=0] Transition from STARTED to SHUTTING_DOWN
2025-10-02T12:44:42.510+05:30  INFO 49057 --- [-kit-executor-4] kafka.server.BrokerServer                : [BrokerServer id=0] shutting down
2025-10-02T12:44:42.513+05:30  INFO 49057 --- [r-event-handler] kafka.server.BrokerLifecycleManager      : [BrokerLifecycleManager id=0] Beginning controlled shutdown.
2025-10-02T12:44:42.549+05:30  INFO 49057 --- [channel-manager] kafka.server.BrokerLifecycleManager      : [BrokerLifecycleManager id=0] The broker is in PENDING_CONTROLLED_SHUTDOWN state, still waiting for the active controller.
2025-10-02T12:44:42.549+05:30  INFO 49057 --- [r-event-handler] state.change.logger                      : [Broker id=0] Transitioning 51 partition(s) to local followers.
2025-10-02T12:44:42.551+05:30  INFO 49057 --- [r-event-handler] state.change.logger                      : [Broker id=0] Follower __consumer_offsets-13 starts at leader epoch 1 from offset 0 with partition epoch 1 and high watermark 0. Current leader is -1. Previous leader Some(-1) and previous leader epoch was 1.
2025-10-02T12:44:42.551+05:30  INFO 49057 --- [r-event-handler] state.change.logger                      : [Broker id=0] Follower __consumer_offsets-46 starts at leader epoch 1 from offset 0 with partition epoch 1 and high watermark 0. Current leader is -1. Previous leader Some(-1) and previous leader epoch was 1.
2025-10-02T12:44:42.551+05:30  INFO 49057 --- [r-event-handler] state.change.logger                      : [Broker id=0] Follower __consumer_offsets-9 starts at leader epoch 1 from offset 0 with partition epoch 1 and high watermark 0. Current leader is -1. Previous leader Some(-1) and previous leader epoch was 1.
2025-10-02T12:44:42.551+05:30  INFO 49057 --- [r-event-handler] state.change.logger                      : [Broker id=0] Follower __consumer_offsets-42 starts at leader epoch 1 from offset 0 with partition epoch 1 and high watermark 0. Current leader is -1. Previous leader Some(-1) and previous leader epoch was 1.
2025-10-02T12:44:42.551+05:30  INFO 49057 --- [r-event-handler] state.change.logger                      : [Broker id=0] Follower midas.transactions-0 starts at leader epoch 1 from offset 22 with partition epoch 1 and high watermark 22. Current leader is -1. Previous leader Some(-1) and previous leader epoch was 1.
2025-10-02T12:44:42.551+05:30  INFO 49057 --- [r-event-handler] state.change.logger                      : [Broker id=0] Follower __consumer_offsets-21 starts at leader epoch 1 from offset 0 with partition epoch 1 and high watermark 0. Current leader is -1. Previous leader Some(-1) and previous leader epoch was 1.
2025-10-02T12:44:42.551+05:30  INFO 49057 --- [r-event-handler] state.change.logger                      : [Broker id=0] Follower __consumer_offsets-17 starts at leader epoch 1 from offset 0 with partition epoch 1 and high watermark 0. Current leader is -1. Previous leader Some(-1) and previous leader epoch was 1.
2025-10-02T12:44:42.552+05:30  INFO 49057 --- [r-event-handler] state.change.logger                      : [Broker id=0] Follower __consumer_offsets-30 starts at leader epoch 1 from offset 0 with partition epoch 1 and high watermark 0. Current leader is -1. Previous leader Some(-1) and previous leader epoch was 1.
2025-10-02T12:44:42.552+05:30  INFO 49057 --- [r-event-handler] state.change.logger                      : [Broker id=0] Follower __consumer_offsets-26 starts at leader epoch 1 from offset 0 with partition epoch 1 and high watermark 0. Current leader is -1. Previous leader Some(-1) and previous leader epoch was 1.
2025-10-02T12:44:42.552+05:30  INFO 49057 --- [r-event-handler] state.change.logger                      : [Broker id=0] Follower __consumer_offsets-5 starts at leader epoch 1 from offset 0 with partition epoch 1 and high watermark 0. Current leader is -1. Previous leader Some(-1) and previous leader epoch was 1.
2025-10-02T12:44:42.552+05:30  INFO 49057 --- [r-event-handler] state.change.logger                      : [Broker id=0] Follower __consumer_offsets-38 starts at leader epoch 1 from offset 0 with partition epoch 1 and high watermark 0. Current leader is -1. Previous leader Some(-1) and previous leader epoch was 1.
2025-10-02T12:44:42.552+05:30  INFO 49057 --- [r-event-handler] state.change.logger                      : [Broker id=0] Follower __consumer_offsets-1 starts at leader epoch 1 from offset 0 with partition epoch 1 and high watermark 0. Current leader is -1. Previous leader Some(-1) and previous leader epoch was 1.
2025-10-02T12:44:42.552+05:30  INFO 49057 --- [r-event-handler] state.change.logger                      : [Broker id=0] Follower __consumer_offsets-34 starts at leader epoch 1 from offset 0 with partition epoch 1 and high watermark 0. Current leader is -1. Previous leader Some(-1) and previous leader epoch was 1.
2025-10-02T12:44:42.552+05:30  INFO 49057 --- [r-event-handler] state.change.logger                      : [Broker id=0] Follower __consumer_offsets-16 starts at leader epoch 1 from offset 0 with partition epoch 1 and high watermark 0. Current leader is -1. Previous leader Some(-1) and previous leader epoch was 1.
2025-10-02T12:44:42.552+05:30  INFO 49057 --- [r-event-handler] state.change.logger                      : [Broker id=0] Follower __consumer_offsets-45 starts at leader epoch 1 from offset 0 with partition epoch 1 and high watermark 0. Current leader is -1. Previous leader Some(-1) and previous leader epoch was 1.
2025-10-02T12:44:42.552+05:30  INFO 49057 --- [r-event-handler] state.change.logger                      : [Broker id=0] Follower __consumer_offsets-12 starts at leader epoch 1 from offset 0 with partition epoch 1 and high watermark 0. Current leader is -1. Previous leader Some(-1) and previous leader epoch was 1.
2025-10-02T12:44:42.552+05:30  INFO 49057 --- [r-event-handler] state.change.logger                      : [Broker id=0] Follower __consumer_offsets-41 starts at leader epoch 1 from offset 0 with partition epoch 1 and high watermark 0. Current leader is -1. Previous leader Some(-1) and previous leader epoch was 1.
2025-10-02T12:44:42.552+05:30  INFO 49057 --- [r-event-handler] state.change.logger                      : [Broker id=0] Follower __consumer_offsets-24 starts at leader epoch 1 from offset 0 with partition epoch 1 and high watermark 0. Current leader is -1. Previous leader Some(-1) and previous leader epoch was 1.
2025-10-02T12:44:42.552+05:30  INFO 49057 --- [r-event-handler] state.change.logger                      : [Broker id=0] Follower __consumer_offsets-20 starts at leader epoch 1 from offset 3 with partition epoch 1 and high watermark 3. Current leader is -1. Previous leader Some(-1) and previous leader epoch was 1.
2025-10-02T12:44:42.552+05:30  INFO 49057 --- [r-event-handler] state.change.logger                      : [Broker id=0] Follower __consumer_offsets-49 starts at leader epoch 1 from offset 0 with partition epoch 1 and high watermark 0. Current leader is -1. Previous leader Some(-1) and previous leader epoch was 1.
2025-10-02T12:44:42.552+05:30  INFO 49057 --- [r-event-handler] state.change.logger                      : [Broker id=0] Follower __consumer_offsets-0 starts at leader epoch 1 from offset 0 with partition epoch 1 and high watermark 0. Current leader is -1. Previous leader Some(-1) and previous leader epoch was 1.
2025-10-02T12:44:42.552+05:30  INFO 49057 --- [r-event-handler] state.change.logger                      : [Broker id=0] Follower __consumer_offsets-29 starts at leader epoch 1 from offset 0 with partition epoch 1 and high watermark 0. Current leader is -1. Previous leader Some(-1) and previous leader epoch was 1.
2025-10-02T12:44:42.552+05:30  INFO 49057 --- [r-event-handler] state.change.logger                      : [Broker id=0] Follower __consumer_offsets-25 starts at leader epoch 1 from offset 0 with partition epoch 1 and high watermark 0. Current leader is -1. Previous leader Some(-1) and previous leader epoch was 1.
2025-10-02T12:44:42.552+05:30  INFO 49057 --- [r-event-handler] state.change.logger                      : [Broker id=0] Follower __consumer_offsets-8 starts at leader epoch 1 from offset 0 with partition epoch 1 and high watermark 0. Current leader is -1. Previous leader Some(-1) and previous leader epoch was 1.
2025-10-02T12:44:42.552+05:30  INFO 49057 --- [r-event-handler] state.change.logger                      : [Broker id=0] Follower __consumer_offsets-37 starts at leader epoch 1 from offset 0 with partition epoch 1 and high watermark 0. Current leader is -1. Previous leader Some(-1) and previous leader epoch was 1.
2025-10-02T12:44:42.552+05:30  INFO 49057 --- [r-event-handler] state.change.logger                      : [Broker id=0] Follower __consumer_offsets-4 starts at leader epoch 1 from offset 0 with partition epoch 1 and high watermark 0. Current leader is -1. Previous leader Some(-1) and previous leader epoch was 1.
2025-10-02T12:44:42.552+05:30  INFO 49057 --- [r-event-handler] state.change.logger                      : [Broker id=0] Follower __consumer_offsets-33 starts at leader epoch 1 from offset 0 with partition epoch 1 and high watermark 0. Current leader is -1. Previous leader Some(-1) and previous leader epoch was 1.
2025-10-02T12:44:42.552+05:30  INFO 49057 --- [r-event-handler] state.change.logger                      : [Broker id=0] Follower __consumer_offsets-15 starts at leader epoch 1 from offset 0 with partition epoch 1 and high watermark 0. Current leader is -1. Previous leader Some(-1) and previous leader epoch was 1.
2025-10-02T12:44:42.553+05:30  INFO 49057 --- [r-event-handler] state.change.logger                      : [Broker id=0] Follower __consumer_offsets-48 starts at leader epoch 1 from offset 0 with partition epoch 1 and high watermark 0. Current leader is -1. Previous leader Some(-1) and previous leader epoch was 1.
2025-10-02T12:44:42.553+05:30  INFO 49057 --- [r-event-handler] state.change.logger                      : [Broker id=0] Follower __consumer_offsets-11 starts at leader epoch 1 from offset 0 with partition epoch 1 and high watermark 0. Current leader is -1. Previous leader Some(-1) and previous leader epoch was 1.
2025-10-02T12:44:42.553+05:30  INFO 49057 --- [r-event-handler] state.change.logger                      : [Broker id=0] Follower __consumer_offsets-44 starts at leader epoch 1 from offset 0 with partition epoch 1 and high watermark 0. Current leader is -1. Previous leader Some(-1) and previous leader epoch was 1.
2025-10-02T12:44:42.553+05:30  INFO 49057 --- [r-event-handler] state.change.logger                      : [Broker id=0] Follower __consumer_offsets-23 starts at leader epoch 1 from offset 0 with partition epoch 1 and high watermark 0. Current leader is -1. Previous leader Some(-1) and previous leader epoch was 1.
2025-10-02T12:44:42.553+05:30  INFO 49057 --- [r-event-handler] state.change.logger                      : [Broker id=0] Follower __consumer_offsets-19 starts at leader epoch 1 from offset 0 with partition epoch 1 and high watermark 0. Current leader is -1. Previous leader Some(-1) and previous leader epoch was 1.
2025-10-02T12:44:42.553+05:30  INFO 49057 --- [r-event-handler] state.change.logger                      : [Broker id=0] Follower __consumer_offsets-32 starts at leader epoch 1 from offset 0 with partition epoch 1 and high watermark 0. Current leader is -1. Previous leader Some(-1) and previous leader epoch was 1.
2025-10-02T12:44:42.553+05:30  INFO 49057 --- [r-event-handler] state.change.logger                      : [Broker id=0] Follower __consumer_offsets-28 starts at leader epoch 1 from offset 0 with partition epoch 1 and high watermark 0. Current leader is -1. Previous leader Some(-1) and previous leader epoch was 1.
2025-10-02T12:44:42.553+05:30  INFO 49057 --- [r-event-handler] state.change.logger                      : [Broker id=0] Follower __consumer_offsets-7 starts at leader epoch 1 from offset 0 with partition epoch 1 and high watermark 0. Current leader is -1. Previous leader Some(-1) and previous leader epoch was 1.
2025-10-02T12:44:42.553+05:30  INFO 49057 --- [r-event-handler] state.change.logger                      : [Broker id=0] Follower __consumer_offsets-40 starts at leader epoch 1 from offset 0 with partition epoch 1 and high watermark 0. Current leader is -1. Previous leader Some(-1) and previous leader epoch was 1.
2025-10-02T12:44:42.553+05:30  INFO 49057 --- [r-event-handler] state.change.logger                      : [Broker id=0] Follower __consumer_offsets-3 starts at leader epoch 1 from offset 0 with partition epoch 1 and high watermark 0. Current leader is -1. Previous leader Some(-1) and previous leader epoch was 1.
2025-10-02T12:44:42.553+05:30  INFO 49057 --- [r-event-handler] state.change.logger                      : [Broker id=0] Follower __consumer_offsets-36 starts at leader epoch 1 from offset 0 with partition epoch 1 and high watermark 0. Current leader is -1. Previous leader Some(-1) and previous leader epoch was 1.
2025-10-02T12:44:42.553+05:30  INFO 49057 --- [r-event-handler] state.change.logger                      : [Broker id=0] Follower __consumer_offsets-47 starts at leader epoch 1 from offset 0 with partition epoch 1 and high watermark 0. Current leader is -1. Previous leader Some(-1) and previous leader epoch was 1.
2025-10-02T12:44:42.553+05:30  INFO 49057 --- [r-event-handler] state.change.logger                      : [Broker id=0] Follower __consumer_offsets-14 starts at leader epoch 1 from offset 0 with partition epoch 1 and high watermark 0. Current leader is -1. Previous leader Some(-1) and previous leader epoch was 1.
2025-10-02T12:44:42.553+05:30  INFO 49057 --- [r-event-handler] state.change.logger                      : [Broker id=0] Follower __consumer_offsets-43 starts at leader epoch 1 from offset 0 with partition epoch 1 and high watermark 0. Current leader is -1. Previous leader Some(-1) and previous leader epoch was 1.
2025-10-02T12:44:42.553+05:30  INFO 49057 --- [r-event-handler] state.change.logger                      : [Broker id=0] Follower __consumer_offsets-10 starts at leader epoch 1 from offset 0 with partition epoch 1 and high watermark 0. Current leader is -1. Previous leader Some(-1) and previous leader epoch was 1.
2025-10-02T12:44:42.553+05:30  INFO 49057 --- [r-event-handler] state.change.logger                      : [Broker id=0] Follower __consumer_offsets-22 starts at leader epoch 1 from offset 0 with partition epoch 1 and high watermark 0. Current leader is -1. Previous leader Some(-1) and previous leader epoch was 1.
2025-10-02T12:44:42.553+05:30  INFO 49057 --- [r-event-handler] state.change.logger                      : [Broker id=0] Follower __consumer_offsets-18 starts at leader epoch 1 from offset 0 with partition epoch 1 and high watermark 0. Current leader is -1. Previous leader Some(-1) and previous leader epoch was 1.
2025-10-02T12:44:42.553+05:30  INFO 49057 --- [r-event-handler] state.change.logger                      : [Broker id=0] Follower __consumer_offsets-31 starts at leader epoch 1 from offset 0 with partition epoch 1 and high watermark 0. Current leader is -1. Previous leader Some(-1) and previous leader epoch was 1.
2025-10-02T12:44:42.553+05:30  INFO 49057 --- [r-event-handler] state.change.logger                      : [Broker id=0] Follower __consumer_offsets-27 starts at leader epoch 1 from offset 0 with partition epoch 1 and high watermark 0. Current leader is -1. Previous leader Some(-1) and previous leader epoch was 1.
2025-10-02T12:44:42.553+05:30  INFO 49057 --- [r-event-handler] state.change.logger                      : [Broker id=0] Follower __consumer_offsets-39 starts at leader epoch 1 from offset 0 with partition epoch 1 and high watermark 0. Current leader is -1. Previous leader Some(-1) and previous leader epoch was 1.
2025-10-02T12:44:42.553+05:30  INFO 49057 --- [r-event-handler] state.change.logger                      : [Broker id=0] Follower __consumer_offsets-6 starts at leader epoch 1 from offset 0 with partition epoch 1 and high watermark 0. Current leader is -1. Previous leader Some(-1) and previous leader epoch was 1.
2025-10-02T12:44:42.553+05:30  INFO 49057 --- [r-event-handler] state.change.logger                      : [Broker id=0] Follower __consumer_offsets-35 starts at leader epoch 1 from offset 0 with partition epoch 1 and high watermark 0. Current leader is -1. Previous leader Some(-1) and previous leader epoch was 1.
2025-10-02T12:44:42.553+05:30  INFO 49057 --- [r-event-handler] state.change.logger                      : [Broker id=0] Follower __consumer_offsets-2 starts at leader epoch 1 from offset 0 with partition epoch 1 and high watermark 0. Current leader is -1. Previous leader Some(-1) and previous leader epoch was 1.
2025-10-02T12:44:42.556+05:30  INFO 49057 --- [r-event-handler] kafka.server.ReplicaFetcherManager       : [ReplicaFetcherManager on broker 0] Removed fetcher for partitions HashSet(__consumer_offsets-22, __consumer_offsets-30, __consumer_offsets-25, __consumer_offsets-35, __consumer_offsets-37, __consumer_offsets-38, __consumer_offsets-13, __consumer_offsets-8, __consumer_offsets-21, __consumer_offsets-4, __consumer_offsets-27, __consumer_offsets-7, __consumer_offsets-9, __consumer_offsets-46, __consumer_offsets-41, __consumer_offsets-33, __consumer_offsets-23, __consumer_offsets-49, __consumer_offsets-47, __consumer_offsets-16, __consumer_offsets-28, __consumer_offsets-31, __consumer_offsets-36, __consumer_offsets-42, __consumer_offsets-3, __consumer_offsets-18, __consumer_offsets-15, __consumer_offsets-24, __consumer_offsets-17, __consumer_offsets-48, __consumer_offsets-19, __consumer_offsets-11, __consumer_offsets-2, __consumer_offsets-43, __consumer_offsets-6, __consumer_offsets-14, __consumer_offsets-20, __consumer_offsets-0, __consumer_offsets-44, __consumer_offsets-39, __consumer_offsets-12, __consumer_offsets-45, __consumer_offsets-1, __consumer_offsets-5, __consumer_offsets-26, __consumer_offsets-29, __consumer_offsets-34, __consumer_offsets-32, __consumer_offsets-40, midas.transactions-0, __consumer_offsets-10)
2025-10-02T12:44:42.556+05:30  INFO 49057 --- [r-event-handler] k.server.ReplicaAlterLogDirsManager      : [ReplicaAlterLogDirsManager on broker 0] Removed fetcher for partitions HashSet(__consumer_offsets-22, __consumer_offsets-30, __consumer_offsets-25, __consumer_offsets-35, __consumer_offsets-37, __consumer_offsets-38, __consumer_offsets-13, __consumer_offsets-8, __consumer_offsets-21, __consumer_offsets-4, __consumer_offsets-27, __consumer_offsets-7, __consumer_offsets-9, __consumer_offsets-46, __consumer_offsets-41, __consumer_offsets-33, __consumer_offsets-23, __consumer_offsets-49, __consumer_offsets-47, __consumer_offsets-16, __consumer_offsets-28, __consumer_offsets-31, __consumer_offsets-36, __consumer_offsets-42, __consumer_offsets-3, __consumer_offsets-18, __consumer_offsets-15, __consumer_offsets-24, __consumer_offsets-17, __consumer_offsets-48, __consumer_offsets-19, __consumer_offsets-11, __consumer_offsets-2, __consumer_offsets-43, __consumer_offsets-6, __consumer_offsets-14, __consumer_offsets-20, __consumer_offsets-0, __consumer_offsets-44, __consumer_offsets-39, __consumer_offsets-12, __consumer_offsets-45, __consumer_offsets-1, __consumer_offsets-5, __consumer_offsets-26, __consumer_offsets-29, __consumer_offsets-34, __consumer_offsets-32, __consumer_offsets-40, midas.transactions-0, __consumer_offsets-10)
2025-10-02T12:44:42.557+05:30  INFO 49057 --- [r-event-handler] state.change.logger                      : [Broker id=0] Stopped fetchers as part of controlled shutdown for 51 partitions
2025-10-02T12:44:42.557+05:30  INFO 49057 --- [r-event-handler] k.coordinator.group.GroupCoordinator     : [GroupCoordinator 0]: Resigned as the group coordinator for partition 13 in epoch OptionalInt[1]
2025-10-02T12:44:42.558+05:30  INFO 49057 --- [r-event-handler] k.c.group.GroupMetadataManager           : [GroupMetadataManager brokerId=0] Scheduling unloading of offsets and group metadata from __consumer_offsets-13
2025-10-02T12:44:42.558+05:30  INFO 49057 --- [r-event-handler] k.coordinator.group.GroupCoordinator     : [GroupCoordinator 0]: Resigned as the group coordinator for partition 46 in epoch OptionalInt[1]
2025-10-02T12:44:42.558+05:30  INFO 49057 --- [r-event-handler] k.c.group.GroupMetadataManager           : [GroupMetadataManager brokerId=0] Scheduling unloading of offsets and group metadata from __consumer_offsets-46
2025-10-02T12:44:42.558+05:30  INFO 49057 --- [r-event-handler] k.coordinator.group.GroupCoordinator     : [GroupCoordinator 0]: Resigned as the group coordinator for partition 9 in epoch OptionalInt[1]
2025-10-02T12:44:42.558+05:30  INFO 49057 --- [r-event-handler] k.c.group.GroupMetadataManager           : [GroupMetadataManager brokerId=0] Scheduling unloading of offsets and group metadata from __consumer_offsets-9
2025-10-02T12:44:42.558+05:30  INFO 49057 --- [r-event-handler] k.coordinator.group.GroupCoordinator     : [GroupCoordinator 0]: Resigned as the group coordinator for partition 42 in epoch OptionalInt[1]
2025-10-02T12:44:42.558+05:30  INFO 49057 --- [r-event-handler] k.c.group.GroupMetadataManager           : [GroupMetadataManager brokerId=0] Scheduling unloading of offsets and group metadata from __consumer_offsets-42
2025-10-02T12:44:42.558+05:30  INFO 49057 --- [r-event-handler] k.coordinator.group.GroupCoordinator     : [GroupCoordinator 0]: Resigned as the group coordinator for partition 21 in epoch OptionalInt[1]
2025-10-02T12:44:42.558+05:30  INFO 49057 --- [r-event-handler] k.c.group.GroupMetadataManager           : [GroupMetadataManager brokerId=0] Scheduling unloading of offsets and group metadata from __consumer_offsets-21
2025-10-02T12:44:42.558+05:30  INFO 49057 --- [r-event-handler] k.coordinator.group.GroupCoordinator     : [GroupCoordinator 0]: Resigned as the group coordinator for partition 17 in epoch OptionalInt[1]
2025-10-02T12:44:42.558+05:30  INFO 49057 --- [r-event-handler] k.c.group.GroupMetadataManager           : [GroupMetadataManager brokerId=0] Scheduling unloading of offsets and group metadata from __consumer_offsets-17
2025-10-02T12:44:42.558+05:30  INFO 49057 --- [r-event-handler] k.coordinator.group.GroupCoordinator     : [GroupCoordinator 0]: Resigned as the group coordinator for partition 30 in epoch OptionalInt[1]
2025-10-02T12:44:42.558+05:30  INFO 49057 --- [r-event-handler] k.c.group.GroupMetadataManager           : [GroupMetadataManager brokerId=0] Scheduling unloading of offsets and group metadata from __consumer_offsets-30
2025-10-02T12:44:42.558+05:30  INFO 49057 --- [r-event-handler] k.coordinator.group.GroupCoordinator     : [GroupCoordinator 0]: Resigned as the group coordinator for partition 26 in epoch OptionalInt[1]
2025-10-02T12:44:42.558+05:30  INFO 49057 --- [r-event-handler] k.c.group.GroupMetadataManager           : [GroupMetadataManager brokerId=0] Scheduling unloading of offsets and group metadata from __consumer_offsets-26
2025-10-02T12:44:42.558+05:30  INFO 49057 --- [r-event-handler] k.coordinator.group.GroupCoordinator     : [GroupCoordinator 0]: Resigned as the group coordinator for partition 5 in epoch OptionalInt[1]
2025-10-02T12:44:42.558+05:30  INFO 49057 --- [r-event-handler] k.c.group.GroupMetadataManager           : [GroupMetadataManager brokerId=0] Scheduling unloading of offsets and group metadata from __consumer_offsets-5
2025-10-02T12:44:42.558+05:30  INFO 49057 --- [r-event-handler] k.coordinator.group.GroupCoordinator     : [GroupCoordinator 0]: Resigned as the group coordinator for partition 38 in epoch OptionalInt[1]
2025-10-02T12:44:42.558+05:30  INFO 49057 --- [r-event-handler] k.c.group.GroupMetadataManager           : [GroupMetadataManager brokerId=0] Scheduling unloading of offsets and group metadata from __consumer_offsets-38
2025-10-02T12:44:42.558+05:30  INFO 49057 --- [r-event-handler] k.coordinator.group.GroupCoordinator     : [GroupCoordinator 0]: Resigned as the group coordinator for partition 1 in epoch OptionalInt[1]
2025-10-02T12:44:42.558+05:30  INFO 49057 --- [r-event-handler] k.c.group.GroupMetadataManager           : [GroupMetadataManager brokerId=0] Scheduling unloading of offsets and group metadata from __consumer_offsets-1
2025-10-02T12:44:42.558+05:30  INFO 49057 --- [r-event-handler] k.coordinator.group.GroupCoordinator     : [GroupCoordinator 0]: Resigned as the group coordinator for partition 34 in epoch OptionalInt[1]
2025-10-02T12:44:42.558+05:30  INFO 49057 --- [r-event-handler] k.c.group.GroupMetadataManager           : [GroupMetadataManager brokerId=0] Scheduling unloading of offsets and group metadata from __consumer_offsets-34
2025-10-02T12:44:42.558+05:30  INFO 49057 --- [r-event-handler] k.coordinator.group.GroupCoordinator     : [GroupCoordinator 0]: Resigned as the group coordinator for partition 16 in epoch OptionalInt[1]
2025-10-02T12:44:42.558+05:30  INFO 49057 --- [r-event-handler] k.c.group.GroupMetadataManager           : [GroupMetadataManager brokerId=0] Scheduling unloading of offsets and group metadata from __consumer_offsets-16
2025-10-02T12:44:42.558+05:30  INFO 49057 --- [r-event-handler] k.coordinator.group.GroupCoordinator     : [GroupCoordinator 0]: Resigned as the group coordinator for partition 45 in epoch OptionalInt[1]
2025-10-02T12:44:42.558+05:30  INFO 49057 --- [r-event-handler] k.c.group.GroupMetadataManager           : [GroupMetadataManager brokerId=0] Scheduling unloading of offsets and group metadata from __consumer_offsets-45
2025-10-02T12:44:42.558+05:30  INFO 49057 --- [r-event-handler] k.coordinator.group.GroupCoordinator     : [GroupCoordinator 0]: Resigned as the group coordinator for partition 12 in epoch OptionalInt[1]
2025-10-02T12:44:42.558+05:30  INFO 49057 --- [r-event-handler] k.c.group.GroupMetadataManager           : [GroupMetadataManager brokerId=0] Scheduling unloading of offsets and group metadata from __consumer_offsets-12
2025-10-02T12:44:42.558+05:30  INFO 49057 --- [r-event-handler] k.coordinator.group.GroupCoordinator     : [GroupCoordinator 0]: Resigned as the group coordinator for partition 41 in epoch OptionalInt[1]
2025-10-02T12:44:42.558+05:30  INFO 49057 --- [r-event-handler] k.c.group.GroupMetadataManager           : [GroupMetadataManager brokerId=0] Scheduling unloading of offsets and group metadata from __consumer_offsets-41
2025-10-02T12:44:42.558+05:30  INFO 49057 --- [r-event-handler] k.coordinator.group.GroupCoordinator     : [GroupCoordinator 0]: Resigned as the group coordinator for partition 24 in epoch OptionalInt[1]
2025-10-02T12:44:42.558+05:30  INFO 49057 --- [r-event-handler] k.c.group.GroupMetadataManager           : [GroupMetadataManager brokerId=0] Scheduling unloading of offsets and group metadata from __consumer_offsets-24
2025-10-02T12:44:42.558+05:30  INFO 49057 --- [r-event-handler] k.coordinator.group.GroupCoordinator     : [GroupCoordinator 0]: Resigned as the group coordinator for partition 20 in epoch OptionalInt[1]
2025-10-02T12:44:42.558+05:30  INFO 49057 --- [r-event-handler] k.c.group.GroupMetadataManager           : [GroupMetadataManager brokerId=0] Scheduling unloading of offsets and group metadata from __consumer_offsets-20
2025-10-02T12:44:42.558+05:30  INFO 49057 --- [r-event-handler] k.coordinator.group.GroupCoordinator     : [GroupCoordinator 0]: Resigned as the group coordinator for partition 49 in epoch OptionalInt[1]
2025-10-02T12:44:42.558+05:30  INFO 49057 --- [r-event-handler] k.c.group.GroupMetadataManager           : [GroupMetadataManager brokerId=0] Scheduling unloading of offsets and group metadata from __consumer_offsets-49
2025-10-02T12:44:42.558+05:30  INFO 49057 --- [r-event-handler] k.coordinator.group.GroupCoordinator     : [GroupCoordinator 0]: Resigned as the group coordinator for partition 0 in epoch OptionalInt[1]
2025-10-02T12:44:42.558+05:30  INFO 49057 --- [r-event-handler] k.c.group.GroupMetadataManager           : [GroupMetadataManager brokerId=0] Scheduling unloading of offsets and group metadata from __consumer_offsets-0
2025-10-02T12:44:42.558+05:30  INFO 49057 --- [r-event-handler] k.coordinator.group.GroupCoordinator     : [GroupCoordinator 0]: Resigned as the group coordinator for partition 29 in epoch OptionalInt[1]
2025-10-02T12:44:42.558+05:30  INFO 49057 --- [r-event-handler] k.c.group.GroupMetadataManager           : [GroupMetadataManager brokerId=0] Scheduling unloading of offsets and group metadata from __consumer_offsets-29
2025-10-02T12:44:42.558+05:30  INFO 49057 --- [r-event-handler] k.coordinator.group.GroupCoordinator     : [GroupCoordinator 0]: Resigned as the group coordinator for partition 25 in epoch OptionalInt[1]
2025-10-02T12:44:42.558+05:30  INFO 49057 --- [r-event-handler] k.c.group.GroupMetadataManager           : [GroupMetadataManager brokerId=0] Scheduling unloading of offsets and group metadata from __consumer_offsets-25
2025-10-02T12:44:42.558+05:30  INFO 49057 --- [r-event-handler] k.coordinator.group.GroupCoordinator     : [GroupCoordinator 0]: Resigned as the group coordinator for partition 8 in epoch OptionalInt[1]
2025-10-02T12:44:42.558+05:30  INFO 49057 --- [r-event-handler] k.c.group.GroupMetadataManager           : [GroupMetadataManager brokerId=0] Scheduling unloading of offsets and group metadata from __consumer_offsets-8
2025-10-02T12:44:42.558+05:30  INFO 49057 --- [r-event-handler] k.coordinator.group.GroupCoordinator     : [GroupCoordinator 0]: Resigned as the group coordinator for partition 37 in epoch OptionalInt[1]
2025-10-02T12:44:42.558+05:30  INFO 49057 --- [r-event-handler] k.c.group.GroupMetadataManager           : [GroupMetadataManager brokerId=0] Scheduling unloading of offsets and group metadata from __consumer_offsets-37
2025-10-02T12:44:42.558+05:30  INFO 49057 --- [r-event-handler] k.coordinator.group.GroupCoordinator     : [GroupCoordinator 0]: Resigned as the group coordinator for partition 4 in epoch OptionalInt[1]
2025-10-02T12:44:42.558+05:30  INFO 49057 --- [r-event-handler] k.c.group.GroupMetadataManager           : [GroupMetadataManager brokerId=0] Scheduling unloading of offsets and group metadata from __consumer_offsets-4
2025-10-02T12:44:42.558+05:30  INFO 49057 --- [r-event-handler] k.coordinator.group.GroupCoordinator     : [GroupCoordinator 0]: Resigned as the group coordinator for partition 33 in epoch OptionalInt[1]
2025-10-02T12:44:42.558+05:30  INFO 49057 --- [r-event-handler] k.c.group.GroupMetadataManager           : [GroupMetadataManager brokerId=0] Scheduling unloading of offsets and group metadata from __consumer_offsets-33
2025-10-02T12:44:42.558+05:30  INFO 49057 --- [r-event-handler] k.coordinator.group.GroupCoordinator     : [GroupCoordinator 0]: Resigned as the group coordinator for partition 15 in epoch OptionalInt[1]
2025-10-02T12:44:42.558+05:30  INFO 49057 --- [r-event-handler] k.c.group.GroupMetadataManager           : [GroupMetadataManager brokerId=0] Scheduling unloading of offsets and group metadata from __consumer_offsets-15
2025-10-02T12:44:42.558+05:30  INFO 49057 --- [r-event-handler] k.coordinator.group.GroupCoordinator     : [GroupCoordinator 0]: Resigned as the group coordinator for partition 48 in epoch OptionalInt[1]
2025-10-02T12:44:42.558+05:30  INFO 49057 --- [r-event-handler] k.c.group.GroupMetadataManager           : [GroupMetadataManager brokerId=0] Scheduling unloading of offsets and group metadata from __consumer_offsets-48
2025-10-02T12:44:42.558+05:30  INFO 49057 --- [r-event-handler] k.coordinator.group.GroupCoordinator     : [GroupCoordinator 0]: Resigned as the group coordinator for partition 11 in epoch OptionalInt[1]
2025-10-02T12:44:42.558+05:30  INFO 49057 --- [r-event-handler] k.c.group.GroupMetadataManager           : [GroupMetadataManager brokerId=0] Scheduling unloading of offsets and group metadata from __consumer_offsets-11
2025-10-02T12:44:42.558+05:30  INFO 49057 --- [r-event-handler] k.coordinator.group.GroupCoordinator     : [GroupCoordinator 0]: Resigned as the group coordinator for partition 44 in epoch OptionalInt[1]
2025-10-02T12:44:42.558+05:30  INFO 49057 --- [r-event-handler] k.c.group.GroupMetadataManager           : [GroupMetadataManager brokerId=0] Scheduling unloading of offsets and group metadata from __consumer_offsets-44
2025-10-02T12:44:42.558+05:30  INFO 49057 --- [r-event-handler] k.coordinator.group.GroupCoordinator     : [GroupCoordinator 0]: Resigned as the group coordinator for partition 23 in epoch OptionalInt[1]
2025-10-02T12:44:42.558+05:30  INFO 49057 --- [r-event-handler] k.c.group.GroupMetadataManager           : [GroupMetadataManager brokerId=0] Scheduling unloading of offsets and group metadata from __consumer_offsets-23
2025-10-02T12:44:42.558+05:30  INFO 49057 --- [r-event-handler] k.coordinator.group.GroupCoordinator     : [GroupCoordinator 0]: Resigned as the group coordinator for partition 19 in epoch OptionalInt[1]
2025-10-02T12:44:42.558+05:30  INFO 49057 --- [r-event-handler] k.c.group.GroupMetadataManager           : [GroupMetadataManager brokerId=0] Scheduling unloading of offsets and group metadata from __consumer_offsets-19
2025-10-02T12:44:42.558+05:30  INFO 49057 --- [r-event-handler] k.coordinator.group.GroupCoordinator     : [GroupCoordinator 0]: Resigned as the group coordinator for partition 32 in epoch OptionalInt[1]
2025-10-02T12:44:42.558+05:30  INFO 49057 --- [r-event-handler] k.c.group.GroupMetadataManager           : [GroupMetadataManager brokerId=0] Scheduling unloading of offsets and group metadata from __consumer_offsets-32
2025-10-02T12:44:42.558+05:30  INFO 49057 --- [r-event-handler] k.coordinator.group.GroupCoordinator     : [GroupCoordinator 0]: Resigned as the group coordinator for partition 28 in epoch OptionalInt[1]
2025-10-02T12:44:42.558+05:30  INFO 49057 --- [r-event-handler] k.c.group.GroupMetadataManager           : [GroupMetadataManager brokerId=0] Scheduling unloading of offsets and group metadata from __consumer_offsets-28
2025-10-02T12:44:42.558+05:30  INFO 49057 --- [r-event-handler] k.coordinator.group.GroupCoordinator     : [GroupCoordinator 0]: Resigned as the group coordinator for partition 7 in epoch OptionalInt[1]
2025-10-02T12:44:42.559+05:30  INFO 49057 --- [r-event-handler] k.c.group.GroupMetadataManager           : [GroupMetadataManager brokerId=0] Scheduling unloading of offsets and group metadata from __consumer_offsets-7
2025-10-02T12:44:42.559+05:30  INFO 49057 --- [r-event-handler] k.coordinator.group.GroupCoordinator     : [GroupCoordinator 0]: Resigned as the group coordinator for partition 40 in epoch OptionalInt[1]
2025-10-02T12:44:42.559+05:30  INFO 49057 --- [r-event-handler] k.c.group.GroupMetadataManager           : [GroupMetadataManager brokerId=0] Scheduling unloading of offsets and group metadata from __consumer_offsets-40
2025-10-02T12:44:42.559+05:30  INFO 49057 --- [r-event-handler] k.coordinator.group.GroupCoordinator     : [GroupCoordinator 0]: Resigned as the group coordinator for partition 3 in epoch OptionalInt[1]
2025-10-02T12:44:42.559+05:30  INFO 49057 --- [r-event-handler] k.c.group.GroupMetadataManager           : [GroupMetadataManager brokerId=0] Scheduling unloading of offsets and group metadata from __consumer_offsets-3
2025-10-02T12:44:42.559+05:30  INFO 49057 --- [r-event-handler] k.coordinator.group.GroupCoordinator     : [GroupCoordinator 0]: Resigned as the group coordinator for partition 36 in epoch OptionalInt[1]
2025-10-02T12:44:42.559+05:30  INFO 49057 --- [r-event-handler] k.c.group.GroupMetadataManager           : [GroupMetadataManager brokerId=0] Scheduling unloading of offsets and group metadata from __consumer_offsets-36
2025-10-02T12:44:42.559+05:30  INFO 49057 --- [r-event-handler] k.coordinator.group.GroupCoordinator     : [GroupCoordinator 0]: Resigned as the group coordinator for partition 47 in epoch OptionalInt[1]
2025-10-02T12:44:42.559+05:30  INFO 49057 --- [r-event-handler] k.c.group.GroupMetadataManager           : [GroupMetadataManager brokerId=0] Scheduling unloading of offsets and group metadata from __consumer_offsets-47
2025-10-02T12:44:42.559+05:30  INFO 49057 --- [r-event-handler] k.coordinator.group.GroupCoordinator     : [GroupCoordinator 0]: Resigned as the group coordinator for partition 14 in epoch OptionalInt[1]
2025-10-02T12:44:42.559+05:30  INFO 49057 --- [r-event-handler] k.c.group.GroupMetadataManager           : [GroupMetadataManager brokerId=0] Scheduling unloading of offsets and group metadata from __consumer_offsets-14
2025-10-02T12:44:42.559+05:30  INFO 49057 --- [r-event-handler] k.coordinator.group.GroupCoordinator     : [GroupCoordinator 0]: Resigned as the group coordinator for partition 43 in epoch OptionalInt[1]
2025-10-02T12:44:42.559+05:30  INFO 49057 --- [r-event-handler] k.c.group.GroupMetadataManager           : [GroupMetadataManager brokerId=0] Scheduling unloading of offsets and group metadata from __consumer_offsets-43
2025-10-02T12:44:42.559+05:30  INFO 49057 --- [r-event-handler] k.coordinator.group.GroupCoordinator     : [GroupCoordinator 0]: Resigned as the group coordinator for partition 10 in epoch OptionalInt[1]
2025-10-02T12:44:42.559+05:30  INFO 49057 --- [r-event-handler] k.c.group.GroupMetadataManager           : [GroupMetadataManager brokerId=0] Scheduling unloading of offsets and group metadata from __consumer_offsets-10
2025-10-02T12:44:42.559+05:30  INFO 49057 --- [r-event-handler] k.coordinator.group.GroupCoordinator     : [GroupCoordinator 0]: Resigned as the group coordinator for partition 22 in epoch OptionalInt[1]
2025-10-02T12:44:42.559+05:30  INFO 49057 --- [r-event-handler] k.c.group.GroupMetadataManager           : [GroupMetadataManager brokerId=0] Scheduling unloading of offsets and group metadata from __consumer_offsets-22
2025-10-02T12:44:42.559+05:30  INFO 49057 --- [r-event-handler] k.coordinator.group.GroupCoordinator     : [GroupCoordinator 0]: Resigned as the group coordinator for partition 18 in epoch OptionalInt[1]
2025-10-02T12:44:42.559+05:30  INFO 49057 --- [r-event-handler] k.c.group.GroupMetadataManager           : [GroupMetadataManager brokerId=0] Scheduling unloading of offsets and group metadata from __consumer_offsets-18
2025-10-02T12:44:42.559+05:30  INFO 49057 --- [r-event-handler] k.coordinator.group.GroupCoordinator     : [GroupCoordinator 0]: Resigned as the group coordinator for partition 31 in epoch OptionalInt[1]
2025-10-02T12:44:42.559+05:30  INFO 49057 --- [r-event-handler] k.c.group.GroupMetadataManager           : [GroupMetadataManager brokerId=0] Scheduling unloading of offsets and group metadata from __consumer_offsets-31
2025-10-02T12:44:42.559+05:30  INFO 49057 --- [r-event-handler] k.coordinator.group.GroupCoordinator     : [GroupCoordinator 0]: Resigned as the group coordinator for partition 27 in epoch OptionalInt[1]
2025-10-02T12:44:42.559+05:30  INFO 49057 --- [r-event-handler] k.c.group.GroupMetadataManager           : [GroupMetadataManager brokerId=0] Scheduling unloading of offsets and group metadata from __consumer_offsets-27
2025-10-02T12:44:42.559+05:30  INFO 49057 --- [r-event-handler] k.coordinator.group.GroupCoordinator     : [GroupCoordinator 0]: Resigned as the group coordinator for partition 39 in epoch OptionalInt[1]
2025-10-02T12:44:42.559+05:30  INFO 49057 --- [r-event-handler] k.c.group.GroupMetadataManager           : [GroupMetadataManager brokerId=0] Scheduling unloading of offsets and group metadata from __consumer_offsets-39
2025-10-02T12:44:42.559+05:30  INFO 49057 --- [r-event-handler] k.coordinator.group.GroupCoordinator     : [GroupCoordinator 0]: Resigned as the group coordinator for partition 6 in epoch OptionalInt[1]
2025-10-02T12:44:42.559+05:30  INFO 49057 --- [r-event-handler] k.c.group.GroupMetadataManager           : [GroupMetadataManager brokerId=0] Scheduling unloading of offsets and group metadata from __consumer_offsets-6
2025-10-02T12:44:42.559+05:30  INFO 49057 --- [r-event-handler] k.coordinator.group.GroupCoordinator     : [GroupCoordinator 0]: Resigned as the group coordinator for partition 35 in epoch OptionalInt[1]
2025-10-02T12:44:42.559+05:30  INFO 49057 --- [r-event-handler] k.c.group.GroupMetadataManager           : [GroupMetadataManager brokerId=0] Scheduling unloading of offsets and group metadata from __consumer_offsets-35
2025-10-02T12:44:42.559+05:30  INFO 49057 --- [r-event-handler] k.coordinator.group.GroupCoordinator     : [GroupCoordinator 0]: Resigned as the group coordinator for partition 2 in epoch OptionalInt[1]
2025-10-02T12:44:42.559+05:30  INFO 49057 --- [r-event-handler] k.c.group.GroupMetadataManager           : [GroupMetadataManager brokerId=0] Scheduling unloading of offsets and group metadata from __consumer_offsets-2
2025-10-02T12:44:42.559+05:30  INFO 49057 --- [adata-manager-0] k.c.group.GroupMetadataManager           : [GroupMetadataManager brokerId=0] Finished unloading __consumer_offsets-13 for coordinator epoch OptionalInt[1]. Removed 0 cached offsets and 0 cached groups.
2025-10-02T12:44:42.560+05:30  INFO 49057 --- [adata-manager-0] k.c.group.GroupMetadataManager           : [GroupMetadataManager brokerId=0] Finished unloading __consumer_offsets-46 for coordinator epoch OptionalInt[1]. Removed 0 cached offsets and 0 cached groups.
2025-10-02T12:44:42.560+05:30  INFO 49057 --- [adata-manager-0] k.c.group.GroupMetadataManager           : [GroupMetadataManager brokerId=0] Finished unloading __consumer_offsets-9 for coordinator epoch OptionalInt[1]. Removed 0 cached offsets and 0 cached groups.
2025-10-02T12:44:42.560+05:30  INFO 49057 --- [adata-manager-0] k.c.group.GroupMetadataManager           : [GroupMetadataManager brokerId=0] Finished unloading __consumer_offsets-42 for coordinator epoch OptionalInt[1]. Removed 0 cached offsets and 0 cached groups.
2025-10-02T12:44:42.560+05:30  INFO 49057 --- [adata-manager-0] k.c.group.GroupMetadataManager           : [GroupMetadataManager brokerId=0] Finished unloading __consumer_offsets-21 for coordinator epoch OptionalInt[1]. Removed 0 cached offsets and 0 cached groups.
2025-10-02T12:44:42.560+05:30  INFO 49057 --- [adata-manager-0] k.c.group.GroupMetadataManager           : [GroupMetadataManager brokerId=0] Finished unloading __consumer_offsets-17 for coordinator epoch OptionalInt[1]. Removed 0 cached offsets and 0 cached groups.
2025-10-02T12:44:42.560+05:30  INFO 49057 --- [adata-manager-0] k.c.group.GroupMetadataManager           : [GroupMetadataManager brokerId=0] Finished unloading __consumer_offsets-30 for coordinator epoch OptionalInt[1]. Removed 0 cached offsets and 0 cached groups.
2025-10-02T12:44:42.560+05:30  INFO 49057 --- [adata-manager-0] k.c.group.GroupMetadataManager           : [GroupMetadataManager brokerId=0] Finished unloading __consumer_offsets-26 for coordinator epoch OptionalInt[1]. Removed 0 cached offsets and 0 cached groups.
2025-10-02T12:44:42.560+05:30  INFO 49057 --- [adata-manager-0] k.c.group.GroupMetadataManager           : [GroupMetadataManager brokerId=0] Finished unloading __consumer_offsets-5 for coordinator epoch OptionalInt[1]. Removed 0 cached offsets and 0 cached groups.
2025-10-02T12:44:42.560+05:30  INFO 49057 --- [adata-manager-0] k.c.group.GroupMetadataManager           : [GroupMetadataManager brokerId=0] Finished unloading __consumer_offsets-38 for coordinator epoch OptionalInt[1]. Removed 0 cached offsets and 0 cached groups.
2025-10-02T12:44:42.560+05:30  INFO 49057 --- [adata-manager-0] k.c.group.GroupMetadataManager           : [GroupMetadataManager brokerId=0] Finished unloading __consumer_offsets-1 for coordinator epoch OptionalInt[1]. Removed 0 cached offsets and 0 cached groups.
2025-10-02T12:44:42.560+05:30  INFO 49057 --- [adata-manager-0] k.c.group.GroupMetadataManager           : [GroupMetadataManager brokerId=0] Finished unloading __consumer_offsets-34 for coordinator epoch OptionalInt[1]. Removed 0 cached offsets and 0 cached groups.
2025-10-02T12:44:42.560+05:30  INFO 49057 --- [adata-manager-0] k.c.group.GroupMetadataManager           : [GroupMetadataManager brokerId=0] Finished unloading __consumer_offsets-16 for coordinator epoch OptionalInt[1]. Removed 0 cached offsets and 0 cached groups.
2025-10-02T12:44:42.560+05:30  INFO 49057 --- [adata-manager-0] k.c.group.GroupMetadataManager           : [GroupMetadataManager brokerId=0] Finished unloading __consumer_offsets-45 for coordinator epoch OptionalInt[1]. Removed 0 cached offsets and 0 cached groups.
2025-10-02T12:44:42.560+05:30  INFO 49057 --- [adata-manager-0] k.c.group.GroupMetadataManager           : [GroupMetadataManager brokerId=0] Finished unloading __consumer_offsets-12 for coordinator epoch OptionalInt[1]. Removed 0 cached offsets and 0 cached groups.
2025-10-02T12:44:42.560+05:30  INFO 49057 --- [adata-manager-0] k.c.group.GroupMetadataManager           : [GroupMetadataManager brokerId=0] Finished unloading __consumer_offsets-41 for coordinator epoch OptionalInt[1]. Removed 0 cached offsets and 0 cached groups.
2025-10-02T12:44:42.560+05:30  INFO 49057 --- [adata-manager-0] k.c.group.GroupMetadataManager           : [GroupMetadataManager brokerId=0] Finished unloading __consumer_offsets-24 for coordinator epoch OptionalInt[1]. Removed 0 cached offsets and 0 cached groups.
2025-10-02T12:44:42.560+05:30  INFO 49057 --- [adata-manager-0] k.coordinator.group.GroupCoordinator     : [GroupCoordinator 0]: Unloading group metadata for midas-group with generation 2
2025-10-02T12:44:42.561+05:30  INFO 49057 --- [adata-manager-0] k.c.group.GroupMetadataManager           : [GroupMetadataManager brokerId=0] Finished unloading __consumer_offsets-20 for coordinator epoch OptionalInt[1]. Removed 1 cached offsets and 1 cached groups.
2025-10-02T12:44:42.561+05:30  INFO 49057 --- [adata-manager-0] k.c.group.GroupMetadataManager           : [GroupMetadataManager brokerId=0] Finished unloading __consumer_offsets-49 for coordinator epoch OptionalInt[1]. Removed 0 cached offsets and 0 cached groups.
2025-10-02T12:44:42.561+05:30  INFO 49057 --- [adata-manager-0] k.c.group.GroupMetadataManager           : [GroupMetadataManager brokerId=0] Finished unloading __consumer_offsets-0 for coordinator epoch OptionalInt[1]. Removed 0 cached offsets and 0 cached groups.
2025-10-02T12:44:42.561+05:30  INFO 49057 --- [adata-manager-0] k.c.group.GroupMetadataManager           : [GroupMetadataManager brokerId=0] Finished unloading __consumer_offsets-29 for coordinator epoch OptionalInt[1]. Removed 0 cached offsets and 0 cached groups.
2025-10-02T12:44:42.561+05:30  INFO 49057 --- [adata-manager-0] k.c.group.GroupMetadataManager           : [GroupMetadataManager brokerId=0] Finished unloading __consumer_offsets-25 for coordinator epoch OptionalInt[1]. Removed 0 cached offsets and 0 cached groups.
2025-10-02T12:44:42.561+05:30  INFO 49057 --- [adata-manager-0] k.c.group.GroupMetadataManager           : [GroupMetadataManager brokerId=0] Finished unloading __consumer_offsets-8 for coordinator epoch OptionalInt[1]. Removed 0 cached offsets and 0 cached groups.
2025-10-02T12:44:42.561+05:30  INFO 49057 --- [adata-manager-0] k.c.group.GroupMetadataManager           : [GroupMetadataManager brokerId=0] Finished unloading __consumer_offsets-37 for coordinator epoch OptionalInt[1]. Removed 0 cached offsets and 0 cached groups.
2025-10-02T12:44:42.561+05:30  INFO 49057 --- [adata-manager-0] k.c.group.GroupMetadataManager           : [GroupMetadataManager brokerId=0] Finished unloading __consumer_offsets-4 for coordinator epoch OptionalInt[1]. Removed 0 cached offsets and 0 cached groups.
2025-10-02T12:44:42.561+05:30  INFO 49057 --- [adata-manager-0] k.c.group.GroupMetadataManager           : [GroupMetadataManager brokerId=0] Finished unloading __consumer_offsets-33 for coordinator epoch OptionalInt[1]. Removed 0 cached offsets and 0 cached groups.
2025-10-02T12:44:42.561+05:30  INFO 49057 --- [adata-manager-0] k.c.group.GroupMetadataManager           : [GroupMetadataManager brokerId=0] Finished unloading __consumer_offsets-15 for coordinator epoch OptionalInt[1]. Removed 0 cached offsets and 0 cached groups.
2025-10-02T12:44:42.561+05:30  INFO 49057 --- [adata-manager-0] k.c.group.GroupMetadataManager           : [GroupMetadataManager brokerId=0] Finished unloading __consumer_offsets-48 for coordinator epoch OptionalInt[1]. Removed 0 cached offsets and 0 cached groups.
2025-10-02T12:44:42.561+05:30  INFO 49057 --- [adata-manager-0] k.c.group.GroupMetadataManager           : [GroupMetadataManager brokerId=0] Finished unloading __consumer_offsets-11 for coordinator epoch OptionalInt[1]. Removed 0 cached offsets and 0 cached groups.
2025-10-02T12:44:42.561+05:30  INFO 49057 --- [adata-manager-0] k.c.group.GroupMetadataManager           : [GroupMetadataManager brokerId=0] Finished unloading __consumer_offsets-44 for coordinator epoch OptionalInt[1]. Removed 0 cached offsets and 0 cached groups.
2025-10-02T12:44:42.561+05:30  INFO 49057 --- [adata-manager-0] k.c.group.GroupMetadataManager           : [GroupMetadataManager brokerId=0] Finished unloading __consumer_offsets-23 for coordinator epoch OptionalInt[1]. Removed 0 cached offsets and 0 cached groups.
2025-10-02T12:44:42.561+05:30  INFO 49057 --- [adata-manager-0] k.c.group.GroupMetadataManager           : [GroupMetadataManager brokerId=0] Finished unloading __consumer_offsets-19 for coordinator epoch OptionalInt[1]. Removed 0 cached offsets and 0 cached groups.
2025-10-02T12:44:42.561+05:30  INFO 49057 --- [adata-manager-0] k.c.group.GroupMetadataManager           : [GroupMetadataManager brokerId=0] Finished unloading __consumer_offsets-32 for coordinator epoch OptionalInt[1]. Removed 0 cached offsets and 0 cached groups.
2025-10-02T12:44:42.561+05:30  INFO 49057 --- [adata-manager-0] k.c.group.GroupMetadataManager           : [GroupMetadataManager brokerId=0] Finished unloading __consumer_offsets-28 for coordinator epoch OptionalInt[1]. Removed 0 cached offsets and 0 cached groups.
2025-10-02T12:44:42.561+05:30  INFO 49057 --- [adata-manager-0] k.c.group.GroupMetadataManager           : [GroupMetadataManager brokerId=0] Finished unloading __consumer_offsets-7 for coordinator epoch OptionalInt[1]. Removed 0 cached offsets and 0 cached groups.
2025-10-02T12:44:42.561+05:30  INFO 49057 --- [adata-manager-0] k.c.group.GroupMetadataManager           : [GroupMetadataManager brokerId=0] Finished unloading __consumer_offsets-40 for coordinator epoch OptionalInt[1]. Removed 0 cached offsets and 0 cached groups.
2025-10-02T12:44:42.561+05:30  INFO 49057 --- [adata-manager-0] k.c.group.GroupMetadataManager           : [GroupMetadataManager brokerId=0] Finished unloading __consumer_offsets-3 for coordinator epoch OptionalInt[1]. Removed 0 cached offsets and 0 cached groups.
2025-10-02T12:44:42.561+05:30  INFO 49057 --- [adata-manager-0] k.c.group.GroupMetadataManager           : [GroupMetadataManager brokerId=0] Finished unloading __consumer_offsets-36 for coordinator epoch OptionalInt[1]. Removed 0 cached offsets and 0 cached groups.
2025-10-02T12:44:42.561+05:30  INFO 49057 --- [adata-manager-0] k.c.group.GroupMetadataManager           : [GroupMetadataManager brokerId=0] Finished unloading __consumer_offsets-47 for coordinator epoch OptionalInt[1]. Removed 0 cached offsets and 0 cached groups.
2025-10-02T12:44:42.561+05:30  INFO 49057 --- [adata-manager-0] k.c.group.GroupMetadataManager           : [GroupMetadataManager brokerId=0] Finished unloading __consumer_offsets-14 for coordinator epoch OptionalInt[1]. Removed 0 cached offsets and 0 cached groups.
2025-10-02T12:44:42.561+05:30  INFO 49057 --- [adata-manager-0] k.c.group.GroupMetadataManager           : [GroupMetadataManager brokerId=0] Finished unloading __consumer_offsets-43 for coordinator epoch OptionalInt[1]. Removed 0 cached offsets and 0 cached groups.
2025-10-02T12:44:42.561+05:30  INFO 49057 --- [adata-manager-0] k.c.group.GroupMetadataManager           : [GroupMetadataManager brokerId=0] Finished unloading __consumer_offsets-10 for coordinator epoch OptionalInt[1]. Removed 0 cached offsets and 0 cached groups.
WARNING: A terminally deprecated method in sun.misc.Unsafe has been called
WARNING: sun.misc.Unsafe::invokeCleaner has been called by org.apache.kafka.common.utils.ByteBufferUnmapper (file:/Users/kritgunsingh0719gmail.com/.m2/repository/org/apache/kafka/kafka-clients/3.6.2/kafka-clients-3.6.2.jar)
WARNING: Please consider reporting this to the maintainers of class org.apache.kafka.common.utils.ByteBufferUnmapper
WARNING: sun.misc.Unsafe::invokeCleaner will be removed in a future release
2025-10-02T12:44:42.561+05:30  INFO 49057 --- [adata-manager-0] k.c.group.GroupMetadataManager           : [GroupMetadataManager brokerId=0] Finished unloading __consumer_offsets-22 for coordinator epoch OptionalInt[1]. Removed 0 cached offsets and 0 cached groups.
2025-10-02T12:44:42.561+05:30  INFO 49057 --- [adata-manager-0] k.c.group.GroupMetadataManager           : [GroupMetadataManager brokerId=0] Finished unloading __consumer_offsets-18 for coordinator epoch OptionalInt[1]. Removed 0 cached offsets and 0 cached groups.
2025-10-02T12:44:42.561+05:30  INFO 49057 --- [adata-manager-0] k.c.group.GroupMetadataManager           : [GroupMetadataManager brokerId=0] Finished unloading __consumer_offsets-31 for coordinator epoch OptionalInt[1]. Removed 0 cached offsets and 0 cached groups.
2025-10-02T12:44:42.561+05:30  INFO 49057 --- [adata-manager-0] k.c.group.GroupMetadataManager           : [GroupMetadataManager brokerId=0] Finished unloading __consumer_offsets-27 for coordinator epoch OptionalInt[1]. Removed 0 cached offsets and 0 cached groups.
2025-10-02T12:44:42.561+05:30  INFO 49057 --- [adata-manager-0] k.c.group.GroupMetadataManager           : [GroupMetadataManager brokerId=0] Finished unloading __consumer_offsets-39 for coordinator epoch OptionalInt[1]. Removed 0 cached offsets and 0 cached groups.
2025-10-02T12:44:42.561+05:30  INFO 49057 --- [adata-manager-0] k.c.group.GroupMetadataManager           : [GroupMetadataManager brokerId=0] Finished unloading __consumer_offsets-6 for coordinator epoch OptionalInt[1]. Removed 0 cached offsets and 0 cached groups.
2025-10-02T12:44:42.561+05:30  INFO 49057 --- [adata-manager-0] k.c.group.GroupMetadataManager           : [GroupMetadataManager brokerId=0] Finished unloading __consumer_offsets-35 for coordinator epoch OptionalInt[1]. Removed 0 cached offsets and 0 cached groups.
2025-10-02T12:44:42.561+05:30  INFO 49057 --- [adata-manager-0] k.c.group.GroupMetadataManager           : [GroupMetadataManager brokerId=0] Finished unloading __consumer_offsets-2 for coordinator epoch OptionalInt[1]. Removed 0 cached offsets and 0 cached groups.
2025-10-02T12:44:42.637+05:30  INFO 49057 --- [channel-manager] kafka.server.BrokerLifecycleManager      : [BrokerLifecycleManager id=0] The controller has asked us to exit controlled shutdown.
2025-10-02T12:44:42.638+05:30  INFO 49057 --- [r-event-handler] kafka.server.BrokerLifecycleManager      : [BrokerLifecycleManager id=0] Transitioning from PENDING_CONTROLLED_SHUTDOWN to SHUTTING_DOWN.
2025-10-02T12:44:42.638+05:30  INFO 49057 --- [r-event-handler] k.s.BrokerToControllerRequestThread      : [broker-0-to-controller-heartbeat-channel-manager]: Shutting down
2025-10-02T12:44:42.638+05:30  INFO 49057 --- [channel-manager] k.s.BrokerToControllerRequestThread      : [broker-0-to-controller-heartbeat-channel-manager]: Stopped
2025-10-02T12:44:42.638+05:30  INFO 49057 --- [r-event-handler] k.s.BrokerToControllerRequestThread      : [broker-0-to-controller-heartbeat-channel-manager]: Shutdown completed
2025-10-02T12:44:42.638+05:30  INFO 49057 --- [-kit-executor-4] kafka.network.SocketServer               : [SocketServer listenerType=BROKER, nodeId=0] Stopping socket server request processors
2025-10-02T12:44:42.639+05:30  INFO 49057 --- [r-event-handler] k.s.BrokerToControllerChannelManagerImpl : Broker to controller channel manager for heartbeat shutdown
2025-10-02T12:44:42.641+05:30  INFO 49057 --- [-kit-executor-4] kafka.network.SocketServer               : [SocketServer listenerType=BROKER, nodeId=0] Stopped socket server request processors
2025-10-02T12:44:42.642+05:30  INFO 49057 --- [-kit-executor-4] kafka.server.KafkaRequestHandlerPool     : [data-plane Kafka Request Handler on Broker 0], shutting down
2025-10-02T12:44:42.642+05:30  INFO 49057 --- [-kit-executor-4] kafka.server.KafkaRequestHandlerPool     : [data-plane Kafka Request Handler on Broker 0], shut down completely
2025-10-02T12:44:42.642+05:30  INFO 49057 --- [-kit-executor-4] perationPurgatory$ExpiredOperationReaper : [ExpirationReaper-0-AlterAcls]: Shutting down
2025-10-02T12:44:42.643+05:30  INFO 49057 --- [per-0-AlterAcls] perationPurgatory$ExpiredOperationReaper : [ExpirationReaper-0-AlterAcls]: Stopped
2025-10-02T12:44:42.643+05:30  INFO 49057 --- [-kit-executor-4] perationPurgatory$ExpiredOperationReaper : [ExpirationReaper-0-AlterAcls]: Shutdown completed
2025-10-02T12:44:42.643+05:30  INFO 49057 --- [-kit-executor-4] kafka.server.KafkaApis                   : [KafkaApi-0] Shutdown complete.
2025-10-02T12:44:42.644+05:30  INFO 49057 --- [-kit-executor-4] k.c.transaction.TransactionCoordinator   : [TransactionCoordinator id=0] Shutting down.
2025-10-02T12:44:42.644+05:30  INFO 49057 --- [-kit-executor-4] k.c.transaction.TransactionStateManager  : [Transaction State Manager 0]: Shutdown complete
2025-10-02T12:44:42.644+05:30  INFO 49057 --- [-kit-executor-4] k.c.t.TransactionMarkerChannelManager    : [TxnMarkerSenderThread-0]: Shutting down
2025-10-02T12:44:42.645+05:30  INFO 49057 --- [-kit-executor-4] k.c.t.TransactionMarkerChannelManager    : [TxnMarkerSenderThread-0]: Shutdown completed
2025-10-02T12:44:42.645+05:30  INFO 49057 --- [rSenderThread-0] k.c.t.TransactionMarkerChannelManager    : [TxnMarkerSenderThread-0]: Stopped
2025-10-02T12:44:42.646+05:30  INFO 49057 --- [-kit-executor-4] k.c.transaction.TransactionCoordinator   : [TransactionCoordinator id=0] Shutdown complete.
2025-10-02T12:44:42.646+05:30  INFO 49057 --- [-kit-executor-4] k.coordinator.group.GroupCoordinator     : [GroupCoordinator 0]: Shutting down.
2025-10-02T12:44:42.646+05:30  INFO 49057 --- [-kit-executor-4] perationPurgatory$ExpiredOperationReaper : [ExpirationReaper-0-Heartbeat]: Shutting down
2025-10-02T12:44:42.647+05:30  INFO 49057 --- [per-0-Heartbeat] perationPurgatory$ExpiredOperationReaper : [ExpirationReaper-0-Heartbeat]: Stopped
2025-10-02T12:44:42.647+05:30  INFO 49057 --- [-kit-executor-4] perationPurgatory$ExpiredOperationReaper : [ExpirationReaper-0-Heartbeat]: Shutdown completed
2025-10-02T12:44:42.647+05:30  INFO 49057 --- [-kit-executor-4] perationPurgatory$ExpiredOperationReaper : [ExpirationReaper-0-Rebalance]: Shutting down
2025-10-02T12:44:42.647+05:30  INFO 49057 --- [per-0-Rebalance] perationPurgatory$ExpiredOperationReaper : [ExpirationReaper-0-Rebalance]: Stopped
2025-10-02T12:44:42.647+05:30  INFO 49057 --- [-kit-executor-4] perationPurgatory$ExpiredOperationReaper : [ExpirationReaper-0-Rebalance]: Shutdown completed
2025-10-02T12:44:42.647+05:30  INFO 49057 --- [-kit-executor-4] k.coordinator.group.GroupCoordinator     : [GroupCoordinator 0]: Shutdown complete.
2025-10-02T12:44:42.647+05:30  INFO 49057 --- [-kit-executor-4] kafka.server.ReplicaManager              : [ReplicaManager broker=0] Shutting down
2025-10-02T12:44:42.648+05:30  INFO 49057 --- [-kit-executor-4] k.s.ReplicaManager$LogDirFailureHandler  : [LogDirFailureHandler]: Shutting down
2025-10-02T12:44:42.648+05:30  INFO 49057 --- [rFailureHandler] k.s.ReplicaManager$LogDirFailureHandler  : [LogDirFailureHandler]: Stopped
2025-10-02T12:44:42.648+05:30  INFO 49057 --- [-kit-executor-4] k.s.ReplicaManager$LogDirFailureHandler  : [LogDirFailureHandler]: Shutdown completed
2025-10-02T12:44:42.648+05:30  INFO 49057 --- [-kit-executor-4] kafka.server.ReplicaFetcherManager       : [ReplicaFetcherManager on broker 0] shutting down
2025-10-02T12:44:42.649+05:30  INFO 49057 --- [-kit-executor-4] kafka.server.ReplicaFetcherManager       : [ReplicaFetcherManager on broker 0] shutdown completed
2025-10-02T12:44:42.649+05:30  INFO 49057 --- [-kit-executor-4] k.server.ReplicaAlterLogDirsManager      : [ReplicaAlterLogDirsManager on broker 0] shutting down
2025-10-02T12:44:42.649+05:30  INFO 49057 --- [-kit-executor-4] k.server.ReplicaAlterLogDirsManager      : [ReplicaAlterLogDirsManager on broker 0] shutdown completed
2025-10-02T12:44:42.649+05:30  INFO 49057 --- [-kit-executor-4] perationPurgatory$ExpiredOperationReaper : [ExpirationReaper-0-Fetch]: Shutting down
2025-10-02T12:44:42.649+05:30  INFO 49057 --- [nReaper-0-Fetch] perationPurgatory$ExpiredOperationReaper : [ExpirationReaper-0-Fetch]: Stopped
2025-10-02T12:44:42.649+05:30  INFO 49057 --- [-kit-executor-4] perationPurgatory$ExpiredOperationReaper : [ExpirationReaper-0-Fetch]: Shutdown completed
2025-10-02T12:44:42.649+05:30  INFO 49057 --- [-kit-executor-4] perationPurgatory$ExpiredOperationReaper : [ExpirationReaper-0-RemoteFetch]: Shutting down
2025-10-02T12:44:42.649+05:30  INFO 49057 --- [r-0-RemoteFetch] perationPurgatory$ExpiredOperationReaper : [ExpirationReaper-0-RemoteFetch]: Stopped
2025-10-02T12:44:42.649+05:30  INFO 49057 --- [-kit-executor-4] perationPurgatory$ExpiredOperationReaper : [ExpirationReaper-0-RemoteFetch]: Shutdown completed
2025-10-02T12:44:42.649+05:30  INFO 49057 --- [-kit-executor-4] perationPurgatory$ExpiredOperationReaper : [ExpirationReaper-0-Produce]: Shutting down
2025-10-02T12:44:42.649+05:30  INFO 49057 --- [eaper-0-Produce] perationPurgatory$ExpiredOperationReaper : [ExpirationReaper-0-Produce]: Stopped
2025-10-02T12:44:42.649+05:30  INFO 49057 --- [-kit-executor-4] perationPurgatory$ExpiredOperationReaper : [ExpirationReaper-0-Produce]: Shutdown completed
2025-10-02T12:44:42.649+05:30  INFO 49057 --- [-kit-executor-4] perationPurgatory$ExpiredOperationReaper : [ExpirationReaper-0-DeleteRecords]: Shutting down
2025-10-02T12:44:42.649+05:30  INFO 49057 --- [0-DeleteRecords] perationPurgatory$ExpiredOperationReaper : [ExpirationReaper-0-DeleteRecords]: Stopped
2025-10-02T12:44:42.649+05:30  INFO 49057 --- [-kit-executor-4] perationPurgatory$ExpiredOperationReaper : [ExpirationReaper-0-DeleteRecords]: Shutdown completed
2025-10-02T12:44:42.649+05:30  INFO 49057 --- [-kit-executor-4] perationPurgatory$ExpiredOperationReaper : [ExpirationReaper-0-ElectLeader]: Shutting down
2025-10-02T12:44:42.650+05:30  INFO 49057 --- [r-0-ElectLeader] perationPurgatory$ExpiredOperationReaper : [ExpirationReaper-0-ElectLeader]: Stopped
2025-10-02T12:44:42.650+05:30  INFO 49057 --- [-kit-executor-4] perationPurgatory$ExpiredOperationReaper : [ExpirationReaper-0-ElectLeader]: Shutdown completed
2025-10-02T12:44:42.659+05:30  INFO 49057 --- [-kit-executor-4] kafka.server.AddPartitionsToTxnManager   : [AddPartitionsToTxnSenderThread-0]: Shutting down
2025-10-02T12:44:42.659+05:30  INFO 49057 --- [nSenderThread-0] kafka.server.AddPartitionsToTxnManager   : [AddPartitionsToTxnSenderThread-0]: Stopped
2025-10-02T12:44:42.659+05:30  INFO 49057 --- [-kit-executor-4] kafka.server.AddPartitionsToTxnManager   : [AddPartitionsToTxnSenderThread-0]: Shutdown completed
2025-10-02T12:44:42.659+05:30  INFO 49057 --- [-kit-executor-4] kafka.server.ReplicaManager              : [ReplicaManager broker=0] Shut down completely
2025-10-02T12:44:42.660+05:30  INFO 49057 --- [-kit-executor-4] k.s.BrokerToControllerRequestThread      : [broker-0-to-controller-alter-partition-channel-manager]: Shutting down
2025-10-02T12:44:42.660+05:30  INFO 49057 --- [channel-manager] k.s.BrokerToControllerRequestThread      : [broker-0-to-controller-alter-partition-channel-manager]: Stopped
2025-10-02T12:44:42.660+05:30  INFO 49057 --- [-kit-executor-4] k.s.BrokerToControllerRequestThread      : [broker-0-to-controller-alter-partition-channel-manager]: Shutdown completed
2025-10-02T12:44:42.660+05:30  INFO 49057 --- [-kit-executor-4] k.s.BrokerToControllerChannelManagerImpl : Broker to controller channel manager for alter-partition shutdown
2025-10-02T12:44:42.660+05:30  INFO 49057 --- [-kit-executor-4] k.s.BrokerToControllerRequestThread      : [broker-0-to-controller-forwarding-channel-manager]: Shutting down
2025-10-02T12:44:42.660+05:30  INFO 49057 --- [channel-manager] k.s.BrokerToControllerRequestThread      : [broker-0-to-controller-forwarding-channel-manager]: Stopped
2025-10-02T12:44:42.660+05:30  INFO 49057 --- [-kit-executor-4] k.s.BrokerToControllerRequestThread      : [broker-0-to-controller-forwarding-channel-manager]: Shutdown completed
2025-10-02T12:44:42.661+05:30  INFO 49057 --- [-kit-executor-4] k.s.BrokerToControllerChannelManagerImpl : Broker to controller channel manager for forwarding shutdown
2025-10-02T12:44:42.665+05:30  INFO 49057 --- [-kit-executor-4] kafka.log.LogManager                     : Shutting down.
2025-10-02T12:44:42.666+05:30  INFO 49057 --- [-kit-executor-4] kafka.log.LogCleaner                     : Shutting down the log cleaner.
2025-10-02T12:44:42.666+05:30  INFO 49057 --- [-kit-executor-4] kafka.log.LogCleaner$CleanerThread       : [kafka-log-cleaner-thread-0]: Shutting down
2025-10-02T12:44:42.667+05:30  INFO 49057 --- [-kit-executor-4] kafka.log.LogCleaner$CleanerThread       : [kafka-log-cleaner-thread-0]: Shutdown completed
2025-10-02T12:44:42.667+05:30  INFO 49057 --- [leaner-thread-0] kafka.log.LogCleaner$CleanerThread       : [kafka-log-cleaner-thread-0]: Stopped
2025-10-02T12:44:42.983+05:30  INFO 49057 --- [-kit-executor-4] kafka.log.LogManager                     : Shutdown complete.
2025-10-02T12:44:42.984+05:30  INFO 49057 --- [-kit-executor-4] lientQuotaManager$ThrottledChannelReaper : [broker-0-ThrottledChannelReaper-Fetch]: Shutting down
2025-10-02T12:44:42.985+05:30  INFO 49057 --- [nelReaper-Fetch] lientQuotaManager$ThrottledChannelReaper : [broker-0-ThrottledChannelReaper-Fetch]: Stopped
2025-10-02T12:44:42.985+05:30  INFO 49057 --- [-kit-executor-4] lientQuotaManager$ThrottledChannelReaper : [broker-0-ThrottledChannelReaper-Fetch]: Shutdown completed
2025-10-02T12:44:42.985+05:30  INFO 49057 --- [-kit-executor-4] lientQuotaManager$ThrottledChannelReaper : [broker-0-ThrottledChannelReaper-Produce]: Shutting down
2025-10-02T12:44:42.985+05:30  INFO 49057 --- [-kit-executor-4] lientQuotaManager$ThrottledChannelReaper : [broker-0-ThrottledChannelReaper-Produce]: Shutdown completed
2025-10-02T12:44:42.985+05:30  INFO 49057 --- [lReaper-Produce] lientQuotaManager$ThrottledChannelReaper : [broker-0-ThrottledChannelReaper-Produce]: Stopped
2025-10-02T12:44:42.985+05:30  INFO 49057 --- [-kit-executor-4] lientQuotaManager$ThrottledChannelReaper : [broker-0-ThrottledChannelReaper-Request]: Shutting down
2025-10-02T12:44:42.985+05:30  INFO 49057 --- [lReaper-Request] lientQuotaManager$ThrottledChannelReaper : [broker-0-ThrottledChannelReaper-Request]: Stopped
2025-10-02T12:44:42.985+05:30  INFO 49057 --- [-kit-executor-4] lientQuotaManager$ThrottledChannelReaper : [broker-0-ThrottledChannelReaper-Request]: Shutdown completed
2025-10-02T12:44:42.985+05:30  INFO 49057 --- [-kit-executor-4] lientQuotaManager$ThrottledChannelReaper : [broker-0-ThrottledChannelReaper-ControllerMutation]: Shutting down
2025-10-02T12:44:42.985+05:30  INFO 49057 --- [trollerMutation] lientQuotaManager$ThrottledChannelReaper : [broker-0-ThrottledChannelReaper-ControllerMutation]: Stopped
2025-10-02T12:44:42.985+05:30  INFO 49057 --- [-kit-executor-4] lientQuotaManager$ThrottledChannelReaper : [broker-0-ThrottledChannelReaper-ControllerMutation]: Shutdown completed
2025-10-02T12:44:42.985+05:30  INFO 49057 --- [-kit-executor-4] kafka.network.SocketServer               : [SocketServer listenerType=BROKER, nodeId=0] Shutting down socket server
2025-10-02T12:44:42.991+05:30  INFO 49057 --- [-kit-executor-4] kafka.network.SocketServer               : [SocketServer listenerType=BROKER, nodeId=0] Shutdown completed
2025-10-02T12:44:42.991+05:30  INFO 49057 --- [-kit-executor-4] kafka.server.BrokerTopicStats            : Broker and topic stats closed
2025-10-02T12:44:42.992+05:30  INFO 49057 --- [-kit-executor-4] kafka.server.BrokerServer                : [BrokerServer id=0] shut down completed
2025-10-02T12:44:42.992+05:30  INFO 49057 --- [-kit-executor-4] kafka.server.BrokerServer                : [BrokerServer id=0] Transition from SHUTTING_DOWN to SHUTDOWN
2025-10-02T12:44:42.992+05:30  INFO 49057 --- [-kit-executor-1] kafka.server.ControllerServer            : [ControllerServer id=0] shutting down
2025-10-02T12:44:42.992+05:30  INFO 49057 --- [-kit-executor-1] ExpirationService$ExpiredOperationReaper : [raft-expiration-reaper]: Shutting down
2025-10-02T12:44:43.113+05:30  INFO 49057 --- [-kit-executor-1] ExpirationService$ExpiredOperationReaper : [raft-expiration-reaper]: Shutdown completed
2025-10-02T12:44:43.113+05:30  INFO 49057 --- [piration-reaper] ExpirationService$ExpiredOperationReaper : [raft-expiration-reaper]: Stopped
2025-10-02T12:44:43.114+05:30  INFO 49057 --- [-kit-executor-1] k.raft.KafkaRaftManager$RaftIoThread     : [kafka-0-raft-io-thread]: Shutting down
2025-10-02T12:44:43.114+05:30  INFO 49057 --- [-raft-io-thread] k.raft.KafkaRaftManager$RaftIoThread     : [kafka-0-raft-io-thread]: Stopped
2025-10-02T12:44:43.115+05:30  INFO 49057 --- [-kit-executor-1] k.raft.KafkaRaftManager$RaftIoThread     : [kafka-0-raft-io-thread]: Completed graceful shutdown of RaftClient
2025-10-02T12:44:43.115+05:30  INFO 49057 --- [-kit-executor-1] k.raft.KafkaRaftManager$RaftIoThread     : [kafka-0-raft-io-thread]: Shutdown completed
2025-10-02T12:44:43.123+05:30  INFO 49057 --- [-kit-executor-1] kafka.raft.RaftSendThread                : [kafka-0-raft-outbound-request-thread]: Shutting down
2025-10-02T12:44:43.123+05:30  INFO 49057 --- [-request-thread] kafka.raft.RaftSendThread                : [kafka-0-raft-outbound-request-thread]: Stopped
2025-10-02T12:44:43.123+05:30  INFO 49057 --- [-kit-executor-1] kafka.raft.RaftSendThread                : [kafka-0-raft-outbound-request-thread]: Shutdown completed
2025-10-02T12:44:43.133+05:30  INFO 49057 --- [-kit-executor-1] kafka.network.SocketServer               : [SocketServer listenerType=CONTROLLER, nodeId=0] Stopping socket server request processors
2025-10-02T12:44:43.134+05:30  INFO 49057 --- [-kit-executor-1] kafka.network.SocketServer               : [SocketServer listenerType=CONTROLLER, nodeId=0] Stopped socket server request processors
2025-10-02T12:44:43.135+05:30  INFO 49057 --- [-kit-executor-1] kafka.network.SocketServer               : [SocketServer listenerType=CONTROLLER, nodeId=0] Shutting down socket server
2025-10-02T12:44:43.137+05:30  INFO 49057 --- [-kit-executor-1] kafka.network.SocketServer               : [SocketServer listenerType=CONTROLLER, nodeId=0] Shutdown completed
2025-10-02T12:44:43.137+05:30  INFO 49057 --- [-kit-executor-1] kafka.server.KafkaRequestHandlerPool     : [data-plane Kafka Request Handler on Broker 0], shutting down
2025-10-02T12:44:43.137+05:30  INFO 49057 --- [-kit-executor-1] kafka.server.KafkaRequestHandlerPool     : [data-plane Kafka Request Handler on Broker 0], shut down completely
2025-10-02T12:44:43.138+05:30  INFO 49057 --- [-kit-executor-1] perationPurgatory$ExpiredOperationReaper : [ExpirationReaper-0-AlterAcls]: Shutting down
2025-10-02T12:44:43.138+05:30  INFO 49057 --- [per-0-AlterAcls] perationPurgatory$ExpiredOperationReaper : [ExpirationReaper-0-AlterAcls]: Stopped
2025-10-02T12:44:43.138+05:30  INFO 49057 --- [-kit-executor-1] perationPurgatory$ExpiredOperationReaper : [ExpirationReaper-0-AlterAcls]: Shutdown completed
2025-10-02T12:44:43.138+05:30  INFO 49057 --- [-kit-executor-1] lientQuotaManager$ThrottledChannelReaper : [controller-0-ThrottledChannelReaper-Fetch]: Shutting down
2025-10-02T12:44:43.138+05:30  INFO 49057 --- [nelReaper-Fetch] lientQuotaManager$ThrottledChannelReaper : [controller-0-ThrottledChannelReaper-Fetch]: Stopped
2025-10-02T12:44:43.138+05:30  INFO 49057 --- [-kit-executor-1] lientQuotaManager$ThrottledChannelReaper : [controller-0-ThrottledChannelReaper-Fetch]: Shutdown completed
2025-10-02T12:44:43.138+05:30  INFO 49057 --- [-kit-executor-1] lientQuotaManager$ThrottledChannelReaper : [controller-0-ThrottledChannelReaper-Produce]: Shutting down
2025-10-02T12:44:43.138+05:30  INFO 49057 --- [lReaper-Produce] lientQuotaManager$ThrottledChannelReaper : [controller-0-ThrottledChannelReaper-Produce]: Stopped
2025-10-02T12:44:43.138+05:30  INFO 49057 --- [-kit-executor-1] lientQuotaManager$ThrottledChannelReaper : [controller-0-ThrottledChannelReaper-Produce]: Shutdown completed
2025-10-02T12:44:43.138+05:30  INFO 49057 --- [-kit-executor-1] lientQuotaManager$ThrottledChannelReaper : [controller-0-ThrottledChannelReaper-Request]: Shutting down
2025-10-02T12:44:43.138+05:30  INFO 49057 --- [lReaper-Request] lientQuotaManager$ThrottledChannelReaper : [controller-0-ThrottledChannelReaper-Request]: Stopped
2025-10-02T12:44:43.138+05:30  INFO 49057 --- [-kit-executor-1] lientQuotaManager$ThrottledChannelReaper : [controller-0-ThrottledChannelReaper-Request]: Shutdown completed
2025-10-02T12:44:43.138+05:30  INFO 49057 --- [-kit-executor-1] lientQuotaManager$ThrottledChannelReaper : [controller-0-ThrottledChannelReaper-ControllerMutation]: Shutting down
2025-10-02T12:44:43.138+05:30  INFO 49057 --- [trollerMutation] lientQuotaManager$ThrottledChannelReaper : [controller-0-ThrottledChannelReaper-ControllerMutation]: Stopped
2025-10-02T12:44:43.138+05:30  INFO 49057 --- [-kit-executor-1] lientQuotaManager$ThrottledChannelReaper : [controller-0-ThrottledChannelReaper-ControllerMutation]: Shutdown completed
2025-10-02T12:44:43.139+05:30  INFO 49057 --- [-kit-executor-1] kafka.server.SharedServer                : [SharedServer id=0] Stopping SharedServer
2025-10-02T12:44:43.168+05:30  INFO 49057 --- [           main] j.LocalContainerEntityManagerFactoryBean : Closing JPA EntityManagerFactory for persistence unit 'default'
2025-10-02T12:44:43.172+05:30  INFO 49057 --- [           main] com.zaxxer.hikari.HikariDataSource       : HikariPool-1 - Shutdown initiated...
2025-10-02T12:44:43.173+05:30  INFO 49057 --- [           main] com.zaxxer.hikari.HikariDataSource       : HikariPool-1 - Shutdown completed.
[INFO] Tests run: 1, Failures: 0, Errors: 0, Skipped: 0, Time elapsed: 8.661 s -- in com.jpmc.midascore.TaskFiveTests
[INFO] 
[INFO] Results:
[INFO] 
[INFO] Tests run: 1, Failures: 0, Errors: 0, Skipped: 0
[INFO] 
[INFO] ------------------------------------------------------------------------
[INFO] BUILD SUCCESS
[INFO] ------------------------------------------------------------------------
[INFO] Total time:  10.722 s
[INFO] Finished at: 2025-10-02T12:44:43+05:30
[INFO] ------------------------------------------------------------------------
